Archive member included because of file (symbol)

c:/program files (x86)/atmel/studio/7.0/toolchain/arm/arm-gnu-toolchain/bin/../lib/gcc/arm-none-eabi/4.9.3/../../../../arm-none-eabi/lib/cortex-m7\libc.a(lib_a-ctype_.o)
                              src/main.o (__ctype_ptr__)
c:/program files (x86)/atmel/studio/7.0/toolchain/arm/arm-gnu-toolchain/bin/../lib/gcc/arm-none-eabi/4.9.3/../../../../arm-none-eabi/lib/cortex-m7\libc.a(lib_a-exit.o)
                              c:/program files (x86)/atmel/studio/7.0/toolchain/arm/arm-gnu-toolchain/bin/../lib/gcc/arm-none-eabi/4.9.3/../../../../arm-none-eabi/lib/cortex-m7/crt0.o (exit)
c:/program files (x86)/atmel/studio/7.0/toolchain/arm/arm-gnu-toolchain/bin/../lib/gcc/arm-none-eabi/4.9.3/../../../../arm-none-eabi/lib/cortex-m7\libc.a(lib_a-impure.o)
                              c:/program files (x86)/atmel/studio/7.0/toolchain/arm/arm-gnu-toolchain/bin/../lib/gcc/arm-none-eabi/4.9.3/../../../../arm-none-eabi/lib/cortex-m7\libc.a(lib_a-exit.o) (_global_impure_ptr)
c:/program files (x86)/atmel/studio/7.0/toolchain/arm/arm-gnu-toolchain/bin/../lib/gcc/arm-none-eabi/4.9.3/../../../../arm-none-eabi/lib/cortex-m7\libc.a(lib_a-init.o)
                              c:/program files (x86)/atmel/studio/7.0/toolchain/arm/arm-gnu-toolchain/bin/../lib/gcc/arm-none-eabi/4.9.3/../../../../arm-none-eabi/lib/cortex-m7/crt0.o (__libc_init_array)
c:/program files (x86)/atmel/studio/7.0/toolchain/arm/arm-gnu-toolchain/bin/../lib/gcc/arm-none-eabi/4.9.3/../../../../arm-none-eabi/lib/cortex-m7\libc.a(lib_a-iprintf.o)
                              src/ASF/sam/utils/syscalls/gcc/syscalls.o (iprintf)
c:/program files (x86)/atmel/studio/7.0/toolchain/arm/arm-gnu-toolchain/bin/../lib/gcc/arm-none-eabi/4.9.3/../../../../arm-none-eabi/lib/cortex-m7\libc.a(lib_a-memset.o)
                              c:/program files (x86)/atmel/studio/7.0/toolchain/arm/arm-gnu-toolchain/bin/../lib/gcc/arm-none-eabi/4.9.3/../../../../arm-none-eabi/lib/cortex-m7/crt0.o (memset)
c:/program files (x86)/atmel/studio/7.0/toolchain/arm/arm-gnu-toolchain/bin/../lib/gcc/arm-none-eabi/4.9.3/../../../../arm-none-eabi/lib/cortex-m7\libc.a(lib_a-puts.o)
                              src/usart_rs485_example_canopus.o (puts)
c:/program files (x86)/atmel/studio/7.0/toolchain/arm/arm-gnu-toolchain/bin/../lib/gcc/arm-none-eabi/4.9.3/../../../../arm-none-eabi/lib/cortex-m7\libc.a(lib_a-setbuf.o)
                              src/usart_rs485_example_canopus.o (setbuf)
c:/program files (x86)/atmel/studio/7.0/toolchain/arm/arm-gnu-toolchain/bin/../lib/gcc/arm-none-eabi/4.9.3/../../../../arm-none-eabi/lib/cortex-m7\libc.a(lib_a-setvbuf.o)
                              c:/program files (x86)/atmel/studio/7.0/toolchain/arm/arm-gnu-toolchain/bin/../lib/gcc/arm-none-eabi/4.9.3/../../../../arm-none-eabi/lib/cortex-m7\libc.a(lib_a-setbuf.o) (setvbuf)
c:/program files (x86)/atmel/studio/7.0/toolchain/arm/arm-gnu-toolchain/bin/../lib/gcc/arm-none-eabi/4.9.3/../../../../arm-none-eabi/lib/cortex-m7\libc.a(lib_a-sprintf.o)
                              src/pca9952.o (sprintf)
c:/program files (x86)/atmel/studio/7.0/toolchain/arm/arm-gnu-toolchain/bin/../lib/gcc/arm-none-eabi/4.9.3/../../../../arm-none-eabi/lib/cortex-m7\libc.a(lib_a-strlen.o)
                              src/ec_print_funcs.o (strlen)
c:/program files (x86)/atmel/studio/7.0/toolchain/arm/arm-gnu-toolchain/bin/../lib/gcc/arm-none-eabi/4.9.3/../../../../arm-none-eabi/lib/cortex-m7\libc.a(lib_a-strncpy.o)
                              src/main.o (strncpy)
c:/program files (x86)/atmel/studio/7.0/toolchain/arm/arm-gnu-toolchain/bin/../lib/gcc/arm-none-eabi/4.9.3/../../../../arm-none-eabi/lib/cortex-m7\libc.a(lib_a-svfprintf.o)
                              c:/program files (x86)/atmel/studio/7.0/toolchain/arm/arm-gnu-toolchain/bin/../lib/gcc/arm-none-eabi/4.9.3/../../../../arm-none-eabi/lib/cortex-m7\libc.a(lib_a-sprintf.o) (_svfprintf_r)
c:/program files (x86)/atmel/studio/7.0/toolchain/arm/arm-gnu-toolchain/bin/../lib/gcc/arm-none-eabi/4.9.3/../../../../arm-none-eabi/lib/cortex-m7\libc.a(lib_a-vfiprintf.o)
                              c:/program files (x86)/atmel/studio/7.0/toolchain/arm/arm-gnu-toolchain/bin/../lib/gcc/arm-none-eabi/4.9.3/../../../../arm-none-eabi/lib/cortex-m7\libc.a(lib_a-iprintf.o) (_vfiprintf_r)
c:/program files (x86)/atmel/studio/7.0/toolchain/arm/arm-gnu-toolchain/bin/../lib/gcc/arm-none-eabi/4.9.3/../../../../arm-none-eabi/lib/cortex-m7\libc.a(lib_a-wbuf.o)
                              src/main.o (__swbuf_r)
c:/program files (x86)/atmel/studio/7.0/toolchain/arm/arm-gnu-toolchain/bin/../lib/gcc/arm-none-eabi/4.9.3/../../../../arm-none-eabi/lib/cortex-m7\libc.a(lib_a-wsetup.o)
                              c:/program files (x86)/atmel/studio/7.0/toolchain/arm/arm-gnu-toolchain/bin/../lib/gcc/arm-none-eabi/4.9.3/../../../../arm-none-eabi/lib/cortex-m7\libc.a(lib_a-vfiprintf.o) (__swsetup_r)
[...]
Memory Configuration

Name             Origin             Length             Attributes
rom              0x00400000         0x00200000         xr
ram              0x20400000         0x00060000         xrw
*default*        0x00000000         0xffffffff

Linker script and memory map

LOAD c:/program files (x86)/atmel/studio/7.0/toolchain/arm/arm-gnu-toolchain/bin/../lib/gcc/arm-none-eabi/4.9.3/cortex-m7/crti.o
LOAD c:/program files (x86)/atmel/studio/7.0/toolchain/arm/arm-gnu-toolchain/bin/../lib/gcc/arm-none-eabi/4.9.3/cortex-m7/crtbegin.o
LOAD c:/program files (x86)/atmel/studio/7.0/toolchain/arm/arm-gnu-toolchain/bin/../lib/gcc/arm-none-eabi/4.9.3/../../../../arm-none-eabi/lib/cortex-m7/crt0.o
LOAD src/ASF/common/services/clock/same70/sysclk.o
LOAD src/ASF/common/services/serial/usart_serial.o
LOAD src/ASF/common/services/sleepmgr/sam/sleepmgr.o
LOAD src/ASF/common/utils/interrupt/interrupt_sam_nvic.o
LOAD src/ASF/common/utils/stdio/read.o
LOAD src/ASF/common/utils/stdio/write.o
LOAD src/ASF/sam/boards/same70_xplained/init.o
LOAD src/ASF/sam/drivers/afec/afec.o
LOAD src/ASF/sam/drivers/mpu/mpu.o
LOAD src/ASF/sam/drivers/pio/pio.o
LOAD src/ASF/sam/drivers/pio/pio_handler.o
LOAD src/ASF/sam/drivers/pmc/pmc.o
LOAD src/ASF/sam/drivers/pmc/sleep.o
LOAD src/ASF/sam/drivers/pwm/pwm.o
LOAD src/ASF/sam/drivers/tc/tc.o
LOAD src/ASF/sam/drivers/twihs/twihs.o
LOAD src/ASF/sam/drivers/uart/uart.o
LOAD src/ASF/sam/drivers/usart/usart.o
LOAD src/ASF/sam/utils/cmsis/same70/source/templates/gcc/startup_same70.o
LOAD src/ASF/sam/utils/cmsis/same70/source/templates/system_same70.o
LOAD src/ASF/sam/utils/syscalls/gcc/syscalls.o
LOAD src/ec_print_funcs.o
LOAD src/pca9952.o
LOAD src/serial_id_ds2411.o
LOAD src/timer.o
LOAD src/usart_rs485_example_canopus.o
LOAD src/main.o
START GROUP
LOAD ../src/ASF/thirdparty/CMSIS/Lib/GCC\libarm_cortexM7lfsp_math_softfp.a
LOAD c:/program files (x86)/atmel/studio/7.0/toolchain/arm/arm-gnu-toolchain/bin/../lib/gcc/arm-none-eabi/4.9.3/../../../../arm-none-eabi/lib/cortex-m7\libm.a
END GROUP
START GROUP
LOAD c:/program files (x86)/atmel/studio/7.0/toolchain/arm/arm-gnu-toolchain/bin/../lib/gcc/arm-none-eabi/4.9.3/cortex-m7\libgcc.a
LOAD c:/program files (x86)/atmel/studio/7.0/toolchain/arm/arm-gnu-toolchain/bin/../lib/gcc/arm-none-eabi/4.9.3/../../../../arm-none-eabi/lib/cortex-m7\libc.a
END GROUP
LOAD c:/program files (x86)/atmel/studio/7.0/toolchain/arm/arm-gnu-toolchain/bin/../lib/gcc/arm-none-eabi/4.9.3/cortex-m7/crtend.o
LOAD c:/program files (x86)/atmel/studio/7.0/toolchain/arm/arm-gnu-toolchain/bin/../lib/gcc/arm-none-eabi/4.9.3/cortex-m7/crtn.o
                0x00002000                STACK_SIZE = DEFINED (STACK_SIZE)?STACK_SIZE:0x2000
                0x2045fffc                __ram_end__ = ((ORIGIN (ram) + 0x60000) - 0x4)
                0x00000200                HEAP_SIZE = DEFINED (HEAP_SIZE)?HEAP_SIZE:0x200

.text           0x00400000     0xda34
                0x00400000                . = ALIGN (0x4)
                0x00400000                _sfixed = .
 *(.vectors .vectors.*)
 .vectors       0x00400000      0x140 src/ASF/sam/utils/cmsis/same70/source/templates/gcc/startup_same70.o
                0x00400000                exception_table
 *(.text .text.* .gnu.linkonce.t.*)
 .text          0x00400140       0x5c c:/program files (x86)/atmel/studio/7.0/toolchain/arm/arm-gnu-toolchain/bin/../lib/gcc/arm-none-eabi/4.9.3/cortex-m7/crtbegin.o
 .text.osc_enable
                0x0040019c       0x84 src/ASF/common/services/clock/same70/sysclk.o
 .text.osc_is_ready
                0x00400220       0x70 src/ASF/common/services/clock/same70/sysclk.o
 .text.osc_get_rate
                0x00400290       0x78 src/ASF/common/services/clock/same70/sysclk.o
 .text.osc_wait_ready
                0x00400308       0x2c src/ASF/common/services/clock/same70/sysclk.o
 .text.pll_config_init
                0x00400334       0x68 src/ASF/common/services/clock/same70/sysclk.o
 .text.pll_enable
                0x0040039c       0x3c src/ASF/common/services/clock/same70/sysclk.o
 .text.pll_is_locked
                0x004003d8       0x2c src/ASF/common/services/clock/same70/sysclk.o
 .text.pll_enable_source
                0x00400404       0x34 src/ASF/common/services/clock/same70/sysclk.o
 .text.pll_wait_for_lock
                0x00400438       0x24 src/ASF/common/services/clock/same70/sysclk.o
 .text.sysclk_get_main_hz
                0x0040045c       0x20 src/ASF/common/services/clock/same70/sysclk.o
 .text.sysclk_get_cpu_hz
                0x0040047c       0x14 src/ASF/common/services/clock/same70/sysclk.o
 .text.sysclk_init
                0x00400490       0x7c src/ASF/common/services/clock/same70/sysclk.o
                0x00400490                sysclk_init
 .text._read    0x0040050c       0x58 src/ASF/common/utils/stdio/read.o
                0x0040050c                _read
 .text._write   0x00400564       0x70 src/ASF/common/utils/stdio/write.o
                0x00400564                _write
 .text.sysclk_enable_peripheral_clock
                0x004005d4       0x18 src/ASF/sam/boards/same70_xplained/init.o
 .text.ioport_init
                0x004005ec       0x28 src/ASF/sam/boards/same70_xplained/init.o
 .text.ioport_disable_pin
                0x00400614       0x48 src/ASF/sam/boards/same70_xplained/init.o
 .text.ioport_disable_port
                0x0040065c       0x34 src/ASF/sam/boards/same70_xplained/init.o
 .text.ioport_set_port_mode
                0x00400690      0x100 src/ASF/sam/boards/same70_xplained/init.o
 .text.ioport_set_pin_mode
                0x00400790      0x11c src/ASF/sam/boards/same70_xplained/init.o
 .text.ioport_set_pin_dir
                0x004008ac       0x88 src/ASF/sam/boards/same70_xplained/init.o
 .text.ioport_set_pin_level
                0x00400934       0x6c src/ASF/sam/boards/same70_xplained/init.o
 .text.ioport_set_pin_sense_mode
                0x004009a0       0xcc src/ASF/sam/boards/same70_xplained/init.o
 .text.board_init
                0x00400a6c      0x118 src/ASF/sam/boards/same70_xplained/init.o
                0x00400a6c                board_init
 .text.NVIC_EnableIRQ
                0x00400b84       0x30 src/ASF/sam/drivers/afec/afec.o
 .text.NVIC_ClearPendingIRQ
                0x00400bb4       0x34 src/ASF/sam/drivers/afec/afec.o
 .text.NVIC_SetPriority
                0x00400be8       0x54 src/ASF/sam/drivers/afec/afec.o
 .text.cpu_irq_save
                0x00400c3c       0x38 src/ASF/sam/drivers/afec/afec.o
 .text.cpu_irq_is_enabled_flags
                0x00400c74       0x20 src/ASF/sam/drivers/afec/afec.o
 .text.cpu_irq_restore
                0x00400c94       0x30 src/ASF/sam/drivers/afec/afec.o
 .text.afec_ch_sanity_check
                0x00400cc4       0x18 src/ASF/sam/drivers/afec/afec.o
 .text.afec_get_interrupt_status
                0x00400cdc       0x18 src/ASF/sam/drivers/afec/afec.o
 .text.sleepmgr_lock_mode
                0x00400cf4       0x44 src/ASF/sam/drivers/afec/afec.o
 .text.osc_get_rate
                0x00400d38       0x78 src/ASF/sam/drivers/afec/afec.o
 .text.sysclk_get_main_hz
                0x00400db0       0x20 src/ASF/sam/drivers/afec/afec.o
 .text.sysclk_get_cpu_hz
                0x00400dd0       0x14 src/ASF/sam/drivers/afec/afec.o
 .text.afec_find_inst_num
                0x00400de4       0x38 src/ASF/sam/drivers/afec/afec.o
 .text.afec_find_pid
                0x00400e1c       0x38 src/ASF/sam/drivers/afec/afec.o
 .text.afec_set_config
                0x00400e54       0xa8 src/ASF/sam/drivers/afec/afec.o
 .text.afec_ch_set_config
                0x00400efc       0x90 src/ASF/sam/drivers/afec/afec.o
                0x00400efc                afec_ch_set_config
 .text.afec_get_config_defaults
                0x00400f8c       0x60 src/ASF/sam/drivers/afec/afec.o
                0x00400f8c                afec_get_config_defaults
 .text.afec_ch_get_config_defaults
                0x00400fec       0x20 src/ASF/sam/drivers/afec/afec.o
                0x00400fec                afec_ch_get_config_defaults
 .text.afec_init
                0x0040100c       0x78 src/ASF/sam/drivers/afec/afec.o
                0x0040100c                afec_init
 .text.afec_set_callback
                0x00401084       0x88 src/ASF/sam/drivers/afec/afec.o
                0x00401084                afec_set_callback
 .text.afec_enable_interrupt
                0x0040110c       0x78 src/ASF/sam/drivers/afec/afec.o
                0x0040110c                afec_enable_interrupt
 .text.afec_interrupt
                0x00401184       0x38 src/ASF/sam/drivers/afec/afec.o
 .text.afec_process_callback
                0x004011bc       0xac src/ASF/sam/drivers/afec/afec.o
 .text.AFEC0_Handler
                0x00401268       0x14 src/ASF/sam/drivers/afec/afec.o
                0x00401268                AFEC0_Handler
 .text.AFEC1_Handler
                0x0040127c       0x14 src/ASF/sam/drivers/afec/afec.o
                0x0040127c                AFEC1_Handler
 .text.afec_enable
                0x00401290       0x30 src/ASF/sam/drivers/afec/afec.o
                0x00401290                afec_enable
 .text.pio_get_interrupt_status
                0x004012c0       0x18 src/ASF/sam/drivers/pio/pio.o
                0x004012c0                pio_get_interrupt_status
 .text.pio_get_interrupt_mask
                0x004012d8       0x18 src/ASF/sam/drivers/pio/pio.o
                0x004012d8                pio_get_interrupt_mask
 .text.pio_handler_process
                0x004012f0       0xac src/ASF/sam/drivers/pio/pio_handler.o
                0x004012f0                pio_handler_process
 .text.PIOA_Handler
                0x0040139c       0x18 src/ASF/sam/drivers/pio/pio_handler.o
                0x0040139c                PIOA_Handler
 .text.PIOB_Handler
                0x004013b4       0x18 src/ASF/sam/drivers/pio/pio_handler.o
                0x004013b4                PIOB_Handler
 .text.PIOC_Handler
                0x004013cc       0x18 src/ASF/sam/drivers/pio/pio_handler.o
                0x004013cc                PIOC_Handler
 .text.PIOD_Handler
                0x004013e4       0x18 src/ASF/sam/drivers/pio/pio_handler.o
                0x004013e4                PIOD_Handler
 .text.PIOE_Handler
                0x004013fc       0x18 src/ASF/sam/drivers/pio/pio_handler.o
                0x004013fc                PIOE_Handler
 .text.pmc_mck_set_division
                0x00401414       0x78 src/ASF/sam/drivers/pmc/pmc.o
                0x00401414                pmc_mck_set_division
 .text.pmc_switch_mck_to_pllack
                0x0040148c       0x84 src/ASF/sam/drivers/pmc/pmc.o
                0x0040148c                pmc_switch_mck_to_pllack
 .text.pmc_switch_sclk_to_32kxtal
                0x00401510       0x38 src/ASF/sam/drivers/pmc/pmc.o
                0x00401510                pmc_switch_sclk_to_32kxtal
 .text.pmc_osc_is_ready_32kxtal
                0x00401548       0x34 src/ASF/sam/drivers/pmc/pmc.o
                0x00401548                pmc_osc_is_ready_32kxtal
 .text.pmc_switch_mainck_to_fastrc
                0x0040157c       0x70 src/ASF/sam/drivers/pmc/pmc.o
                0x0040157c                pmc_switch_mainck_to_fastrc
 .text.pmc_switch_mainck_to_xtal
                0x004015ec       0x78 src/ASF/sam/drivers/pmc/pmc.o
                0x004015ec                pmc_switch_mainck_to_xtal
 .text.pmc_osc_is_ready_mainck
                0x00401664       0x1c src/ASF/sam/drivers/pmc/pmc.o
                0x00401664                pmc_osc_is_ready_mainck
 .text.pmc_disable_pllack
                0x00401680       0x18 src/ASF/sam/drivers/pmc/pmc.o
                0x00401680                pmc_disable_pllack
 .text.pmc_is_locked_pllack
                0x00401698       0x1c src/ASF/sam/drivers/pmc/pmc.o
                0x00401698                pmc_is_locked_pllack
 .text.pmc_is_locked_upll
                0x004016b4       0x1c src/ASF/sam/drivers/pmc/pmc.o
                0x004016b4                pmc_is_locked_upll
 .text.pmc_enable_periph_clk
                0x004016d0       0x84 src/ASF/sam/drivers/pmc/pmc.o
                0x004016d0                pmc_enable_periph_clk
 .text.pwm_clocks_generate
                0x00401754       0x7c src/ASF/sam/drivers/pwm/pwm.o
 .text.pwm_init
                0x004017d0       0x80 src/ASF/sam/drivers/pwm/pwm.o
                0x004017d0                pwm_init
 .text.pwm_channel_init
                0x00401850      0x2e8 src/ASF/sam/drivers/pwm/pwm.o
                0x00401850                pwm_channel_init
 .text.pwm_channel_update_duty
                0x00401b38       0x48 src/ASF/sam/drivers/pwm/pwm.o
                0x00401b38                pwm_channel_update_duty
 .text.pwm_channel_enable
                0x00401b80       0x24 src/ASF/sam/drivers/pwm/pwm.o
                0x00401b80                pwm_channel_enable
 .text.pwm_channel_disable
                0x00401ba4       0x24 src/ASF/sam/drivers/pwm/pwm.o
                0x00401ba4                pwm_channel_disable
 .text.pwm_channel_get_interrupt_status
                0x00401bc8       0x18 src/ASF/sam/drivers/pwm/pwm.o
                0x00401bc8                pwm_channel_get_interrupt_status
 .text.pwm_channel_enable_interrupt
                0x00401be0       0x30 src/ASF/sam/drivers/pwm/pwm.o
                0x00401be0                pwm_channel_enable_interrupt
 .text.pwm_channel_disable_interrupt
                0x00401c10       0x30 src/ASF/sam/drivers/pwm/pwm.o
                0x00401c10                pwm_channel_disable_interrupt
 .text.twihs_enable_master_mode
                0x00401c40       0x24 src/ASF/sam/drivers/twihs/twihs.o
                0x00401c40                twihs_enable_master_mode
 .text.twihs_master_init
                0x00401c64       0x58 src/ASF/sam/drivers/twihs/twihs.o
                0x00401c64                twihs_master_init
 .text.twihs_set_speed
                0x00401cbc       0x70 src/ASF/sam/drivers/twihs/twihs.o
                0x00401cbc                twihs_set_speed
 .text.twihs_mk_addr
                0x00401d2c       0x5c src/ASF/sam/drivers/twihs/twihs.o
 .text.twihs_master_read
                0x00401d88       0xe8 src/ASF/sam/drivers/twihs/twihs.o
                0x00401d88                twihs_master_read
 .text.twihs_master_write
                0x00401e70       0xdc src/ASF/sam/drivers/twihs/twihs.o
                0x00401e70                twihs_master_write
 .text.twihs_reset
                0x00401f4c       0x1c src/ASF/sam/drivers/twihs/twihs.o
                0x00401f4c                twihs_reset
 .text.uart_init
                0x00401f68       0x58 src/ASF/sam/drivers/uart/uart.o
                0x00401f68                uart_init
 .text.uart_write
                0x00401fc0       0x30 src/ASF/sam/drivers/uart/uart.o
                0x00401fc0                uart_write
 .text.uart_read
                0x00401ff0       0x34 src/ASF/sam/drivers/uart/uart.o
                0x00401ff0                uart_read
 .text.usart_set_async_baudrate
                0x00402024       0x8c src/ASF/sam/drivers/usart/usart.o
                0x00402024                usart_set_async_baudrate
 .text.usart_reset
                0x004020b0       0x54 src/ASF/sam/drivers/usart/usart.o
                0x004020b0                usart_reset
 .text.usart_init_rs232
                0x00402104       0x84 src/ASF/sam/drivers/usart/usart.o
                0x00402104                usart_init_rs232
 .text.usart_enable_tx
                0x00402188       0x18 src/ASF/sam/drivers/usart/usart.o
                0x00402188                usart_enable_tx
 .text.usart_reset_tx
                0x004021a0       0x18 src/ASF/sam/drivers/usart/usart.o
                0x004021a0                usart_reset_tx
 .text.usart_set_tx_timeguard
                0x004021b8       0x1c src/ASF/sam/drivers/usart/usart.o
                0x004021b8                usart_set_tx_timeguard
 .text.usart_enable_rx
                0x004021d4       0x18 src/ASF/sam/drivers/usart/usart.o
                0x004021d4                usart_enable_rx
 .text.usart_reset_rx
                0x004021ec       0x18 src/ASF/sam/drivers/usart/usart.o
                0x004021ec                usart_reset_rx
 .text.usart_enable_interrupt
                0x00402204       0x1c src/ASF/sam/drivers/usart/usart.o
                0x00402204                usart_enable_interrupt
 .text.usart_disable_interrupt
                0x00402220       0x1c src/ASF/sam/drivers/usart/usart.o
                0x00402220                usart_disable_interrupt
 .text.usart_get_status
                0x0040223c       0x18 src/ASF/sam/drivers/usart/usart.o
                0x0040223c                usart_get_status
 .text.usart_reset_status
                0x00402254       0x1c src/ASF/sam/drivers/usart/usart.o
                0x00402254                usart_reset_status
 .text.usart_drive_RTS_pin_high
                0x00402270       0x1c src/ASF/sam/drivers/usart/usart.o
                0x00402270                usart_drive_RTS_pin_high
 .text.usart_is_tx_empty
                0x0040228c       0x28 src/ASF/sam/drivers/usart/usart.o
                0x0040228c                usart_is_tx_empty
 .text.usart_is_rx_ready
                0x004022b4       0x28 src/ASF/sam/drivers/usart/usart.o
                0x004022b4                usart_is_rx_ready
 .text.usart_write
                0x004022dc       0x34 src/ASF/sam/drivers/usart/usart.o
                0x004022dc                usart_write
 .text.usart_read
                0x00402310       0x34 src/ASF/sam/drivers/usart/usart.o
                0x00402310                usart_read
 .text.usart_disable_writeprotect
                0x00402344       0x20 src/ASF/sam/drivers/usart/usart.o
                0x00402344                usart_disable_writeprotect
 .text.Reset_Handler
                0x00402364       0x84 src/ASF/sam/utils/cmsis/same70/source/templates/gcc/startup_same70.o
                0x00402364                Reset_Handler
 .text.Dummy_Handler
                0x004023e8        0x8 src/ASF/sam/utils/cmsis/same70/source/templates/gcc/startup_same70.o
                0x004023e8                DACC_Handler
                0x004023e8                DebugMon_Handler
                0x004023e8                UART3_Handler
                0x004023e8                UART2_Handler
                0x004023e8                TRNG_Handler
                0x004023e8                HardFault_Handler
                0x004023e8                TC2_Handler
                0x004023e8                PendSV_Handler
                0x004023e8                NMI_Handler
                0x004023e8                TC7_Handler
                0x004023e8                QSPI_Handler
                0x004023e8                ISI_Handler
                0x004023e8                TC9_Handler
                0x004023e8                RSWDT_Handler
                0x004023e8                MCAN1_Handler
                0x004023e8                RTT_Handler
                0x004023e8                USBHS_Handler
                0x004023e8                RTC_Handler
                0x004023e8                UsageFault_Handler
                0x004023e8                TC6_Handler
                0x004023e8                WDT_Handler
                0x004023e8                TC4_Handler
                0x004023e8                TC1_Handler
                0x004023e8                HSMCI_Handler
                0x004023e8                UART1_Handler
                0x004023e8                TC3_Handler
                0x004023e8                Dummy_Handler
                0x004023e8                TWIHS1_Handler
                0x004023e8                XDMAC_Handler
                0x004023e8                UART4_Handler
                0x004023e8                PWM1_Handler
                0x004023e8                USART1_Handler
                0x004023e8                TC11_Handler
                0x004023e8                SSC_Handler
                0x004023e8                ACC_Handler
                0x004023e8                PMC_Handler
                0x004023e8                GMAC_Handler
                0x004023e8                MemManage_Handler
                0x004023e8                SUPC_Handler
                0x004023e8                SVC_Handler
                0x004023e8                TC8_Handler
                0x004023e8                EFC_Handler
                0x004023e8                USART2_Handler
                0x004023e8                SDRAMC_Handler
                0x004023e8                SPI1_Handler
                0x004023e8                MCAN0_Handler
                0x004023e8                TC10_Handler
                0x004023e8                TWIHS2_Handler
                0x004023e8                UART0_Handler
                0x004023e8                BusFault_Handler
                0x004023e8                RSTC_Handler
                0x004023e8                TC0_Handler
                0x004023e8                TC5_Handler
                0x004023e8                AES_Handler
                0x004023e8                ICM_Handler
                0x004023e8                TWIHS0_Handler
                0x004023e8                SPI0_Handler
 .text.SystemCoreClockUpdate
                0x004023f0      0x168 src/ASF/sam/utils/cmsis/same70/source/templates/system_same70.o
                0x004023f0                SystemCoreClockUpdate
 .text.system_init_flash
                0x00402558       0x94 src/ASF/sam/utils/cmsis/same70/source/templates/system_same70.o
                0x00402558                system_init_flash
 .text._sbrk    0x004025ec       0x58 src/ASF/sam/utils/syscalls/gcc/syscalls.o
                0x004025ec                _sbrk
 .text._close   0x00402644       0x18 src/ASF/sam/utils/syscalls/gcc/syscalls.o
                0x00402644                _close
 .text._fstat   0x0040265c       0x20 src/ASF/sam/utils/syscalls/gcc/syscalls.o
                0x0040265c                _fstat
 .text._isatty  0x0040267c       0x18 src/ASF/sam/utils/syscalls/gcc/syscalls.o
                0x0040267c                _isatty
 .text._lseek   0x00402694       0x1c src/ASF/sam/utils/syscalls/gcc/syscalls.o
                0x00402694                _lseek
 .text.print_ecdbg
                0x004026b0       0x28 src/ec_print_funcs.o
                0x004026b0                print_ecdbg
 .text.PCA9952_write_reg
                0x004026d8       0x70 src/pca9952.o
                0x004026d8                PCA9952_write_reg
 .text.PCA9952_read_reg
                0x00402748       0x94 src/pca9952.o
                0x00402748                PCA9952_read_reg
 .text.PCA9952_init
                0x004027dc      0x140 src/pca9952.o
                0x004027dc                PCA9952_init
 .text.PCA9952_channel
                0x0040291c      0x128 src/pca9952.o
                0x0040291c                PCA9952_channel
 .text.led_shelf
                0x00402a44      0x134 src/pca9952.o
                0x00402a44                led_shelf
 .text.ioport_set_pin_dir
                0x00402b78       0x88 src/serial_id_ds2411.o
 .text.ioport_set_pin_level
                0x00402c00       0x6c src/serial_id_ds2411.o
 .text.ioport_get_pin_level
                0x00402c6c       0x50 src/serial_id_ds2411.o
 .text.udelay   0x00402cbc       0xf0 src/serial_id_ds2411.o
                0x00402cbc                udelay
 .text.io_pin   0x00402dac       0x50 src/serial_id_ds2411.o
                0x00402dac                io_pin
 .text.drive_DQ_low
                0x00402dfc       0x3c src/serial_id_ds2411.o
                0x00402dfc                drive_DQ_low
 .text.release_the_bus
                0x00402e38       0x30 src/serial_id_ds2411.o
                0x00402e38                release_the_bus
 .text.gpio_input
                0x00402e68       0x30 src/serial_id_ds2411.o
                0x00402e68                gpio_input
 .text.sample_line
                0x00402e98       0x34 src/serial_id_ds2411.o
                0x00402e98                sample_line
 .text.SetSpeed
                0x00402ecc       0xbc src/serial_id_ds2411.o
                0x00402ecc                SetSpeed
 .text.OWTouchReset
                0x00402f88       0x8c src/serial_id_ds2411.o
                0x00402f88                OWTouchReset
 .text.drive_DQ_low_and_release_the_bus
                0x00403014       0x58 src/serial_id_ds2411.o
                0x00403014                drive_DQ_low_and_release_the_bus
 .text.OWWriteBit
                0x0040306c       0x6c src/serial_id_ds2411.o
                0x0040306c                OWWriteBit
 .text.OWReadBit
                0x004030d8       0x50 src/serial_id_ds2411.o
                0x004030d8                OWReadBit
 .text.OWWriteByte
                0x00403128       0x40 src/serial_id_ds2411.o
                0x00403128                OWWriteByte
 .text.OWReadByte
                0x00403168       0x4c src/serial_id_ds2411.o
                0x00403168                OWReadByte
 .text.crc8_add
                0x004031b4       0x58 src/serial_id_ds2411.o
                0x004031b4                crc8_add
 .text.start_timer
                0x0040320c       0x74 src/timer.o
                0x0040320c                start_timer
 .text.process_timers
                0x00403280       0x94 src/timer.o
                0x00403280                process_timers
 .text.timer_done
                0x00403314       0x3c src/timer.o
                0x00403314                timer_done
 .text.end_timer
                0x00403350       0x48 src/timer.o
                0x00403350                end_timer
 .text.NVIC_EnableIRQ
                0x00403398       0x30 src/usart_rs485_example_canopus.o
 .text.NVIC_DisableIRQ
                0x004033c8       0x34 src/usart_rs485_example_canopus.o
 .text.NVIC_ClearPendingIRQ
                0x004033fc       0x34 src/usart_rs485_example_canopus.o
 .text.NVIC_SetPriority
                0x00403430       0x54 src/usart_rs485_example_canopus.o
 .text.SysTick_Config
                0x00403484       0x48 src/usart_rs485_example_canopus.o
 .text.afec_set_trigger
                0x004034cc       0x44 src/usart_rs485_example_canopus.o
 .text.afec_get_latest_value
                0x00403510       0x1c src/usart_rs485_example_canopus.o
 .text.osc_get_rate
                0x0040352c       0x78 src/usart_rs485_example_canopus.o
 .text.sysclk_get_main_hz
                0x004035a4       0x20 src/usart_rs485_example_canopus.o
 .text.sysclk_get_cpu_hz
                0x004035c4       0x14 src/usart_rs485_example_canopus.o
 .text.sysclk_get_peripheral_hz
                0x004035d8       0x14 src/usart_rs485_example_canopus.o
 .text.sysclk_enable_peripheral_clock
                0x004035ec       0x18 src/usart_rs485_example_canopus.o
 .text.ioport_set_pin_level
                0x00403604       0x6c src/usart_rs485_example_canopus.o
 .text.usart_serial_init
                0x00403670      0x160 src/usart_rs485_example_canopus.o
 .text.usart_serial_putchar
                0x004037d0      0x10c src/usart_rs485_example_canopus.o
 .text.usart_serial_getchar
                0x004038dc      0x104 src/usart_rs485_example_canopus.o
 .text.stdio_serial_init
                0x004039e0       0x68 src/usart_rs485_example_canopus.o
 .text.mdelay   0x00403a48       0x2c src/usart_rs485_example_canopus.o
                0x00403a48                mdelay
 .text.SysTick_Handler
                0x00403a74      0x170 src/usart_rs485_example_canopus.o
                0x00403a74                SysTick_Handler
 .text.USART0_Handler
                0x00403be4       0x90 src/usart_rs485_example_canopus.o
                0x00403be4                USART0_Handler
 .text.configure_usart
                0x00403c74       0x80 src/usart_rs485_example_canopus.o
                0x00403c74                configure_usart
 .text.configure_systick
                0x00403cf4       0x44 src/usart_rs485_example_canopus.o
                0x00403cf4                configure_systick
 .text.configure_console
                0x00403d38       0x38 src/usart_rs485_example_canopus.o
                0x00403d38                configure_console
 .text.func_transmit
                0x00403d70       0x64 src/usart_rs485_example_canopus.o
                0x00403d70                func_transmit
 .text.twi_init
                0x00403dd4       0x44 src/usart_rs485_example_canopus.o
                0x00403dd4                twi_init
 .text.afec0_data_ready
                0x00403e18       0x28 src/usart_rs485_example_canopus.o
 .text.afec1_data_ready
                0x00403e40       0x28 src/usart_rs485_example_canopus.o
 .text.init_adc
                0x00403e68       0xd0 src/usart_rs485_example_canopus.o
                0x00403e68                init_adc
 .text.PWM0_Handler
                0x00403f38       0x9c src/usart_rs485_example_canopus.o
                0x00403f38                PWM0_Handler
 .text.init_pwm
                0x00403fd4      0x108 src/usart_rs485_example_canopus.o
                0x00403fd4                init_pwm
 .text.afec_ch_sanity_check
                0x004040dc       0x18 src/main.o
 .text.afec_start_software_conversion
                0x004040f4       0x18 src/main.o
 .text.afec_channel_enable
                0x0040410c       0x48 src/main.o
 .text.afec_channel_disable
                0x00404154       0x48 src/main.o
 .text.ioport_set_pin_dir
                0x0040419c       0x88 src/main.o
 .text.ioport_set_pin_level
                0x00404224       0x6c src/main.o
 .text.ioport_get_pin_level
                0x00404290       0x50 src/main.o
 .text.ioport_toggle_pin_level
                0x004042e0       0x6c src/main.o
 .text.scan_keypad
                0x0040434c      0x29c src/main.o
                0x0040434c                scan_keypad
 .text.process_kpb
                0x004045e8      0x124 src/main.o
                0x004045e8                process_kpb
 .text.door_ajar_buzzer
                0x0040470c       0x48 src/main.o
                0x0040470c                door_ajar_buzzer
 .text.button_beep_buzzer
                0x00404754       0x44 src/main.o
                0x00404754                button_beep_buzzer
 .text.init_sysErr
                0x00404798       0x18 src/main.o
                0x00404798                init_sysErr
 .text.display_text
                0x004047b0       0xe8 src/main.o
                0x004047b0                display_text
 .text.init_io  0x00404898       0x60 src/main.o
                0x00404898                init_io
 .text.print_ecdbg_num
                0x004048f8       0x34 src/main.o
                0x004048f8                print_ecdbg_num
 .text.read_led_board_serial_ids
                0x0040492c      0x280 src/main.o
                0x0040492c                read_led_board_serial_ids
 .text.check_led_brd_side_lifetime
                0x00404bac       0x64 src/main.o
                0x00404bac                check_led_brd_side_lifetime
 .text.check_led_brd_side_lifetimes
                0x00404c10       0x78 src/main.o
                0x00404c10                check_led_brd_side_lifetimes
 .text.adc_process_task
                0x00404c88      0x150 src/main.o
                0x00404c88                adc_process_task
 .text.check_shelf_for_devices
                0x00404dd8      0x144 src/main.o
                0x00404dd8                check_shelf_for_devices
 .text.check_shelves_for_devices
                0x00404f1c       0x8c src/main.o
                0x00404f1c                check_shelves_for_devices
 .text.print_pca9952_errors
                0x00404fa8      0x178 src/main.o
                0x00404fa8                print_pca9952_errors
 .text.test_led_driver_channels
                0x00405120      0x1ec src/main.o
                0x00405120                test_led_driver_channels
 .text.set_shelves_active_inactive
                0x0040530c      0x17c src/main.o
                0x0040530c                set_shelves_active_inactive
 .text.num_active_shelves
                0x00405488       0x18 src/main.o
                0x00405488                num_active_shelves
 .text.num_present_shelves
                0x004054a0       0x18 src/main.o
                0x004054a0                num_present_shelves
 .text.calc_sanitize_time
                0x004054b8       0x98 src/main.o
                0x004054b8                calc_sanitize_time
 .text.door_latch_open_kill_all_shelves
                0x00405550       0x38 src/main.o
                0x00405550                door_latch_open_kill_all_shelves
 .text.calc_region_checksum
                0x00405588      0x1a4 src/main.o
                0x00405588                calc_region_checksum
 .text.find_first_open_usage_slot
                0x0040572c       0x64 src/main.o
                0x0040572c                find_first_open_usage_slot
 .text.add_new_led_board_sides_to_usage
                0x00405790       0xdc src/main.o
                0x00405790                add_new_led_board_sides_to_usage
 .text.inc_sanMins
                0x0040586c       0x1c src/main.o
                0x0040586c                inc_sanMins
 .text.inc_sanCycles
                0x00405888       0x58 src/main.o
                0x00405888                inc_sanCycles
 .text.store_config
                0x004058e0       0x38 src/main.o
                0x004058e0                store_config
 .text.increment_ledBoard_usage_min
                0x00405918      0x1a4 src/main.o
                0x00405918                increment_ledBoard_usage_min
 .text.init_shelf_n_ledBrd_structs
                0x00405abc      0x210 src/main.o
                0x00405abc                init_shelf_n_ledBrd_structs
 .text.load_usageIdx_to_ledBrdSide
                0x00405ccc       0x44 src/main.o
                0x00405ccc                load_usageIdx_to_ledBrdSide
 .text.init_led_board_info
                0x00405d10       0xa4 src/main.o
                0x00405d10                init_led_board_info
 .text.show_sw_version
                0x00405db4       0x28 src/main.o
                0x00405db4                show_sw_version
 .text.show_chassis_status_info
                0x00405ddc      0x3d0 src/main.o
                0x00405ddc                show_chassis_status_info
 .text.show_chassis_sysErr
                0x004061ac      0x368 src/main.o
                0x004061ac                show_chassis_sysErr
 .text.show_chassis_all_LED_boards
                0x00406514      0x118 src/main.o
                0x00406514                show_chassis_all_LED_boards
 .text.show_help_and_prompt
                0x0040662c       0x14 src/main.o
                0x0040662c                show_help_and_prompt
 .text.service_ecdbg_input
                0x00406640      0x3a8 src/main.o
                0x00406640                service_ecdbg_input
 .text.main     0x004069e8      0x98c src/main.o
                0x004069e8                main
 .text.__libc_init_array
                0x00407374       0x50 c:/program files (x86)/atmel/studio/7.0/toolchain/arm/arm-gnu-toolchain/bin/../lib/gcc/arm-none-eabi/4.9.3/../../../../arm-none-eabi/lib/cortex-m7\libc.a(lib_a-init.o)
                0x00407374                __libc_init_array
 .text.memset   0x004073c4       0xa0 c:/program files (x86)/atmel/studio/7.0/toolchain/arm/arm-gnu-toolchain/bin/../lib/gcc/arm-none-eabi/4.9.3/../../../../arm-none-eabi/lib/cortex-m7\libc.a(lib_a-memset.o)
                0x004073c4                memset
 .text._puts_r  0x00407464       0x60 c:/program files (x86)/atmel/studio/7.0/toolchain/arm/arm-gnu-toolchain/bin/../lib/gcc/arm-none-eabi/4.9.3/../../../../arm-none-eabi/lib/cortex-m7\libc.a(lib_a-puts.o)
                0x00407464                _puts_r
 .text.puts     0x004074c4       0x10 c:/program files (x86)/atmel/studio/7.0/toolchain/arm/arm-gnu-toolchain/bin/../lib/gcc/arm-none-eabi/4.9.3/../../../../arm-none-eabi/lib/cortex-m7\libc.a(lib_a-puts.o)
                0x004074c4                puts
 .text.setbuf   0x004074d4       0x10 c:/program files (x86)/atmel/studio/7.0/toolchain/arm/arm-gnu-toolchain/bin/../lib/gcc/arm-none-eabi/4.9.3/../../../../arm-none-eabi/lib/cortex-m7\libc.a(lib_a-setbuf.o)
                0x004074d4                setbuf
 .text.setvbuf  0x004074e4       0xfc c:/program files (x86)/atmel/studio/7.0/toolchain/arm/arm-gnu-toolchain/bin/../lib/gcc/arm-none-eabi/4.9.3/../../../../arm-none-eabi/lib/cortex-m7\libc.a(lib_a-setvbuf.o)
                0x004074e4                setvbuf
 .text.sprintf  0x004075e0       0x4c c:/program files (x86)/atmel/studio/7.0/toolchain/arm/arm-gnu-toolchain/bin/../lib/gcc/arm-none-eabi/4.9.3/../../../../arm-none-eabi/lib/cortex-m7\libc.a(lib_a-sprintf.o)
                0x004075e0                sprintf
 .text.strlen   0x0040762c       0x5c c:/program files (x86)/atmel/studio/7.0/toolchain/arm/arm-gnu-toolchain/bin/../lib/gcc/arm-none-eabi/4.9.3/../../../../arm-none-eabi/lib/cortex-m7\libc.a(lib_a-strlen.o)
                0x0040762c                strlen
 .text.strncpy  0x00407688       0x68 c:/program files (x86)/atmel/studio/7.0/toolchain/arm/arm-gnu-toolchain/bin/../lib/gcc/arm-none-eabi/4.9.3/../../../../arm-none-eabi/lib/cortex-m7\libc.a(lib_a-strncpy.o)
                0x00407688                strncpy
 .text._svfprintf_r
                0x004076f0     0x1510 c:/program files (x86)/atmel/studio/7.0/toolchain/arm/arm-gnu-toolchain/bin/../lib/gcc/arm-none-eabi/4.9.3/../../../../arm-none-eabi/lib/cortex-m7\libc.a(lib_a-svfprintf.o)
                0x004076f0                _svfprintf_r
 .text.__swbuf_r
                0x00408c00       0xa8 c:/program files (x86)/atmel/studio/7.0/toolchain/arm/arm-gnu-toolchain/bin/../lib/gcc/arm-none-eabi/4.9.3/../../../../arm-none-eabi/lib/cortex-m7\libc.a(lib_a-wbuf.o)
                0x00408c00                __swbuf_r
 .text.__swsetup_r
                0x00408ca8       0xc4 c:/program files (x86)/atmel/studio/7.0/toolchain/arm/arm-gnu-toolchain/bin/../lib/gcc/arm-none-eabi/4.9.3/../../../../arm-none-eabi/lib/cortex-m7\libc.a(lib_a-wsetup.o)
                0x00408ca8                __swsetup_r
 .text.startup.register_fini
                0x00408d6c       0x14 c:/program files (x86)/atmel/studio/7.0/toolchain/arm/arm-gnu-toolchain/bin/../lib/gcc/arm-none-eabi/4.9.3/../../../../arm-none-eabi/lib/cortex-m7\libc.a(lib_a-__call_atexit.o)
 .text.atexit   0x00408d80        0xc c:/program files (x86)/atmel/studio/7.0/toolchain/arm/arm-gnu-toolchain/bin/../lib/gcc/arm-none-eabi/4.9.3/../../../../arm-none-eabi/lib/cortex-m7\libc.a(lib_a-atexit.o)
                0x00408d80                atexit
 .text.quorem   0x00408d8c      0x140 c:/program files (x86)/atmel/studio/7.0/toolchain/arm/arm-gnu-toolchain/bin/../lib/gcc/arm-none-eabi/4.9.3/../../../../arm-none-eabi/lib/cortex-m7\libc.a(lib_a-dtoa.o)
 *fill*         0x00408ecc        0x4 
 .text._dtoa_r  0x00408ed0      0xee8 c:/program files (x86)/atmel/studio/7.0/toolchain/arm/arm-gnu-toolchain/bin/../lib/gcc/arm-none-eabi/4.9.3/../../../../arm-none-eabi/lib/cortex-m7\libc.a(lib_a-dtoa.o)
                0x00408ed0                _dtoa_r
 .text.__sflush_r
                0x00409db8      0x148 c:/program files (x86)/atmel/studio/7.0/toolchain/arm/arm-gnu-toolchain/bin/../lib/gcc/arm-none-eabi/4.9.3/../../../../arm-none-eabi/lib/cortex-m7\libc.a(lib_a-fflush.o)
                0x00409db8                __sflush_r
 .text._fflush_r
                0x00409f00       0x2c c:/program files (x86)/atmel/studio/7.0/toolchain/arm/arm-gnu-toolchain/bin/../lib/gcc/arm-none-eabi/4.9.3/../../../../arm-none-eabi/lib/cortex-m7\libc.a(lib_a-fflush.o)
                0x00409f00                _fflush_r
 .text._cleanup_r
                0x00409f2c        0xc c:/program files (x86)/atmel/studio/7.0/toolchain/arm/arm-gnu-toolchain/bin/../lib/gcc/arm-none-eabi/4.9.3/../../../../arm-none-eabi/lib/cortex-m7\libc.a(lib_a-findfp.o)
                0x00409f2c                _cleanup_r
 .text.__sinit.part.1
                0x00409f38       0xfc c:/program files (x86)/atmel/studio/7.0/toolchain/arm/arm-gnu-toolchain/bin/../lib/gcc/arm-none-eabi/4.9.3/../../../../arm-none-eabi/lib/cortex-m7\libc.a(lib_a-findfp.o)
 .text.__sinit  0x0040a034        0xc c:/program files (x86)/atmel/studio/7.0/toolchain/arm/arm-gnu-toolchain/bin/../lib/gcc/arm-none-eabi/4.9.3/../../../../arm-none-eabi/lib/cortex-m7\libc.a(lib_a-findfp.o)
                0x0040a034                __sinit
 .text.__sfp_lock_acquire
                0x0040a040        0x4 c:/program files (x86)/atmel/studio/7.0/toolchain/arm/arm-gnu-toolchain/bin/../lib/gcc/arm-none-eabi/4.9.3/../../../../arm-none-eabi/lib/cortex-m7\libc.a(lib_a-findfp.o)
                0x0040a040                __sfp_lock_acquire
 .text.__sfp_lock_release
                0x0040a044        0x4 c:/program files (x86)/atmel/studio/7.0/toolchain/arm/arm-gnu-toolchain/bin/../lib/gcc/arm-none-eabi/4.9.3/../../../../arm-none-eabi/lib/cortex-m7\libc.a(lib_a-findfp.o)
                0x0040a044                __sfp_lock_release
 .text.__libc_fini_array
                0x0040a048       0x2c c:/program files (x86)/atmel/studio/7.0/toolchain/arm/arm-gnu-toolchain/bin/../lib/gcc/arm-none-eabi/4.9.3/../../../../arm-none-eabi/lib/cortex-m7\libc.a(lib_a-fini.o)
                0x0040a048                __libc_fini_array
 .text._malloc_trim_r
                0x0040a074       0x9c c:/program files (x86)/atmel/studio/7.0/toolchain/arm/arm-gnu-toolchain/bin/../lib/gcc/arm-none-eabi/4.9.3/../../../../arm-none-eabi/lib/cortex-m7\libc.a(lib_a-freer.o)
                0x0040a074                _malloc_trim_r
 .text._free_r  0x0040a110      0x1b0 c:/program files (x86)/atmel/studio/7.0/toolchain/arm/arm-gnu-toolchain/bin/../lib/gcc/arm-none-eabi/4.9.3/../../../../arm-none-eabi/lib/cortex-m7\libc.a(lib_a-freer.o)
                0x0040a110                _free_r
 .text.__sfvwrite_r
                0x0040a2c0      0x324 c:/program files (x86)/atmel/studio/7.0/toolchain/arm/arm-gnu-toolchain/bin/../lib/gcc/arm-none-eabi/4.9.3/../../../../arm-none-eabi/lib/cortex-m7\libc.a(lib_a-fvwrite.o)
                0x0040a2c0                __sfvwrite_r
 .text._fwalk_reent
                0x0040a5e4       0x50 c:/program files (x86)/atmel/studio/7.0/toolchain/arm/arm-gnu-toolchain/bin/../lib/gcc/arm-none-eabi/4.9.3/../../../../arm-none-eabi/lib/cortex-m7\libc.a(lib_a-fwalk.o)
                0x0040a5e4                _fwalk_reent
 .text._localeconv_r
                0x0040a634        0x8 c:/program files (x86)/atmel/studio/7.0/toolchain/arm/arm-gnu-toolchain/bin/../lib/gcc/arm-none-eabi/4.9.3/../../../../arm-none-eabi/lib/cortex-m7\libc.a(lib_a-locale.o)
                0x0040a634                _localeconv_r
 .text.__smakebuf_r
                0x0040a63c       0xe4 c:/program files (x86)/atmel/studio/7.0/toolchain/arm/arm-gnu-toolchain/bin/../lib/gcc/arm-none-eabi/4.9.3/../../../../arm-none-eabi/lib/cortex-m7\libc.a(lib_a-makebuf.o)
                0x0040a63c                __smakebuf_r
 .text.malloc   0x0040a720       0x10 c:/program files (x86)/atmel/studio/7.0/toolchain/arm/arm-gnu-toolchain/bin/../lib/gcc/arm-none-eabi/4.9.3/../../../../arm-none-eabi/lib/cortex-m7\libc.a(lib_a-malloc.o)
                0x0040a720                malloc
 .text._malloc_r
                0x0040a730      0x558 c:/program files (x86)/atmel/studio/7.0/toolchain/arm/arm-gnu-toolchain/bin/../lib/gcc/arm-none-eabi/4.9.3/../../../../arm-none-eabi/lib/cortex-m7\libc.a(lib_a-mallocr.o)
                0x0040a730                _malloc_r
 .text.memchr   0x0040ac88       0x90 c:/program files (x86)/atmel/studio/7.0/toolchain/arm/arm-gnu-toolchain/bin/../lib/gcc/arm-none-eabi/4.9.3/../../../../arm-none-eabi/lib/cortex-m7\libc.a(lib_a-memchr.o)
                0x0040ac88                memchr
 .text          0x0040ad18      0x134 c:/program files (x86)/atmel/studio/7.0/toolchain/arm/arm-gnu-toolchain/bin/../lib/gcc/arm-none-eabi/4.9.3/../../../../arm-none-eabi/lib/cortex-m7\libc.a(lib_a-memcpy.o)
                0x0040ad18                memcpy
 .text.memmove  0x0040ae4c       0xc4 c:/program files (x86)/atmel/studio/7.0/toolchain/arm/arm-gnu-toolchain/bin/../lib/gcc/arm-none-eabi/4.9.3/../../../../arm-none-eabi/lib/cortex-m7\libc.a(lib_a-memmove.o)
                0x0040ae4c                memmove
 .text.__malloc_lock
                0x0040af10        0x4 c:/program files (x86)/atmel/studio/7.0/toolchain/arm/arm-gnu-toolchain/bin/../lib/gcc/arm-none-eabi/4.9.3/../../../../arm-none-eabi/lib/cortex-m7\libc.a(lib_a-mlock.o)
                0x0040af10                __malloc_lock
 .text.__malloc_unlock
                0x0040af14        0x4 c:/program files (x86)/atmel/studio/7.0/toolchain/arm/arm-gnu-toolchain/bin/../lib/gcc/arm-none-eabi/4.9.3/../../../../arm-none-eabi/lib/cortex-m7\libc.a(lib_a-mlock.o)
                0x0040af14                __malloc_unlock
 .text._Balloc  0x0040af18       0x50 c:/program files (x86)/atmel/studio/7.0/toolchain/arm/arm-gnu-toolchain/bin/../lib/gcc/arm-none-eabi/4.9.3/../../../../arm-none-eabi/lib/cortex-m7\libc.a(lib_a-mprec.o)
                0x0040af18                _Balloc
 .text._Bfree   0x0040af68       0x14 c:/program files (x86)/atmel/studio/7.0/toolchain/arm/arm-gnu-toolchain/bin/../lib/gcc/arm-none-eabi/4.9.3/../../../../arm-none-eabi/lib/cortex-m7\libc.a(lib_a-mprec.o)
                0x0040af68                _Bfree
 .text.__multadd
                0x0040af7c       0x84 c:/program files (x86)/atmel/studio/7.0/toolchain/arm/arm-gnu-toolchain/bin/../lib/gcc/arm-none-eabi/4.9.3/../../../../arm-none-eabi/lib/cortex-m7\libc.a(lib_a-mprec.o)
                0x0040af7c                __multadd
 .text.__hi0bits
                0x0040b000       0x44 c:/program files (x86)/atmel/studio/7.0/toolchain/arm/arm-gnu-toolchain/bin/../lib/gcc/arm-none-eabi/4.9.3/../../../../arm-none-eabi/lib/cortex-m7\libc.a(lib_a-mprec.o)
                0x0040b000                __hi0bits
 .text.__lo0bits
                0x0040b044       0x64 c:/program files (x86)/atmel/studio/7.0/toolchain/arm/arm-gnu-toolchain/bin/../lib/gcc/arm-none-eabi/4.9.3/../../../../arm-none-eabi/lib/cortex-m7\libc.a(lib_a-mprec.o)
                0x0040b044                __lo0bits
 .text.__i2b    0x0040b0a8       0x14 c:/program files (x86)/atmel/studio/7.0/toolchain/arm/arm-gnu-toolchain/bin/../lib/gcc/arm-none-eabi/4.9.3/../../../../arm-none-eabi/lib/cortex-m7\libc.a(lib_a-mprec.o)
                0x0040b0a8                __i2b
 .text.__multiply
                0x0040b0bc      0x144 c:/program files (x86)/atmel/studio/7.0/toolchain/arm/arm-gnu-toolchain/bin/../lib/gcc/arm-none-eabi/4.9.3/../../../../arm-none-eabi/lib/cortex-m7\libc.a(lib_a-mprec.o)
                0x0040b0bc                __multiply
 .text.__pow5mult
                0x0040b200       0xa0 c:/program files (x86)/atmel/studio/7.0/toolchain/arm/arm-gnu-toolchain/bin/../lib/gcc/arm-none-eabi/4.9.3/../../../../arm-none-eabi/lib/cortex-m7\libc.a(lib_a-mprec.o)
                0x0040b200                __pow5mult
 .text.__lshift
                0x0040b2a0       0xb4 c:/program files (x86)/atmel/studio/7.0/toolchain/arm/arm-gnu-toolchain/bin/../lib/gcc/arm-none-eabi/4.9.3/../../../../arm-none-eabi/lib/cortex-m7\libc.a(lib_a-mprec.o)
                0x0040b2a0                __lshift
 .text.__mcmp   0x0040b354       0x48 c:/program files (x86)/atmel/studio/7.0/toolchain/arm/arm-gnu-toolchain/bin/../lib/gcc/arm-none-eabi/4.9.3/../../../../arm-none-eabi/lib/cortex-m7\libc.a(lib_a-mprec.o)
                0x0040b354                __mcmp
 .text.__mdiff  0x0040b39c       0xe4 c:/program files (x86)/atmel/studio/7.0/toolchain/arm/arm-gnu-toolchain/bin/../lib/gcc/arm-none-eabi/4.9.3/../../../../arm-none-eabi/lib/cortex-m7\libc.a(lib_a-mprec.o)
                0x0040b39c                __mdiff
 .text.__d2b    0x0040b480       0xb0 c:/program files (x86)/atmel/studio/7.0/toolchain/arm/arm-gnu-toolchain/bin/../lib/gcc/arm-none-eabi/4.9.3/../../../../arm-none-eabi/lib/cortex-m7\libc.a(lib_a-mprec.o)
                0x0040b480                __d2b
 .text._realloc_r
                0x0040b530      0x3f0 c:/program files (x86)/atmel/studio/7.0/toolchain/arm/arm-gnu-toolchain/bin/../lib/gcc/arm-none-eabi/4.9.3/../../../../arm-none-eabi/lib/cortex-m7\libc.a(lib_a-reallocr.o)
                0x0040b530                _realloc_r
 .text.__fpclassifyd
                0x0040b920       0x44 c:/program files (x86)/atmel/studio/7.0/toolchain/arm/arm-gnu-toolchain/bin/../lib/gcc/arm-none-eabi/4.9.3/../../../../arm-none-eabi/lib/cortex-m7\libc.a(lib_a-s_fpclassify.o)
                0x0040b920                __fpclassifyd
 .text._sbrk_r  0x0040b964       0x24 c:/program files (x86)/atmel/studio/7.0/toolchain/arm/arm-gnu-toolchain/bin/../lib/gcc/arm-none-eabi/4.9.3/../../../../arm-none-eabi/lib/cortex-m7\libc.a(lib_a-sbrkr.o)
                0x0040b964                _sbrk_r
 .text.__sread  0x0040b988       0x24 c:/program files (x86)/atmel/studio/7.0/toolchain/arm/arm-gnu-toolchain/bin/../lib/gcc/arm-none-eabi/4.9.3/../../../../arm-none-eabi/lib/cortex-m7\libc.a(lib_a-stdio.o)
                0x0040b988                __sread
 .text.__swrite
                0x0040b9ac       0x38 c:/program files (x86)/atmel/studio/7.0/toolchain/arm/arm-gnu-toolchain/bin/../lib/gcc/arm-none-eabi/4.9.3/../../../../arm-none-eabi/lib/cortex-m7\libc.a(lib_a-stdio.o)
                0x0040b9ac                __swrite
 .text.__sseek  0x0040b9e4       0x24 c:/program files (x86)/atmel/studio/7.0/toolchain/arm/arm-gnu-toolchain/bin/../lib/gcc/arm-none-eabi/4.9.3/../../../../arm-none-eabi/lib/cortex-m7\libc.a(lib_a-stdio.o)
                0x0040b9e4                __sseek
 .text.__sclose
                0x0040ba08        0x8 c:/program files (x86)/atmel/studio/7.0/toolchain/arm/arm-gnu-toolchain/bin/../lib/gcc/arm-none-eabi/4.9.3/../../../../arm-none-eabi/lib/cortex-m7\libc.a(lib_a-stdio.o)
                0x0040ba08                __sclose
 .text.__ssprint_r
                0x0040ba10      0x110 c:/program files (x86)/atmel/studio/7.0/toolchain/arm/arm-gnu-toolchain/bin/../lib/gcc/arm-none-eabi/4.9.3/../../../../arm-none-eabi/lib/cortex-m7\libc.a(lib_a-svfiprintf.o)
                0x0040ba10                __ssprint_r
 .text._write_r
                0x0040bb20       0x28 c:/program files (x86)/atmel/studio/7.0/toolchain/arm/arm-gnu-toolchain/bin/../lib/gcc/arm-none-eabi/4.9.3/../../../../arm-none-eabi/lib/cortex-m7\libc.a(lib_a-writer.o)
                0x0040bb20                _write_r
 .text.__register_exitproc
                0x0040bb48       0xa8 c:/program files (x86)/atmel/studio/7.0/toolchain/arm/arm-gnu-toolchain/bin/../lib/gcc/arm-none-eabi/4.9.3/../../../../arm-none-eabi/lib/cortex-m7\libc.a(lib_a-__atexit.o)
                0x0040bb48                __register_exitproc
 .text._calloc_r
                0x0040bbf0       0x60 c:/program files (x86)/atmel/studio/7.0/toolchain/arm/arm-gnu-toolchain/bin/../lib/gcc/arm-none-eabi/4.9.3/../../../../arm-none-eabi/lib/cortex-m7\libc.a(lib_a-callocr.o)
                0x0040bbf0                _calloc_r
 .text._close_r
                0x0040bc50       0x24 c:/program files (x86)/atmel/studio/7.0/toolchain/arm/arm-gnu-toolchain/bin/../lib/gcc/arm-none-eabi/4.9.3/../../../../arm-none-eabi/lib/cortex-m7\libc.a(lib_a-closer.o)
                0x0040bc50                _close_r
 .text._fclose_r
                0x0040bc74       0x84 c:/program files (x86)/atmel/studio/7.0/toolchain/arm/arm-gnu-toolchain/bin/../lib/gcc/arm-none-eabi/4.9.3/../../../../arm-none-eabi/lib/cortex-m7\libc.a(lib_a-fclose.o)
                0x0040bc74                _fclose_r
 .text._fstat_r
                0x0040bcf8       0x28 c:/program files (x86)/atmel/studio/7.0/toolchain/arm/arm-gnu-toolchain/bin/../lib/gcc/arm-none-eabi/4.9.3/../../../../arm-none-eabi/lib/cortex-m7\libc.a(lib_a-fstatr.o)
                0x0040bcf8                _fstat_r
 .text._isatty_r
                0x0040bd20       0x24 c:/program files (x86)/atmel/studio/7.0/toolchain/arm/arm-gnu-toolchain/bin/../lib/gcc/arm-none-eabi/4.9.3/../../../../arm-none-eabi/lib/cortex-m7\libc.a(lib_a-isattyr.o)
                0x0040bd20                _isatty_r
 .text._lseek_r
                0x0040bd44       0x28 c:/program files (x86)/atmel/studio/7.0/toolchain/arm/arm-gnu-toolchain/bin/../lib/gcc/arm-none-eabi/4.9.3/../../../../arm-none-eabi/lib/cortex-m7\libc.a(lib_a-lseekr.o)
                0x0040bd44                _lseek_r
 .text._read_r  0x0040bd6c       0x28 c:/program files (x86)/atmel/studio/7.0/toolchain/arm/arm-gnu-toolchain/bin/../lib/gcc/arm-none-eabi/4.9.3/../../../../arm-none-eabi/lib/cortex-m7\libc.a(lib_a-readr.o)
                0x0040bd6c                _read_r
 .text          0x0040bd94      0x370 c:/program files (x86)/atmel/studio/7.0/toolchain/arm/arm-gnu-toolchain/bin/../lib/gcc/arm-none-eabi/4.9.3/cortex-m7\libgcc.a(_arm_addsubdf3.o)
                0x0040bd94                __aeabi_drsub
                0x0040bd9c                __aeabi_dsub
                0x0040bd9c                __subdf3
                0x0040bda0                __aeabi_dadd
                0x0040bda0                __adddf3
                0x0040c018                __floatunsidf
                0x0040c018                __aeabi_ui2d
                0x0040c038                __floatsidf
                0x0040c038                __aeabi_i2d
                0x0040c05c                __aeabi_f2d
                0x0040c05c                __extendsfdf2
                0x0040c098                __floatundidf
                0x0040c098                __aeabi_ul2d
                0x0040c0a8                __floatdidf
                0x0040c0a8                __aeabi_l2d
 .text          0x0040c104      0x424 c:/program files (x86)/atmel/studio/7.0/toolchain/arm/arm-gnu-toolchain/bin/../lib/gcc/arm-none-eabi/4.9.3/cortex-m7\libgcc.a(_arm_muldivdf3.o)
                0x0040c104                __aeabi_dmul
                0x0040c104                __muldf3
                0x0040c358                __divdf3
                0x0040c358                __aeabi_ddiv
 .text          0x0040c528      0x110 c:/program files (x86)/atmel/studio/7.0/toolchain/arm/arm-gnu-toolchain/bin/../lib/gcc/arm-none-eabi/4.9.3/cortex-m7\libgcc.a(_arm_cmpdf2.o)
                0x0040c528                __gtdf2
                0x0040c528                __gedf2
                0x0040c530                __ltdf2
                0x0040c530                __ledf2
                0x0040c538                __nedf2
                0x0040c538                __eqdf2
                0x0040c538                __cmpdf2
                0x0040c5b4                __aeabi_cdrcmple
                0x0040c5c4                __aeabi_cdcmpeq
                0x0040c5c4                __aeabi_cdcmple
                0x0040c5d4                __aeabi_dcmpeq
                0x0040c5e8                __aeabi_dcmplt
                0x0040c5fc                __aeabi_dcmple
                0x0040c610                __aeabi_dcmpge
                0x0040c624                __aeabi_dcmpgt
 .text          0x0040c638       0x50 c:/program files (x86)/atmel/studio/7.0/toolchain/arm/arm-gnu-toolchain/bin/../lib/gcc/arm-none-eabi/4.9.3/cortex-m7\libgcc.a(_arm_fixdfsi.o)
                0x0040c638                __aeabi_d2iz
                0x0040c638                __fixdfsi
 .text          0x0040c688       0x30 c:/program files (x86)/atmel/studio/7.0/toolchain/arm/arm-gnu-toolchain/bin/../lib/gcc/arm-none-eabi/4.9.3/cortex-m7\libgcc.a(_aeabi_uldivmod.o)
                0x0040c688                __aeabi_uldivmod
 .text          0x0040c6b8       0x60 c:/program files (x86)/atmel/studio/7.0/toolchain/arm/arm-gnu-toolchain/bin/../lib/gcc/arm-none-eabi/4.9.3/cortex-m7\libgcc.a(bpabi.o)
                0x0040c6b8                __gnu_ldivmod_helper
                0x0040c6e8                __gnu_uldivmod_helper
 .text          0x0040c718        0x4 c:/program files (x86)/atmel/studio/7.0/toolchain/arm/arm-gnu-toolchain/bin/../lib/gcc/arm-none-eabi/4.9.3/cortex-m7\libgcc.a(_dvmd_tls.o)
                0x0040c718                __aeabi_idiv0
                0x0040c718                __aeabi_ldiv0
 .text          0x0040c71c      0x284 c:/program files (x86)/atmel/studio/7.0/toolchain/arm/arm-gnu-toolchain/bin/../lib/gcc/arm-none-eabi/4.9.3/cortex-m7\libgcc.a(_divdi3.o)
                0x0040c71c                __divdi3
 .text          0x0040c9a0      0x248 c:/program files (x86)/atmel/studio/7.0/toolchain/arm/arm-gnu-toolchain/bin/../lib/gcc/arm-none-eabi/4.9.3/cortex-m7\libgcc.a(_udivdi3.o)
                0x0040c9a0                __udivdi3
 *(.glue_7t)
 .glue_7t       0x00000000        0x0 linker stubs
 *(.glue_7)
 .glue_7        0x00000000        0x0 linker stubs
 *(.rodata .rodata* .gnu.linkonce.r.*)
 .rodata        0x0040cbe8       0x2c src/ASF/sam/drivers/pwm/pwm.o
 .rodata        0x0040cc14       0x2f src/pca9952.o
 *fill*         0x0040cc43        0x1 
 .rodata        0x0040cc44       0x4f src/usart_rs485_example_canopus.o
 *fill*         0x0040cc93        0x1 
 .rodata        0x0040cc94      0xae9 src/main.o
 *fill*         0x0040d77d        0x3 
 .rodata._ctype_
                0x0040d780      0x101 c:/program files (x86)/atmel/studio/7.0/toolchain/arm/arm-gnu-toolchain/bin/../lib/gcc/arm-none-eabi/4.9.3/../../../../arm-none-eabi/lib/cortex-m7\libc.a(lib_a-ctype_.o)
                0x0040d780                _ctype_
 *fill*         0x0040d881        0x3 
 .rodata.str1.4
                0x0040d884        0x2 c:/program files (x86)/atmel/studio/7.0/toolchain/arm/arm-gnu-toolchain/bin/../lib/gcc/arm-none-eabi/4.9.3/../../../../arm-none-eabi/lib/cortex-m7\libc.a(lib_a-impure.o)
 *fill*         0x0040d886        0x2 
 .rodata._global_impure_ptr
                0x0040d888        0x4 c:/program files (x86)/atmel/studio/7.0/toolchain/arm/arm-gnu-toolchain/bin/../lib/gcc/arm-none-eabi/4.9.3/../../../../arm-none-eabi/lib/cortex-m7\libc.a(lib_a-impure.o)
                0x0040d888                _global_impure_ptr
 .rodata.str1.4
                0x0040d88c        0x2 c:/program files (x86)/atmel/studio/7.0/toolchain/arm/arm-gnu-toolchain/bin/../lib/gcc/arm-none-eabi/4.9.3/../../../../arm-none-eabi/lib/cortex-m7\libc.a(lib_a-puts.o)
 *fill*         0x0040d88e        0x2 
 .rodata.zeroes.6911
                0x0040d890       0x10 c:/program files (x86)/atmel/studio/7.0/toolchain/arm/arm-gnu-toolchain/bin/../lib/gcc/arm-none-eabi/4.9.3/../../../../arm-none-eabi/lib/cortex-m7\libc.a(lib_a-svfprintf.o)
 .rodata.blanks.6910
                0x0040d8a0       0x10 c:/program files (x86)/atmel/studio/7.0/toolchain/arm/arm-gnu-toolchain/bin/../lib/gcc/arm-none-eabi/4.9.3/../../../../arm-none-eabi/lib/cortex-m7\libc.a(lib_a-svfprintf.o)
 .rodata.str1.4
                0x0040d8b0       0x42 c:/program files (x86)/atmel/studio/7.0/toolchain/arm/arm-gnu-toolchain/bin/../lib/gcc/arm-none-eabi/4.9.3/../../../../arm-none-eabi/lib/cortex-m7\libc.a(lib_a-svfprintf.o)
 *fill*         0x0040d8f2        0x2 
 .rodata.str1.4
                0x0040d8f4       0x10 c:/program files (x86)/atmel/studio/7.0/toolchain/arm/arm-gnu-toolchain/bin/../lib/gcc/arm-none-eabi/4.9.3/../../../../arm-none-eabi/lib/cortex-m7\libc.a(lib_a-dtoa.o)
                                 0x12 (size before relaxing)
 .rodata.str1.4
                0x0040d904        0xc c:/program files (x86)/atmel/studio/7.0/toolchain/arm/arm-gnu-toolchain/bin/../lib/gcc/arm-none-eabi/4.9.3/../../../../arm-none-eabi/lib/cortex-m7\libc.a(lib_a-locale.o)
                                 0x12 (size before relaxing)
 .rodata.__mprec_tens
                0x0040d910       0xc8 c:/program files (x86)/atmel/studio/7.0/toolchain/arm/arm-gnu-toolchain/bin/../lib/gcc/arm-none-eabi/4.9.3/../../../../arm-none-eabi/lib/cortex-m7\libc.a(lib_a-mprec.o)
                0x0040d910                __mprec_tens
 .rodata.p05.5302
                0x0040d9d8        0xc c:/program files (x86)/atmel/studio/7.0/toolchain/arm/arm-gnu-toolchain/bin/../lib/gcc/arm-none-eabi/4.9.3/../../../../arm-none-eabi/lib/cortex-m7\libc.a(lib_a-mprec.o)
 *fill*         0x0040d9e4        0x4 
 .rodata.__mprec_bigtens
                0x0040d9e8       0x28 c:/program files (x86)/atmel/studio/7.0/toolchain/arm/arm-gnu-toolchain/bin/../lib/gcc/arm-none-eabi/4.9.3/../../../../arm-none-eabi/lib/cortex-m7\libc.a(lib_a-mprec.o)
                0x0040d9e8                __mprec_bigtens
 *(.ARM.extab* .gnu.linkonce.armextab.*)
                0x0040da10                . = ALIGN (0x4)
 *(.init)
 .init          0x0040da10        0x4 c:/program files (x86)/atmel/studio/7.0/toolchain/arm/arm-gnu-toolchain/bin/../lib/gcc/arm-none-eabi/4.9.3/cortex-m7/crti.o
                0x0040da10                _init
 .init          0x0040da14        0x8 c:/program files (x86)/atmel/studio/7.0/toolchain/arm/arm-gnu-toolchain/bin/../lib/gcc/arm-none-eabi/4.9.3/cortex-m7/crtn.o
                0x0040da1c                . = ALIGN (0x4)
                0x0040da1c                __preinit_array_start = .
 *(.preinit_array)
                0x0040da1c                __preinit_array_end = .
                0x0040da1c                . = ALIGN (0x4)
                0x0040da1c                __init_array_start = .
 *(SORT(.init_array.*))
 .init_array.00000
                0x0040da1c        0x4 c:/program files (x86)/atmel/studio/7.0/toolchain/arm/arm-gnu-toolchain/bin/../lib/gcc/arm-none-eabi/4.9.3/../../../../arm-none-eabi/lib/cortex-m7\libc.a(lib_a-__call_atexit.o)
 *(.init_array)
 .init_array    0x0040da20        0x4 c:/program files (x86)/atmel/studio/7.0/toolchain/arm/arm-gnu-toolchain/bin/../lib/gcc/arm-none-eabi/4.9.3/cortex-m7/crtbegin.o
                0x0040da24                __init_array_end = .
                0x0040da24                . = ALIGN (0x4)
 *crtbegin.o(.ctors)
 *(EXCLUDE_FILE(*crtend.o) .ctors)
 *(SORT(.ctors.*))
 *crtend.o(.ctors)
                0x0040da24                . = ALIGN (0x4)
 *(.fini)
 .fini          0x0040da24        0x4 c:/program files (x86)/atmel/studio/7.0/toolchain/arm/arm-gnu-toolchain/bin/../lib/gcc/arm-none-eabi/4.9.3/cortex-m7/crti.o
                0x0040da24                _fini
 .fini          0x0040da28        0x8 c:/program files (x86)/atmel/studio/7.0/toolchain/arm/arm-gnu-toolchain/bin/../lib/gcc/arm-none-eabi/4.9.3/cortex-m7/crtn.o
                0x0040da30                . = ALIGN (0x4)
                0x0040da30                __fini_array_start = .
 *(.fini_array)
 .fini_array    0x0040da30        0x4 c:/program files (x86)/atmel/studio/7.0/toolchain/arm/arm-gnu-toolchain/bin/../lib/gcc/arm-none-eabi/4.9.3/cortex-m7/crtbegin.o
 *(SORT(.fini_array.*))
                0x0040da34                __fini_array_end = .
 *crtbegin.o(.dtors)
 *(EXCLUDE_FILE(*crtend.o) .dtors)
 *(SORT(.dtors.*))
 *crtend.o(.dtors)
                0x0040da34                . = ALIGN (0x4)
                0x0040da34                _efixed = .
                0x0040da34                PROVIDE (__exidx_start, .)

.vfp11_veneer   0x0040da34        0x0
 .vfp11_veneer  0x00000000        0x0 linker stubs

.v4_bx          0x0040da34        0x0
 .v4_bx         0x00000000        0x0 linker stubs

.iplt           0x0040da34        0x0
 .iplt          0x00000000        0x0 c:/program files (x86)/atmel/studio/7.0/toolchain/arm/arm-gnu-toolchain/bin/../lib/gcc/arm-none-eabi/4.9.3/cortex-m7/crtbegin.o

.ARM.exidx      0x0040da34        0x8
 *(.ARM.exidx* .gnu.linkonce.armexidx.*)
 .ARM.exidx     0x0040da34        0x8 c:/program files (x86)/atmel/studio/7.0/toolchain/arm/arm-gnu-toolchain/bin/../lib/gcc/arm-none-eabi/4.9.3/cortex-m7\libgcc.a(_divdi3.o)
 .ARM.exidx     0x0040da3c        0x0 c:/program files (x86)/atmel/studio/7.0/toolchain/arm/arm-gnu-toolchain/bin/../lib/gcc/arm-none-eabi/4.9.3/cortex-m7\libgcc.a(_udivdi3.o)
                                  0x8 (size before relaxing)
                0x0040da3c                PROVIDE (__exidx_end, .)

.eh_frame       0x0040da3c        0x0
 .eh_frame      0x0040da3c        0x0 c:/program files (x86)/atmel/studio/7.0/toolchain/arm/arm-gnu-toolchain/bin/../lib/gcc/arm-none-eabi/4.9.3/cortex-m7/crtbegin.o

.rel.dyn        0x0040da3c        0x0
 .rel.iplt      0x00000000        0x0 c:/program files (x86)/atmel/studio/7.0/toolchain/arm/arm-gnu-toolchain/bin/../lib/gcc/arm-none-eabi/4.9.3/cortex-m7/crtbegin.o

.jcr            0x0040da3c        0x0
 .jcr           0x0040da3c        0x0 c:/program files (x86)/atmel/studio/7.0/toolchain/arm/arm-gnu-toolchain/bin/../lib/gcc/arm-none-eabi/4.9.3/cortex-m7/crtbegin.o

.igot.plt       0x0040da3c        0x0
 .igot.plt      0x00000000        0x0 c:/program files (x86)/atmel/studio/7.0/toolchain/arm/arm-gnu-toolchain/bin/../lib/gcc/arm-none-eabi/4.9.3/cortex-m7/crtbegin.o
                0x0040da3c                . = ALIGN (0x4)
                0x0040da3c                _etext = .

.relocate       0x20400000      0x914 load address 0x0040da3c
                0x20400000                . = ALIGN (0x4)
                0x20400000                _srelocate = .
 *(.ramfunc .ramfunc.*)
 *(.data .data.*)
 .data.g_interrupt_enabled
                0x20400000        0x1 src/ASF/common/utils/interrupt/interrupt_sam_nvic.o
                0x20400000                g_interrupt_enabled
 *fill*         0x20400001        0x3 
 .data.SystemCoreClock
                0x20400004        0x4 src/ASF/sam/utils/cmsis/same70/source/templates/system_same70.o
                0x20400004                SystemCoreClock
 .data.p_revdata
                0x20400008        0x4 src/usart_rs485_example_canopus.o
                0x20400008                p_revdata
 .data.fade_in.10109
                0x2040000c        0x1 src/usart_rs485_example_canopus.o
 *fill*         0x2040000d        0x3 
 .data.ul_duty.10108
                0x20400010        0x4 src/usart_rs485_example_canopus.o
 .data.firstDoorOpenSinceIdle
                0x20400014        0x1 src/main.o
                0x20400014                firstDoorOpenSinceIdle
 .data.firstTimeThroughPCA9952
                0x20400015        0x1 src/main.o
                0x20400015                firstTimeThroughPCA9952
 *fill*         0x20400016        0x2 
 .data.displayTimerSeconds
                0x20400018        0x4 src/main.o
                0x20400018                displayTimerSeconds
 .data.kpbValidCodes
                0x2040001c        0x4 src/main.o
                0x2040001c                kpbValidCodes
 .data.CMD_READY
                0x20400020        0x7 src/main.o
                0x20400020                CMD_READY
 *fill*         0x20400027        0x1 
 .data.CMD_CLEAN
                0x20400028        0x7 src/main.o
                0x20400028                CMD_CLEAN
 *fill*         0x2040002f        0x1 
 .data.CMD_CLEANING
                0x20400030        0x7 src/main.o
                0x20400030                CMD_CLEANING
 *fill*         0x20400037        0x1 
 .data.CMD_DIRTY
                0x20400038        0x7 src/main.o
                0x20400038                CMD_DIRTY
 *fill*         0x2040003f        0x1 
 .data.CMD_ERROR
                0x20400040        0x7 src/main.o
                0x20400040                CMD_ERROR
 *fill*         0x20400047        0x1 
 .data.CMD_SHELF1
                0x20400048        0x7 src/main.o
                0x20400048                CMD_SHELF1
 *fill*         0x2040004f        0x1 
 .data.CMD_SHELF2
                0x20400050        0x7 src/main.o
                0x20400050                CMD_SHELF2
 *fill*         0x20400057        0x1 
 .data.CMD_SHELF3
                0x20400058        0x7 src/main.o
                0x20400058                CMD_SHELF3
 *fill*         0x2040005f        0x1 
 .data.CMD_SHELF4
                0x20400060        0x7 src/main.o
                0x20400060                CMD_SHELF4
 *fill*         0x20400067        0x1 
 .data.CMD_CLEAR
                0x20400068        0x7 src/main.o
                0x20400068                CMD_CLEAR
 *fill*         0x2040006f        0x1 
 .data.cmdPtrArray
                0x20400070       0x28 src/main.o
                0x20400070                cmdPtrArray
 .data.repeatCountSetting.12760
                0x20400098        0x1 src/main.o
 *fill*         0x20400099        0x3 
 .data.__ctype_ptr__
                0x2040009c        0x4 c:/program files (x86)/atmel/studio/7.0/toolchain/arm/arm-gnu-toolchain/bin/../lib/gcc/arm-none-eabi/4.9.3/../../../../arm-none-eabi/lib/cortex-m7\libc.a(lib_a-ctype_.o)
                0x2040009c                __ctype_ptr__
 .data.impure_data
                0x204000a0      0x428 c:/program files (x86)/atmel/studio/7.0/toolchain/arm/arm-gnu-toolchain/bin/../lib/gcc/arm-none-eabi/4.9.3/../../../../arm-none-eabi/lib/cortex-m7\libc.a(lib_a-impure.o)
 .data._impure_ptr
                0x204004c8        0x4 c:/program files (x86)/atmel/studio/7.0/toolchain/arm/arm-gnu-toolchain/bin/../lib/gcc/arm-none-eabi/4.9.3/../../../../arm-none-eabi/lib/cortex-m7\libc.a(lib_a-impure.o)
                0x204004c8                _impure_ptr
 .data.lconv    0x204004cc       0x38 c:/program files (x86)/atmel/studio/7.0/toolchain/arm/arm-gnu-toolchain/bin/../lib/gcc/arm-none-eabi/4.9.3/../../../../arm-none-eabi/lib/cortex-m7\libc.a(lib_a-locale.o)
 .data.__malloc_av_
                0x20400504      0x408 c:/program files (x86)/atmel/studio/7.0/toolchain/arm/arm-gnu-toolchain/bin/../lib/gcc/arm-none-eabi/4.9.3/../../../../arm-none-eabi/lib/cortex-m7\libc.a(lib_a-mallocr.o)
                0x20400504                __malloc_av_
 .data.__malloc_trim_threshold
                0x2040090c        0x4 c:/program files (x86)/atmel/studio/7.0/toolchain/arm/arm-gnu-toolchain/bin/../lib/gcc/arm-none-eabi/4.9.3/../../../../arm-none-eabi/lib/cortex-m7\libc.a(lib_a-mallocr.o)
                0x2040090c                __malloc_trim_threshold
 .data.__malloc_sbrk_base
                0x20400910        0x4 c:/program files (x86)/atmel/studio/7.0/toolchain/arm/arm-gnu-toolchain/bin/../lib/gcc/arm-none-eabi/4.9.3/../../../../arm-none-eabi/lib/cortex-m7\libc.a(lib_a-mallocr.o)
                0x20400910                __malloc_sbrk_base
                0x20400914                . = ALIGN (0x4)
                0x20400914                _erelocate = .

.bss            0x20400914      0xf58 load address 0x0040e350
                0x20400914                . = ALIGN (0x4)
                0x20400914                _sbss = .
                0x20400914                _szero = .
 *(.bss .bss.*)
 .bss           0x20400914       0x1c c:/program files (x86)/atmel/studio/7.0/toolchain/arm/arm-gnu-toolchain/bin/../lib/gcc/arm-none-eabi/4.9.3/cortex-m7/crtbegin.o
 .bss.gs_interrupt_sources
                0x20400930       0x70 src/ASF/sam/drivers/pio/pio_handler.o
 .bss.ul_reg_val.8138
                0x204009a0        0x4 src/ASF/sam/drivers/usart/usart.o
 .bss.heap.5212
                0x204009a4        0x4 src/ASF/sam/utils/syscalls/gcc/syscalls.o
 .bss.timerTickCount
                0x204009a8        0x4 src/timer.o
                0x204009a8                timerTickCount
 .bss.rollover  0x204009ac        0x1 src/timer.o
                0x204009ac                rollover
 .bss.g_state   0x204009ad        0x1 src/usart_rs485_example_canopus.o
                0x204009ad                g_state
 *fill*         0x204009ae        0x2 
 .bss.g_ulcount
                0x204009b0        0x4 src/usart_rs485_example_canopus.o
                0x204009b0                g_ulcount
 .bss.ul_ms_ticks
                0x204009b4        0x4 src/usart_rs485_example_canopus.o
                0x204009b4                ul_ms_ticks
 .bss.is_conversion_done
                0x204009b8        0x1 src/usart_rs485_example_canopus.o
                0x204009b8                is_conversion_done
 *fill*         0x204009b9        0x3 
 .bss.ul_count.10107
                0x204009bc        0x4 src/usart_rs485_example_canopus.o
 .bss.scanKPResult
                0x204009c0        0x1 src/main.o
                0x204009c0                scanKPResult
 .bss.firstTimeSinceDoorLatched
                0x204009c1        0x1 src/main.o
                0x204009c1                firstTimeSinceDoorLatched
 .bss.kpbState  0x204009c2        0x1 src/main.o
                0x204009c2                kpbState
 .bss.electroclaveState
                0x204009c3        0x1 src/main.o
                0x204009c3                electroclaveState
 .bss.errorDisplayState
                0x204009c4        0x1 src/main.o
                0x204009c4                errorDisplayState
 .bss.displayChanged
                0x204009c5        0x1 src/main.o
                0x204009c5                displayChanged
 *fill*         0x204009c6        0x2 
 .bss.sanCycleFlashIdx
                0x204009c8        0x4 src/main.o
                0x204009c8                sanCycleFlashIdx
 .bss.hFlashIdx
                0x204009cc        0x4 src/main.o
                0x204009cc                hFlashIdx
 .bss.mFlashIdx
                0x204009d0        0x4 src/main.o
                0x204009d0                mFlashIdx
 .bss.configFlashIdx
                0x204009d4        0x4 src/main.o
                0x204009d4                configFlashIdx
 .bss.validKeypadCode
                0x204009d8        0x1 src/main.o
                0x204009d8                validKeypadCode
 .bss.startButtonPressed
                0x204009d9        0x1 src/main.o
                0x204009d9                startButtonPressed
 .bss.topEflag0
                0x204009da        0x1 src/main.o
                0x204009da                topEflag0
 .bss.topEflag1
                0x204009db        0x1 src/main.o
                0x204009db                topEflag1
 .bss.botEflag0
                0x204009dc        0x1 src/main.o
                0x204009dc                botEflag0
 .bss.botEflag1
                0x204009dd        0x1 src/main.o
                0x204009dd                botEflag1
 .bss.cmdIdx    0x204009de        0x1 src/main.o
                0x204009de                cmdIdx
 .bss.last_retKPB.12759
                0x204009df        0x1 src/main.o
 .bss.repeatCount.12761
                0x204009e0        0x4 src/main.o
 .bss.displayIdx.13412
                0x204009e4        0x1 src/main.o
 *fill*         0x204009e5        0x3 
 .bss.__malloc_max_total_mem
                0x204009e8        0x4 c:/program files (x86)/atmel/studio/7.0/toolchain/arm/arm-gnu-toolchain/bin/../lib/gcc/arm-none-eabi/4.9.3/../../../../arm-none-eabi/lib/cortex-m7\libc.a(lib_a-mallocr.o)
                0x204009e8                __malloc_max_total_mem
 .bss.__malloc_max_sbrked_mem
                0x204009ec        0x4 c:/program files (x86)/atmel/studio/7.0/toolchain/arm/arm-gnu-toolchain/bin/../lib/gcc/arm-none-eabi/4.9.3/../../../../arm-none-eabi/lib/cortex-m7\libc.a(lib_a-mallocr.o)
                0x204009ec                __malloc_max_sbrked_mem
 .bss.__malloc_top_pad
                0x204009f0        0x4 c:/program files (x86)/atmel/studio/7.0/toolchain/arm/arm-gnu-toolchain/bin/../lib/gcc/arm-none-eabi/4.9.3/../../../../arm-none-eabi/lib/cortex-m7\libc.a(lib_a-mallocr.o)
                0x204009f0                __malloc_top_pad
 .bss.__malloc_current_mallinfo
                0x204009f4       0x28 c:/program files (x86)/atmel/studio/7.0/toolchain/arm/arm-gnu-toolchain/bin/../lib/gcc/arm-none-eabi/4.9.3/../../../../arm-none-eabi/lib/cortex-m7\libc.a(lib_a-mallocr.o)
                0x204009f4                __malloc_current_mallinfo
 *(COMMON)
 COMMON         0x20400a1c        0x6 src/ASF/common/services/sleepmgr/sam/sleepmgr.o
                0x20400a1c                sleepmgr_locks
 *fill*         0x20400a22        0x2 
 COMMON         0x20400a24        0x4 src/ASF/common/utils/stdio/read.o
                0x20400a24                ptr_get
 COMMON         0x20400a28        0x8 src/ASF/common/utils/stdio/write.o
                0x20400a28                ptr_put
                0x20400a2c                stdio_base
 COMMON         0x20400a30       0x80 src/ASF/sam/drivers/afec/afec.o
                0x20400a30                afec_callback_pointer
 COMMON         0x20400ab0       0x28 src/serial_id_ds2411.o
                0x20400ab0                D
                0x20400ab4                A
                0x20400ab8                B
                0x20400abc                J
                0x20400ac0                C
                0x20400ac4                G
                0x20400ac8                H
                0x20400acc                E
                0x20400ad0                I
                0x20400ad4                F
 COMMON         0x20400ad8       0x48 src/timer.o
                0x20400ad8                timers
 COMMON         0x20400b20      0x848 src/usart_rs485_example_canopus.o
                0x20400b20                g_afec1_sample_data
                0x20400b24                g_pwm_channel_led
                0x20400b60                g_ul_tick_count
                0x20400b64                controls
                0x20400b78                adc_current_conversion
                0x20400b7c                ul_vol
                0x20400b80                g_uc_receive_buffer
                0x20401350                status
                0x20401364                g_afec0_sample_data
 COMMON         0x20401368      0x500 src/main.o
                0x20401368                zoom_view_id
                0x2040136c                bluesense_buf
                0x20401374                sf
                0x20401674                ledBrd
                0x204016ba                numPresentShelves
                0x204016bc                shelf
                0x204016d0                sanitizeMinutes
                0x204016d4                minPingPong
                0x204016d8                tmpSanitizeMinutes
                0x204016dc                usageIdx
                0x204016e4                sysErr
                0x204016f4                c
                0x204016f8                ledBrdSide
                0x20401720                sanc
                0x20401724                h
                0x204017e6                numActiveShelves
                0x204017e8                m
                0x20401850                hourPingPong
                0x20401854                cmd
 COMMON         0x20401868        0x4 c:/program files (x86)/atmel/studio/7.0/toolchain/arm/arm-gnu-toolchain/bin/../lib/gcc/arm-none-eabi/4.9.3/../../../../arm-none-eabi/lib/cortex-m7\libc.a(lib_a-reent.o)
                0x20401868                errno
                0x2040186c                . = ALIGN (0x4)
                0x2040186c                _ebss = .
                0x2040186c                _ezero = .

.stack          0x2040186c     0x2004 load address 0x0040f2a8
                0x20401870                . = ALIGN (0x8)
 *fill*         0x2040186c        0x4 
                0x20401870                _sstack = .
                0x20403870                . = (. + STACK_SIZE)
 *fill*         0x20401870     0x2000 
                0x20403870                . = ALIGN (0x8)
                0x20403870                _estack = .

.heap           0x20403870      0x200 load address 0x004112ac
                0x20403870                . = ALIGN (0x8)
                0x20403870                _sheap = .
                0x20403a70                . = (. + HEAP_SIZE)
 *fill*         0x20403870      0x200 
                0x20403a70                . = ALIGN (0x8)
                0x20403a70                _eheap = .
                0x20403a70                . = ALIGN (0x4)
                0x20403a70                _end = .
                0x2045ffff                _ram_end_ = ((ORIGIN (ram) + 0x60000) - 0x1)
OUTPUT(ecgen2.elf elf32-littlearm)

.ARM.attributes
                0x00000000       0x33
 .ARM.attributes
                0x00000000       0x23 c:/program files (x86)/atmel/studio/7.0/toolchain/arm/arm-gnu-toolchain/bin/../lib/gcc/arm-none-eabi/4.9.3/cortex-m7/crti.o
 .ARM.attributes
                0x00000023       0x33 c:/program files (x86)/atmel/studio/7.0/toolchain/arm/arm-gnu-toolchain/bin/../lib/gcc/arm-none-eabi/4.9.3/cortex-m7/crtbegin.o
 .ARM.attributes
                0x00000056       0x37 src/ASF/common/services/clock/same70/sysclk.o
 .ARM.attributes
                0x0000008d       0x37 src/ASF/common/services/sleepmgr/sam/sleepmgr.o
 .ARM.attributes
                0x000000c4       0x37 src/ASF/common/utils/interrupt/interrupt_sam_nvic.o
 .ARM.attributes
                0x000000fb       0x37 src/ASF/common/utils/stdio/read.o
 .ARM.attributes
                0x00000132       0x37 src/ASF/common/utils/stdio/write.o
 .ARM.attributes
                0x00000169       0x37 src/ASF/sam/boards/same70_xplained/init.o
 .ARM.attributes
                0x000001a0       0x37 src/ASF/sam/drivers/afec/afec.o
 .ARM.attributes
                0x000001d7       0x37 src/ASF/sam/drivers/pio/pio.o
 .ARM.attributes
                0x0000020e       0x37 src/ASF/sam/drivers/pio/pio_handler.o
 .ARM.attributes
                0x00000245       0x37 src/ASF/sam/drivers/pmc/pmc.o
 .ARM.attributes
                0x0000027c       0x37 src/ASF/sam/drivers/pwm/pwm.o
 .ARM.attributes
                0x000002b3       0x37 src/ASF/sam/drivers/twihs/twihs.o
 .ARM.attributes
                0x000002ea       0x37 src/ASF/sam/drivers/uart/uart.o
 .ARM.attributes
                0x00000321       0x37 src/ASF/sam/drivers/usart/usart.o
 .ARM.attributes
                0x00000358       0x37 src/ASF/sam/utils/cmsis/same70/source/templates/gcc/startup_same70.o
 .ARM.attributes
                0x0000038f       0x37 src/ASF/sam/utils/cmsis/same70/source/templates/system_same70.o
 .ARM.attributes
                0x000003c6       0x37 src/ASF/sam/utils/syscalls/gcc/syscalls.o
 .ARM.attributes
                0x000003fd       0x37 src/ec_print_funcs.o
 .ARM.attributes
                0x00000434       0x37 src/pca9952.o
 .ARM.attributes
                0x0000046b       0x37 src/serial_id_ds2411.o
 .ARM.attributes
                0x000004a2       0x37 src/timer.o
 .ARM.attributes
                0x000004d9       0x37 src/usart_rs485_example_canopus.o
 .ARM.attributes
                0x00000510       0x37 src/main.o
 .ARM.attributes
                0x00000547       0x33 c:/program files (x86)/atmel/studio/7.0/toolchain/arm/arm-gnu-toolchain/bin/../lib/gcc/arm-none-eabi/4.9.3/../../../../arm-none-eabi/lib/cortex-m7\libc.a(lib_a-ctype_.o)
 .ARM.attributes
                0x0000057a       0x33 c:/program files (x86)/atmel/studio/7.0/toolchain/arm/arm-gnu-toolchain/bin/../lib/gcc/arm-none-eabi/4.9.3/../../../../arm-none-eabi/lib/cortex-m7\libc.a(lib_a-impure.o)
 .ARM.attributes
                0x000005ad       0x33 c:/program files (x86)/atmel/studio/7.0/toolchain/arm/arm-gnu-toolchain/bin/../lib/gcc/arm-none-eabi/4.9.3/../../../../arm-none-eabi/lib/cortex-m7\libc.a(lib_a-init.o)
 .ARM.attributes
                0x000005e0       0x33 c:/program files (x86)/atmel/studio/7.0/toolchain/arm/arm-gnu-toolchain/bin/../lib/gcc/arm-none-eabi/4.9.3/../../../../arm-none-eabi/lib/cortex-m7\libc.a(lib_a-memset.o)
 .ARM.attributes
                0x00000613       0x33 c:/program files (x86)/atmel/studio/7.0/toolchain/arm/arm-gnu-toolchain/bin/../lib/gcc/arm-none-eabi/4.9.3/../../../../arm-none-eabi/lib/cortex-m7\libc.a(lib_a-puts.o)
 .ARM.attributes
                0x00000646       0x33 c:/program files (x86)/atmel/studio/7.0/toolchain/arm/arm-gnu-toolchain/bin/../lib/gcc/arm-none-eabi/4.9.3/../../../../arm-none-eabi/lib/cortex-m7\libc.a(lib_a-setbuf.o)
 .ARM.attributes
                0x00000679       0x33 c:/program files (x86)/atmel/studio/7.0/toolchain/arm/arm-gnu-toolchain/bin/../lib/gcc/arm-none-eabi/4.9.3/../../../../arm-none-eabi/lib/cortex-m7\libc.a(lib_a-setvbuf.o)
 .ARM.attributes
                0x000006ac       0x33 c:/program files (x86)/atmel/studio/7.0/toolchain/arm/arm-gnu-toolchain/bin/../lib/gcc/arm-none-eabi/4.9.3/../../../../arm-none-eabi/lib/cortex-m7\libc.a(lib_a-sprintf.o)
 .ARM.attributes
                0x000006df       0x33 c:/program files (x86)/atmel/studio/7.0/toolchain/arm/arm-gnu-toolchain/bin/../lib/gcc/arm-none-eabi/4.9.3/../../../../arm-none-eabi/lib/cortex-m7\libc.a(lib_a-strlen.o)
 .ARM.attributes
                0x00000712       0x33 c:/program files (x86)/atmel/studio/7.0/toolchain/arm/arm-gnu-toolchain/bin/../lib/gcc/arm-none-eabi/4.9.3/../../../../arm-none-eabi/lib/cortex-m7\libc.a(lib_a-strncpy.o)
 .ARM.attributes
                0x00000745       0x33 c:/program files (x86)/atmel/studio/7.0/toolchain/arm/arm-gnu-toolchain/bin/../lib/gcc/arm-none-eabi/4.9.3/../../../../arm-none-eabi/lib/cortex-m7\libc.a(lib_a-svfprintf.o)
 .ARM.attributes
                0x00000778       0x33 c:/program files (x86)/atmel/studio/7.0/toolchain/arm/arm-gnu-toolchain/bin/../lib/gcc/arm-none-eabi/4.9.3/../../../../arm-none-eabi/lib/cortex-m7\libc.a(lib_a-wbuf.o)
 .ARM.attributes
                0x000007ab       0x33 c:/program files (x86)/atmel/studio/7.0/toolchain/arm/arm-gnu-toolchain/bin/../lib/gcc/arm-none-eabi/4.9.3/../../../../arm-none-eabi/lib/cortex-m7\libc.a(lib_a-wsetup.o)
 .ARM.attributes
                0x000007de       0x33 c:/program files (x86)/atmel/studio/7.0/toolchain/arm/arm-gnu-toolchain/bin/../lib/gcc/arm-none-eabi/4.9.3/../../../../arm-none-eabi/lib/cortex-m7\libc.a(lib_a-__call_atexit.o)
 .ARM.attributes
                0x00000811       0x33 c:/program files (x86)/atmel/studio/7.0/toolchain/arm/arm-gnu-toolchain/bin/../lib/gcc/arm-none-eabi/4.9.3/../../../../arm-none-eabi/lib/cortex-m7\libc.a(lib_a-atexit.o)
 .ARM.attributes
                0x00000844       0x33 c:/program files (x86)/atmel/studio/7.0/toolchain/arm/arm-gnu-toolchain/bin/../lib/gcc/arm-none-eabi/4.9.3/../../../../arm-none-eabi/lib/cortex-m7\libc.a(lib_a-dtoa.o)
 .ARM.attributes
                0x00000877       0x33 c:/program files (x86)/atmel/studio/7.0/toolchain/arm/arm-gnu-toolchain/bin/../lib/gcc/arm-none-eabi/4.9.3/../../../../arm-none-eabi/lib/cortex-m7\libc.a(lib_a-fflush.o)
 .ARM.attributes
                0x000008aa       0x33 c:/program files (x86)/atmel/studio/7.0/toolchain/arm/arm-gnu-toolchain/bin/../lib/gcc/arm-none-eabi/4.9.3/../../../../arm-none-eabi/lib/cortex-m7\libc.a(lib_a-findfp.o)
 .ARM.attributes
                0x000008dd       0x33 c:/program files (x86)/atmel/studio/7.0/toolchain/arm/arm-gnu-toolchain/bin/../lib/gcc/arm-none-eabi/4.9.3/../../../../arm-none-eabi/lib/cortex-m7\libc.a(lib_a-fini.o)
 .ARM.attributes
                0x00000910       0x33 c:/program files (x86)/atmel/studio/7.0/toolchain/arm/arm-gnu-toolchain/bin/../lib/gcc/arm-none-eabi/4.9.3/../../../../arm-none-eabi/lib/cortex-m7\libc.a(lib_a-freer.o)
 .ARM.attributes
                0x00000943       0x33 c:/program files (x86)/atmel/studio/7.0/toolchain/arm/arm-gnu-toolchain/bin/../lib/gcc/arm-none-eabi/4.9.3/../../../../arm-none-eabi/lib/cortex-m7\libc.a(lib_a-fvwrite.o)
 .ARM.attributes
                0x00000976       0x33 c:/program files (x86)/atmel/studio/7.0/toolchain/arm/arm-gnu-toolchain/bin/../lib/gcc/arm-none-eabi/4.9.3/../../../../arm-none-eabi/lib/cortex-m7\libc.a(lib_a-fwalk.o)
 .ARM.attributes
                0x000009a9       0x33 c:/program files (x86)/atmel/studio/7.0/toolchain/arm/arm-gnu-toolchain/bin/../lib/gcc/arm-none-eabi/4.9.3/../../../../arm-none-eabi/lib/cortex-m7\libc.a(lib_a-locale.o)
 .ARM.attributes
                0x000009dc       0x33 c:/program files (x86)/atmel/studio/7.0/toolchain/arm/arm-gnu-toolchain/bin/../lib/gcc/arm-none-eabi/4.9.3/../../../../arm-none-eabi/lib/cortex-m7\libc.a(lib_a-makebuf.o)
 .ARM.attributes
                0x00000a0f       0x33 c:/program files (x86)/atmel/studio/7.0/toolchain/arm/arm-gnu-toolchain/bin/../lib/gcc/arm-none-eabi/4.9.3/../../../../arm-none-eabi/lib/cortex-m7\libc.a(lib_a-malloc.o)
 .ARM.attributes
                0x00000a42       0x33 c:/program files (x86)/atmel/studio/7.0/toolchain/arm/arm-gnu-toolchain/bin/../lib/gcc/arm-none-eabi/4.9.3/../../../../arm-none-eabi/lib/cortex-m7\libc.a(lib_a-mallocr.o)
 .ARM.attributes
                0x00000a75       0x33 c:/program files (x86)/atmel/studio/7.0/toolchain/arm/arm-gnu-toolchain/bin/../lib/gcc/arm-none-eabi/4.9.3/../../../../arm-none-eabi/lib/cortex-m7\libc.a(lib_a-memchr.o)
 .ARM.attributes
                0x00000aa8       0x21 c:/program files (x86)/atmel/studio/7.0/toolchain/arm/arm-gnu-toolchain/bin/../lib/gcc/arm-none-eabi/4.9.3/../../../../arm-none-eabi/lib/cortex-m7\libc.a(lib_a-memcpy.o)
 .ARM.attributes
                0x00000ac9       0x33 c:/program files (x86)/atmel/studio/7.0/toolchain/arm/arm-gnu-toolchain/bin/../lib/gcc/arm-none-eabi/4.9.3/../../../../arm-none-eabi/lib/cortex-m7\libc.a(lib_a-memmove.o)
 .ARM.attributes
                0x00000afc       0x33 c:/program files (x86)/atmel/studio/7.0/toolchain/arm/arm-gnu-toolchain/bin/../lib/gcc/arm-none-eabi/4.9.3/../../../../arm-none-eabi/lib/cortex-m7\libc.a(lib_a-mlock.o)
 .ARM.attributes
                0x00000b2f       0x33 c:/program files (x86)/atmel/studio/7.0/toolchain/arm/arm-gnu-toolchain/bin/../lib/gcc/arm-none-eabi/4.9.3/../../../../arm-none-eabi/lib/cortex-m7\libc.a(lib_a-mprec.o)
 .ARM.attributes
                0x00000b62       0x33 c:/program files (x86)/atmel/studio/7.0/toolchain/arm/arm-gnu-toolchain/bin/../lib/gcc/arm-none-eabi/4.9.3/../../../../arm-none-eabi/lib/cortex-m7\libc.a(lib_a-reallocr.o)
 .ARM.attributes
                0x00000b95       0x33 c:/program files (x86)/atmel/studio/7.0/toolchain/arm/arm-gnu-toolchain/bin/../lib/gcc/arm-none-eabi/4.9.3/../../../../arm-none-eabi/lib/cortex-m7\libc.a(lib_a-s_fpclassify.o)
 .ARM.attributes
                0x00000bc8       0x33 c:/program files (x86)/atmel/studio/7.0/toolchain/arm/arm-gnu-toolchain/bin/../lib/gcc/arm-none-eabi/4.9.3/../../../../arm-none-eabi/lib/cortex-m7\libc.a(lib_a-sbrkr.o)
 .ARM.attributes
                0x00000bfb       0x33 c:/program files (x86)/atmel/studio/7.0/toolchain/arm/arm-gnu-toolchain/bin/../lib/gcc/arm-none-eabi/4.9.3/../../../../arm-none-eabi/lib/cortex-m7\libc.a(lib_a-stdio.o)
 .ARM.attributes
                0x00000c2e       0x33 c:/program files (x86)/atmel/studio/7.0/toolchain/arm/arm-gnu-toolchain/bin/../lib/gcc/arm-none-eabi/4.9.3/../../../../arm-none-eabi/lib/cortex-m7\libc.a(lib_a-svfiprintf.o)
 .ARM.attributes
                0x00000c61       0x33 c:/program files (x86)/atmel/studio/7.0/toolchain/arm/arm-gnu-toolchain/bin/../lib/gcc/arm-none-eabi/4.9.3/../../../../arm-none-eabi/lib/cortex-m7\libc.a(lib_a-writer.o)
 .ARM.attributes
                0x00000c94       0x33 c:/program files (x86)/atmel/studio/7.0/toolchain/arm/arm-gnu-toolchain/bin/../lib/gcc/arm-none-eabi/4.9.3/../../../../arm-none-eabi/lib/cortex-m7\libc.a(lib_a-__atexit.o)
 .ARM.attributes
                0x00000cc7       0x33 c:/program files (x86)/atmel/studio/7.0/toolchain/arm/arm-gnu-toolchain/bin/../lib/gcc/arm-none-eabi/4.9.3/../../../../arm-none-eabi/lib/cortex-m7\libc.a(lib_a-callocr.o)
 .ARM.attributes
                0x00000cfa       0x33 c:/program files (x86)/atmel/studio/7.0/toolchain/arm/arm-gnu-toolchain/bin/../lib/gcc/arm-none-eabi/4.9.3/../../../../arm-none-eabi/lib/cortex-m7\libc.a(lib_a-closer.o)
 .ARM.attributes
                0x00000d2d       0x33 c:/program files (x86)/atmel/studio/7.0/toolchain/arm/arm-gnu-toolchain/bin/../lib/gcc/arm-none-eabi/4.9.3/../../../../arm-none-eabi/lib/cortex-m7\libc.a(lib_a-fclose.o)
 .ARM.attributes
                0x00000d60       0x33 c:/program files (x86)/atmel/studio/7.0/toolchain/arm/arm-gnu-toolchain/bin/../lib/gcc/arm-none-eabi/4.9.3/../../../../arm-none-eabi/lib/cortex-m7\libc.a(lib_a-fstatr.o)
 .ARM.attributes
                0x00000d93       0x33 c:/program files (x86)/atmel/studio/7.0/toolchain/arm/arm-gnu-toolchain/bin/../lib/gcc/arm-none-eabi/4.9.3/../../../../arm-none-eabi/lib/cortex-m7\libc.a(lib_a-isattyr.o)
 .ARM.attributes
                0x00000dc6       0x33 c:/program files (x86)/atmel/studio/7.0/toolchain/arm/arm-gnu-toolchain/bin/../lib/gcc/arm-none-eabi/4.9.3/../../../../arm-none-eabi/lib/cortex-m7\libc.a(lib_a-lseekr.o)
 .ARM.attributes
                0x00000df9       0x33 c:/program files (x86)/atmel/studio/7.0/toolchain/arm/arm-gnu-toolchain/bin/../lib/gcc/arm-none-eabi/4.9.3/../../../../arm-none-eabi/lib/cortex-m7\libc.a(lib_a-readr.o)
 .ARM.attributes
                0x00000e2c       0x33 c:/program files (x86)/atmel/studio/7.0/toolchain/arm/arm-gnu-toolchain/bin/../lib/gcc/arm-none-eabi/4.9.3/../../../../arm-none-eabi/lib/cortex-m7\libc.a(lib_a-reent.o)
 .ARM.attributes
                0x00000e5f       0x23 c:/program files (x86)/atmel/studio/7.0/toolchain/arm/arm-gnu-toolchain/bin/../lib/gcc/arm-none-eabi/4.9.3/cortex-m7\libgcc.a(_arm_addsubdf3.o)
 .ARM.attributes
                0x00000e82       0x23 c:/program files (x86)/atmel/studio/7.0/toolchain/arm/arm-gnu-toolchain/bin/../lib/gcc/arm-none-eabi/4.9.3/cortex-m7\libgcc.a(_arm_muldivdf3.o)
 .ARM.attributes
                0x00000ea5       0x23 c:/program files (x86)/atmel/studio/7.0/toolchain/arm/arm-gnu-toolchain/bin/../lib/gcc/arm-none-eabi/4.9.3/cortex-m7\libgcc.a(_arm_cmpdf2.o)
 .ARM.attributes
                0x00000ec8       0x23 c:/program files (x86)/atmel/studio/7.0/toolchain/arm/arm-gnu-toolchain/bin/../lib/gcc/arm-none-eabi/4.9.3/cortex-m7\libgcc.a(_arm_fixdfsi.o)
 .ARM.attributes
                0x00000eeb       0x23 c:/program files (x86)/atmel/studio/7.0/toolchain/arm/arm-gnu-toolchain/bin/../lib/gcc/arm-none-eabi/4.9.3/cortex-m7\libgcc.a(_aeabi_uldivmod.o)
 .ARM.attributes
                0x00000f0e       0x33 c:/program files (x86)/atmel/studio/7.0/toolchain/arm/arm-gnu-toolchain/bin/../lib/gcc/arm-none-eabi/4.9.3/cortex-m7\libgcc.a(bpabi.o)
 .ARM.attributes
                0x00000f41       0x23 c:/program files (x86)/atmel/studio/7.0/toolchain/arm/arm-gnu-toolchain/bin/../lib/gcc/arm-none-eabi/4.9.3/cortex-m7\libgcc.a(_dvmd_tls.o)
 .ARM.attributes
                0x00000f64       0x33 c:/program files (x86)/atmel/studio/7.0/toolchain/arm/arm-gnu-toolchain/bin/../lib/gcc/arm-none-eabi/4.9.3/cortex-m7\libgcc.a(_divdi3.o)
 .ARM.attributes
                0x00000f97       0x33 c:/program files (x86)/atmel/studio/7.0/toolchain/arm/arm-gnu-toolchain/bin/../lib/gcc/arm-none-eabi/4.9.3/cortex-m7\libgcc.a(_udivdi3.o)
 .ARM.attributes
                0x00000fca       0x23 c:/program files (x86)/atmel/studio/7.0/toolchain/arm/arm-gnu-toolchain/bin/../lib/gcc/arm-none-eabi/4.9.3/cortex-m7/crtn.o

.comment        0x00000000       0x5b