Archive member included because of file (symbol)

c:/program files (x86)/atmel/studio/7.0/toolchain/arm/arm-gnu-toolchain/bin/../lib/gcc/arm-none-eabi/4.9.3/../../../../arm-none-eabi/lib/cortex-m7\libc.a(lib_a-exit.o)
                              c:/program files (x86)/atmel/studio/7.0/toolchain/arm/arm-gnu-toolchain/bin/../lib/gcc/arm-none-eabi/4.9.3/../../../../arm-none-eabi/lib/cortex-m7/crt0.o (exit)
c:/program files (x86)/atmel/studio/7.0/toolchain/arm/arm-gnu-toolchain/bin/../lib/gcc/arm-none-eabi/4.9.3/../../../../arm-none-eabi/lib/cortex-m7\libc.a(lib_a-impure.o)
                              c:/program files (x86)/atmel/studio/7.0/toolchain/arm/arm-gnu-toolchain/bin/../lib/gcc/arm-none-eabi/4.9.3/../../../../arm-none-eabi/lib/cortex-m7\libc.a(lib_a-exit.o) (_global_impure_ptr)
c:/program files (x86)/atmel/studio/7.0/toolchain/arm/arm-gnu-toolchain/bin/../lib/gcc/arm-none-eabi/4.9.3/../../../../arm-none-eabi/lib/cortex-m7\libc.a(lib_a-init.o)
                              c:/program files (x86)/atmel/studio/7.0/toolchain/arm/arm-gnu-toolchain/bin/../lib/gcc/arm-none-eabi/4.9.3/../../../../arm-none-eabi/lib/cortex-m7/crt0.o (__libc_init_array)
c:/program files (x86)/atmel/studio/7.0/toolchain/arm/arm-gnu-toolchain/bin/../lib/gcc/arm-none-eabi/4.9.3/../../../../arm-none-eabi/lib/cortex-m7\libc.a(lib_a-iprintf.o)
                              src/ASF/sam/utils/syscalls/gcc/syscalls.o (iprintf)
c:/program files (x86)/atmel/studio/7.0/toolchain/arm/arm-gnu-toolchain/bin/../lib/gcc/arm-none-eabi/4.9.3/../../../../arm-none-eabi/lib/cortex-m7\libc.a(lib_a-memset.o)
                              c:/program files (x86)/atmel/studio/7.0/toolchain/arm/arm-gnu-toolchain/bin/../lib/gcc/arm-none-eabi/4.9.3/../../../../arm-none-eabi/lib/cortex-m7/crt0.o (memset)
c:/program files (x86)/atmel/studio/7.0/toolchain/arm/arm-gnu-toolchain/bin/../lib/gcc/arm-none-eabi/4.9.3/../../../../arm-none-eabi/lib/cortex-m7\libc.a(lib_a-puts.o)
                              src/usart_rs485_example_canopus.o (puts)
c:/program files (x86)/atmel/studio/7.0/toolchain/arm/arm-gnu-toolchain/bin/../lib/gcc/arm-none-eabi/4.9.3/../../../../arm-none-eabi/lib/cortex-m7\libc.a(lib_a-setbuf.o)
                              src/usart_rs485_example_canopus.o (setbuf)
c:/program files (x86)/atmel/studio/7.0/toolchain/arm/arm-gnu-toolchain/bin/../lib/gcc/arm-none-eabi/4.9.3/../../../../arm-none-eabi/lib/cortex-m7\libc.a(lib_a-setvbuf.o)
                              c:/program files (x86)/atmel/studio/7.0/toolchain/arm/arm-gnu-toolchain/bin/../lib/gcc/arm-none-eabi/4.9.3/../../../../arm-none-eabi/lib/cortex-m7\libc.a(lib_a-setbuf.o) (setvbuf)
c:/program files (x86)/atmel/studio/7.0/toolchain/arm/arm-gnu-toolchain/bin/../lib/gcc/arm-none-eabi/4.9.3/../../../../arm-none-eabi/lib/cortex-m7\libc.a(lib_a-sprintf.o)
                              src/pca9952.o (sprintf)
c:/program files (x86)/atmel/studio/7.0/toolchain/arm/arm-gnu-toolchain/bin/../lib/gcc/arm-none-eabi/4.9.3/../../../../arm-none-eabi/lib/cortex-m7\libc.a(lib_a-strlen.o)
                              src/pca9952.o (strlen)
c:/program files (x86)/atmel/studio/7.0/toolchain/arm/arm-gnu-toolchain/bin/../lib/gcc/arm-none-eabi/4.9.3/../../../../arm-none-eabi/lib/cortex-m7\libc.a(lib_a-svfprintf.o)
                              c:/program files (x86)/atmel/studio/7.0/toolchain/arm/arm-gnu-toolchain/bin/../lib/gcc/arm-none-eabi/4.9.3/../../../../arm-none-eabi/lib/cortex-m7\libc.a(lib_a-sprintf.o) (_svfprintf_r)
c:/program files (x86)/atmel/studio/7.0/toolchain/arm/arm-gnu-toolchain/bin/../lib/gcc/arm-none-eabi/4.9.3/../../../../arm-none-eabi/lib/cortex-m7\libc.a(lib_a-vfiprintf.o)
                              c:/program files (x86)/atmel/studio/7.0/toolchain/arm/arm-gnu-toolchain/bin/../lib/gcc/arm-none-eabi/4.9.3/../../../../arm-none-eabi/lib/cortex-m7\libc.a(lib_a-iprintf.o) (_vfiprintf_r)
c:/program files (x86)/atmel/studio/7.0/toolchain/arm/arm-gnu-toolchain/bin/../lib/gcc/arm-none-eabi/4.9.3/../../../../arm-none-eabi/lib/cortex-m7\libc.a(lib_a-wbuf.o)
                              src/usart_rs485_example_canopus.o (__swbuf_r)
c:/program files (x86)/atmel/studio/7.0/toolchain/arm/arm-gnu-toolchain/bin/../lib/gcc/arm-none-eabi/4.9.3/../../../../arm-none-eabi/lib/cortex-m7\libc.a(lib_a-wsetup.o)
                              c:/program files (x86)/atmel/studio/7.0/toolchain/arm/arm-gnu-toolchain/bin/../lib/gcc/arm-none-eabi/4.9.3/../../../../arm-none-eabi/lib/cortex-m7\libc.a(lib_a-vfiprintf.o) (__swsetup_r)
c:/program files (x86)/atmel/studio/7.0/toolchain/arm/arm-gnu-toolchain/bin/../lib/gcc/arm-none-eabi/4.9.3/../../../../arm-none-eabi/lib/cortex-m7\libc.a(lib_a-__call_atexit.o)
                              c:/program files (x86)/atmel/studio/7.0/toolchain/arm/arm-gnu-toolchain/bin/../lib/gcc/arm-none-eabi/4.9.3/../../../../arm-none-eabi/lib/cortex-m7\libc.a(lib_a-exit.o) (__call_exitprocs)
[...]
Memory Configuration

Name             Origin             Length             Attributes
rom              0x00400000         0x00200000         xr
ram              0x20400000         0x00060000         xrw
*default*        0x00000000         0xffffffff

Linker script and memory map

LOAD c:/program files (x86)/atmel/studio/7.0/toolchain/arm/arm-gnu-toolchain/bin/../lib/gcc/arm-none-eabi/4.9.3/cortex-m7/crti.o
LOAD c:/program files (x86)/atmel/studio/7.0/toolchain/arm/arm-gnu-toolchain/bin/../lib/gcc/arm-none-eabi/4.9.3/cortex-m7/crtbegin.o
LOAD c:/program files (x86)/atmel/studio/7.0/toolchain/arm/arm-gnu-toolchain/bin/../lib/gcc/arm-none-eabi/4.9.3/../../../../arm-none-eabi/lib/cortex-m7/crt0.o
LOAD src/ASF/common/services/clock/same70/sysclk.o
LOAD src/ASF/common/services/serial/usart_serial.o
LOAD src/ASF/common/services/sleepmgr/sam/sleepmgr.o
LOAD src/ASF/common/utils/interrupt/interrupt_sam_nvic.o
LOAD src/ASF/common/utils/stdio/read.o
LOAD src/ASF/common/utils/stdio/write.o
LOAD src/ASF/sam/boards/same70_xplained/init.o
LOAD src/ASF/sam/drivers/afec/afec.o
LOAD src/ASF/sam/drivers/mpu/mpu.o
LOAD src/ASF/sam/drivers/pio/pio.o
LOAD src/ASF/sam/drivers/pio/pio_handler.o
LOAD src/ASF/sam/drivers/pmc/pmc.o
LOAD src/ASF/sam/drivers/pmc/sleep.o
LOAD src/ASF/sam/drivers/pwm/pwm.o
LOAD src/ASF/sam/drivers/tc/tc.o
LOAD src/ASF/sam/drivers/twihs/twihs.o
LOAD src/ASF/sam/drivers/uart/uart.o
LOAD src/ASF/sam/drivers/usart/usart.o
LOAD src/ASF/sam/utils/cmsis/same70/source/templates/gcc/startup_same70.o
LOAD src/ASF/sam/utils/cmsis/same70/source/templates/system_same70.o
LOAD src/ASF/sam/utils/syscalls/gcc/syscalls.o
LOAD src/pca9952.o
LOAD src/serial_id_ds2411.o
LOAD src/usart_rs485_example_canopus.o
LOAD src/main.o
START GROUP
LOAD ../src/ASF/thirdparty/CMSIS/Lib/GCC\libarm_cortexM7lfsp_math_softfp.a
LOAD c:/program files (x86)/atmel/studio/7.0/toolchain/arm/arm-gnu-toolchain/bin/../lib/gcc/arm-none-eabi/4.9.3/../../../../arm-none-eabi/lib/cortex-m7\libm.a
END GROUP
START GROUP
LOAD c:/program files (x86)/atmel/studio/7.0/toolchain/arm/arm-gnu-toolchain/bin/../lib/gcc/arm-none-eabi/4.9.3/cortex-m7\libgcc.a
LOAD c:/program files (x86)/atmel/studio/7.0/toolchain/arm/arm-gnu-toolchain/bin/../lib/gcc/arm-none-eabi/4.9.3/../../../../arm-none-eabi/lib/cortex-m7\libc.a
END GROUP
LOAD c:/program files (x86)/atmel/studio/7.0/toolchain/arm/arm-gnu-toolchain/bin/../lib/gcc/arm-none-eabi/4.9.3/cortex-m7/crtend.o
LOAD c:/program files (x86)/atmel/studio/7.0/toolchain/arm/arm-gnu-toolchain/bin/../lib/gcc/arm-none-eabi/4.9.3/cortex-m7/crtn.o
                0x00002000                STACK_SIZE = DEFINED (STACK_SIZE)?STACK_SIZE:0x2000
                0x2045fffc                __ram_end__ = ((ORIGIN (ram) + 0x60000) - 0x4)
                0x00000200                HEAP_SIZE = DEFINED (HEAP_SIZE)?HEAP_SIZE:0x200

.text           0x00400000     0xad0c
                0x00400000                . = ALIGN (0x4)
                0x00400000                _sfixed = .
 *(.vectors .vectors.*)
 .vectors       0x00400000      0x140 src/ASF/sam/utils/cmsis/same70/source/templates/gcc/startup_same70.o
                0x00400000                exception_table
 *(.text .text.* .gnu.linkonce.t.*)
 .text          0x00400140       0x5c c:/program files (x86)/atmel/studio/7.0/toolchain/arm/arm-gnu-toolchain/bin/../lib/gcc/arm-none-eabi/4.9.3/cortex-m7/crtbegin.o
 .text.osc_enable
                0x0040019c       0x84 src/ASF/common/services/clock/same70/sysclk.o
 .text.osc_is_ready
                0x00400220       0x70 src/ASF/common/services/clock/same70/sysclk.o
 .text.osc_get_rate
                0x00400290       0x78 src/ASF/common/services/clock/same70/sysclk.o
 .text.osc_wait_ready
                0x00400308       0x2c src/ASF/common/services/clock/same70/sysclk.o
 .text.pll_config_init
                0x00400334       0x68 src/ASF/common/services/clock/same70/sysclk.o
 .text.pll_enable
                0x0040039c       0x3c src/ASF/common/services/clock/same70/sysclk.o
 .text.pll_is_locked
                0x004003d8       0x2c src/ASF/common/services/clock/same70/sysclk.o
 .text.pll_enable_source
                0x00400404       0x34 src/ASF/common/services/clock/same70/sysclk.o
 .text.pll_wait_for_lock
                0x00400438       0x24 src/ASF/common/services/clock/same70/sysclk.o
 .text.sysclk_get_main_hz
                0x0040045c       0x20 src/ASF/common/services/clock/same70/sysclk.o
 .text.sysclk_get_cpu_hz
                0x0040047c       0x14 src/ASF/common/services/clock/same70/sysclk.o
 .text.sysclk_init
                0x00400490       0x7c src/ASF/common/services/clock/same70/sysclk.o
                0x00400490                sysclk_init
 .text._read    0x0040050c       0x58 src/ASF/common/utils/stdio/read.o
                0x0040050c                _read
 .text._write   0x00400564       0x70 src/ASF/common/utils/stdio/write.o
                0x00400564                _write
 .text.sysclk_enable_peripheral_clock
                0x004005d4       0x18 src/ASF/sam/boards/same70_xplained/init.o
 .text.ioport_init
                0x004005ec       0x28 src/ASF/sam/boards/same70_xplained/init.o
 .text.ioport_disable_pin
                0x00400614       0x48 src/ASF/sam/boards/same70_xplained/init.o
 .text.ioport_disable_port
                0x0040065c       0x34 src/ASF/sam/boards/same70_xplained/init.o
 .text.ioport_set_port_mode
                0x00400690      0x100 src/ASF/sam/boards/same70_xplained/init.o
 .text.ioport_set_pin_mode
                0x00400790      0x11c src/ASF/sam/boards/same70_xplained/init.o
 .text.ioport_set_pin_dir
                0x004008ac       0x88 src/ASF/sam/boards/same70_xplained/init.o
 .text.ioport_set_pin_level
                0x00400934       0x6c src/ASF/sam/boards/same70_xplained/init.o
 .text.ioport_set_pin_sense_mode
                0x004009a0       0xcc src/ASF/sam/boards/same70_xplained/init.o
 .text.board_init
                0x00400a6c      0x118 src/ASF/sam/boards/same70_xplained/init.o
                0x00400a6c                board_init
 .text.NVIC_EnableIRQ
                0x00400b84       0x30 src/ASF/sam/drivers/afec/afec.o
 .text.NVIC_ClearPendingIRQ
                0x00400bb4       0x34 src/ASF/sam/drivers/afec/afec.o
 .text.NVIC_SetPriority
                0x00400be8       0x54 src/ASF/sam/drivers/afec/afec.o
 .text.cpu_irq_save
                0x00400c3c       0x38 src/ASF/sam/drivers/afec/afec.o
 .text.cpu_irq_is_enabled_flags
                0x00400c74       0x20 src/ASF/sam/drivers/afec/afec.o
 .text.cpu_irq_restore
                0x00400c94       0x30 src/ASF/sam/drivers/afec/afec.o
 .text.afec_ch_sanity_check
                0x00400cc4       0x18 src/ASF/sam/drivers/afec/afec.o
 .text.afec_get_interrupt_status
                0x00400cdc       0x18 src/ASF/sam/drivers/afec/afec.o
 .text.sleepmgr_lock_mode
                0x00400cf4       0x44 src/ASF/sam/drivers/afec/afec.o
 .text.osc_get_rate
                0x00400d38       0x78 src/ASF/sam/drivers/afec/afec.o
 .text.sysclk_get_main_hz
                0x00400db0       0x20 src/ASF/sam/drivers/afec/afec.o
 .text.sysclk_get_cpu_hz
                0x00400dd0       0x14 src/ASF/sam/drivers/afec/afec.o
 .text.afec_find_inst_num
                0x00400de4       0x38 src/ASF/sam/drivers/afec/afec.o
 .text.afec_find_pid
                0x00400e1c       0x38 src/ASF/sam/drivers/afec/afec.o
 .text.afec_set_config
                0x00400e54       0xa8 src/ASF/sam/drivers/afec/afec.o
 .text.afec_ch_set_config
                0x00400efc       0x90 src/ASF/sam/drivers/afec/afec.o
                0x00400efc                afec_ch_set_config
 .text.afec_get_config_defaults
                0x00400f8c       0x60 src/ASF/sam/drivers/afec/afec.o
                0x00400f8c                afec_get_config_defaults
 .text.afec_ch_get_config_defaults
                0x00400fec       0x20 src/ASF/sam/drivers/afec/afec.o
                0x00400fec                afec_ch_get_config_defaults
 .text.afec_init
                0x0040100c       0x78 src/ASF/sam/drivers/afec/afec.o
                0x0040100c                afec_init
 .text.afec_set_callback
                0x00401084       0x88 src/ASF/sam/drivers/afec/afec.o
                0x00401084                afec_set_callback
 .text.afec_enable_interrupt
                0x0040110c       0x78 src/ASF/sam/drivers/afec/afec.o
                0x0040110c                afec_enable_interrupt
 .text.afec_interrupt
                0x00401184       0x38 src/ASF/sam/drivers/afec/afec.o
 .text.afec_process_callback
                0x004011bc       0xac src/ASF/sam/drivers/afec/afec.o
 .text.AFEC0_Handler
                0x00401268       0x14 src/ASF/sam/drivers/afec/afec.o
                0x00401268                AFEC0_Handler
 .text.AFEC1_Handler
                0x0040127c       0x14 src/ASF/sam/drivers/afec/afec.o
                0x0040127c                AFEC1_Handler
 .text.afec_enable
                0x00401290       0x30 src/ASF/sam/drivers/afec/afec.o
                0x00401290                afec_enable
 .text.pio_get_interrupt_status
                0x004012c0       0x18 src/ASF/sam/drivers/pio/pio.o
                0x004012c0                pio_get_interrupt_status
 .text.pio_get_interrupt_mask
                0x004012d8       0x18 src/ASF/sam/drivers/pio/pio.o
                0x004012d8                pio_get_interrupt_mask
 .text.pio_handler_process
                0x004012f0       0xac src/ASF/sam/drivers/pio/pio_handler.o
                0x004012f0                pio_handler_process
 .text.PIOA_Handler
                0x0040139c       0x18 src/ASF/sam/drivers/pio/pio_handler.o
                0x0040139c                PIOA_Handler
 .text.PIOB_Handler
                0x004013b4       0x18 src/ASF/sam/drivers/pio/pio_handler.o
                0x004013b4                PIOB_Handler
 .text.PIOC_Handler
                0x004013cc       0x18 src/ASF/sam/drivers/pio/pio_handler.o
                0x004013cc                PIOC_Handler
 .text.PIOD_Handler
                0x004013e4       0x18 src/ASF/sam/drivers/pio/pio_handler.o
                0x004013e4                PIOD_Handler
 .text.PIOE_Handler
                0x004013fc       0x18 src/ASF/sam/drivers/pio/pio_handler.o
                0x004013fc                PIOE_Handler
 .text.pmc_mck_set_division
                0x00401414       0x78 src/ASF/sam/drivers/pmc/pmc.o
                0x00401414                pmc_mck_set_division
 .text.pmc_switch_mck_to_pllack
                0x0040148c       0x84 src/ASF/sam/drivers/pmc/pmc.o
                0x0040148c                pmc_switch_mck_to_pllack
 .text.pmc_switch_sclk_to_32kxtal
                0x00401510       0x38 src/ASF/sam/drivers/pmc/pmc.o
                0x00401510                pmc_switch_sclk_to_32kxtal
 .text.pmc_osc_is_ready_32kxtal
                0x00401548       0x34 src/ASF/sam/drivers/pmc/pmc.o
                0x00401548                pmc_osc_is_ready_32kxtal
 .text.pmc_switch_mainck_to_fastrc
                0x0040157c       0x70 src/ASF/sam/drivers/pmc/pmc.o
                0x0040157c                pmc_switch_mainck_to_fastrc
 .text.pmc_switch_mainck_to_xtal
                0x004015ec       0x78 src/ASF/sam/drivers/pmc/pmc.o
                0x004015ec                pmc_switch_mainck_to_xtal
 .text.pmc_osc_is_ready_mainck
                0x00401664       0x1c src/ASF/sam/drivers/pmc/pmc.o
                0x00401664                pmc_osc_is_ready_mainck
 .text.pmc_disable_pllack
                0x00401680       0x18 src/ASF/sam/drivers/pmc/pmc.o
                0x00401680                pmc_disable_pllack
 .text.pmc_is_locked_pllack
                0x00401698       0x1c src/ASF/sam/drivers/pmc/pmc.o
                0x00401698                pmc_is_locked_pllack
 .text.pmc_is_locked_upll
                0x004016b4       0x1c src/ASF/sam/drivers/pmc/pmc.o
                0x004016b4                pmc_is_locked_upll
 .text.pmc_enable_periph_clk
                0x004016d0       0x84 src/ASF/sam/drivers/pmc/pmc.o
                0x004016d0                pmc_enable_periph_clk
 .text.pwm_clocks_generate
                0x00401754       0x7c src/ASF/sam/drivers/pwm/pwm.o
 .text.pwm_init
                0x004017d0       0x80 src/ASF/sam/drivers/pwm/pwm.o
                0x004017d0                pwm_init
 .text.pwm_channel_init
                0x00401850      0x2e8 src/ASF/sam/drivers/pwm/pwm.o
                0x00401850                pwm_channel_init
 .text.pwm_channel_update_duty
                0x00401b38       0x48 src/ASF/sam/drivers/pwm/pwm.o
                0x00401b38                pwm_channel_update_duty
 .text.pwm_channel_enable
                0x00401b80       0x24 src/ASF/sam/drivers/pwm/pwm.o
                0x00401b80                pwm_channel_enable
 .text.pwm_channel_disable
                0x00401ba4       0x24 src/ASF/sam/drivers/pwm/pwm.o
                0x00401ba4                pwm_channel_disable
 .text.pwm_channel_get_interrupt_status
                0x00401bc8       0x18 src/ASF/sam/drivers/pwm/pwm.o
                0x00401bc8                pwm_channel_get_interrupt_status
 .text.pwm_channel_enable_interrupt
                0x00401be0       0x30 src/ASF/sam/drivers/pwm/pwm.o
                0x00401be0                pwm_channel_enable_interrupt
 .text.pwm_channel_disable_interrupt
                0x00401c10       0x30 src/ASF/sam/drivers/pwm/pwm.o
                0x00401c10                pwm_channel_disable_interrupt
 .text.twihs_enable_master_mode
                0x00401c40       0x24 src/ASF/sam/drivers/twihs/twihs.o
                0x00401c40                twihs_enable_master_mode
 .text.twihs_master_init
                0x00401c64       0x58 src/ASF/sam/drivers/twihs/twihs.o
                0x00401c64                twihs_master_init
 .text.twihs_set_speed
                0x00401cbc       0x70 src/ASF/sam/drivers/twihs/twihs.o
                0x00401cbc                twihs_set_speed
 .text.twihs_mk_addr
                0x00401d2c       0x5c src/ASF/sam/drivers/twihs/twihs.o
 .text.twihs_master_read
                0x00401d88       0xe8 src/ASF/sam/drivers/twihs/twihs.o
                0x00401d88                twihs_master_read
 .text.twihs_master_write
                0x00401e70       0xdc src/ASF/sam/drivers/twihs/twihs.o
                0x00401e70                twihs_master_write
 .text.twihs_reset
                0x00401f4c       0x1c src/ASF/sam/drivers/twihs/twihs.o
                0x00401f4c                twihs_reset
 .text.uart_init
                0x00401f68       0x58 src/ASF/sam/drivers/uart/uart.o
                0x00401f68                uart_init
 .text.uart_write
                0x00401fc0       0x30 src/ASF/sam/drivers/uart/uart.o
                0x00401fc0                uart_write
 .text.uart_read
                0x00401ff0       0x34 src/ASF/sam/drivers/uart/uart.o
                0x00401ff0                uart_read
 .text.usart_set_async_baudrate
                0x00402024       0x8c src/ASF/sam/drivers/usart/usart.o
                0x00402024                usart_set_async_baudrate
 .text.usart_reset
                0x004020b0       0x54 src/ASF/sam/drivers/usart/usart.o
                0x004020b0                usart_reset
 .text.usart_init_rs232
                0x00402104       0x84 src/ASF/sam/drivers/usart/usart.o
                0x00402104                usart_init_rs232
 .text.usart_enable_tx
                0x00402188       0x18 src/ASF/sam/drivers/usart/usart.o
                0x00402188                usart_enable_tx
 .text.usart_reset_tx
                0x004021a0       0x18 src/ASF/sam/drivers/usart/usart.o
                0x004021a0                usart_reset_tx
 .text.usart_set_tx_timeguard
                0x004021b8       0x1c src/ASF/sam/drivers/usart/usart.o
                0x004021b8                usart_set_tx_timeguard
 .text.usart_enable_rx
                0x004021d4       0x18 src/ASF/sam/drivers/usart/usart.o
                0x004021d4                usart_enable_rx
 .text.usart_reset_rx
                0x004021ec       0x18 src/ASF/sam/drivers/usart/usart.o
                0x004021ec                usart_reset_rx
 .text.usart_enable_interrupt
                0x00402204       0x1c src/ASF/sam/drivers/usart/usart.o
                0x00402204                usart_enable_interrupt
 .text.usart_disable_interrupt
                0x00402220       0x1c src/ASF/sam/drivers/usart/usart.o
                0x00402220                usart_disable_interrupt
 .text.usart_get_status
                0x0040223c       0x18 src/ASF/sam/drivers/usart/usart.o
                0x0040223c                usart_get_status
 .text.usart_reset_status
                0x00402254       0x1c src/ASF/sam/drivers/usart/usart.o
                0x00402254                usart_reset_status
 .text.usart_drive_RTS_pin_high
                0x00402270       0x1c src/ASF/sam/drivers/usart/usart.o
                0x00402270                usart_drive_RTS_pin_high
 .text.usart_is_tx_empty
                0x0040228c       0x28 src/ASF/sam/drivers/usart/usart.o
                0x0040228c                usart_is_tx_empty
 .text.usart_is_rx_ready
                0x004022b4       0x28 src/ASF/sam/drivers/usart/usart.o
                0x004022b4                usart_is_rx_ready
 .text.usart_write
                0x004022dc       0x34 src/ASF/sam/drivers/usart/usart.o
                0x004022dc                usart_write
 .text.usart_read
                0x00402310       0x34 src/ASF/sam/drivers/usart/usart.o
                0x00402310                usart_read
 .text.usart_disable_writeprotect
                0x00402344       0x20 src/ASF/sam/drivers/usart/usart.o
                0x00402344                usart_disable_writeprotect
 .text.Reset_Handler
                0x00402364       0x84 src/ASF/sam/utils/cmsis/same70/source/templates/gcc/startup_same70.o
                0x00402364                Reset_Handler
 .text.Dummy_Handler
                0x004023e8        0x8 src/ASF/sam/utils/cmsis/same70/source/templates/gcc/startup_same70.o
                0x004023e8                DACC_Handler
                0x004023e8                DebugMon_Handler
                0x004023e8                UART3_Handler
                0x004023e8                UART2_Handler
                0x004023e8                TRNG_Handler
                0x004023e8                HardFault_Handler
                0x004023e8                TC2_Handler
                0x004023e8                PendSV_Handler
                0x004023e8                NMI_Handler
                0x004023e8                TC7_Handler
                0x004023e8                QSPI_Handler
                0x004023e8                ISI_Handler
                0x004023e8                TC9_Handler
                0x004023e8                RSWDT_Handler
                0x004023e8                MCAN1_Handler
                0x004023e8                RTT_Handler
                0x004023e8                USBHS_Handler
                0x004023e8                RTC_Handler
                0x004023e8                UsageFault_Handler
                0x004023e8                TC6_Handler
                0x004023e8                WDT_Handler
                0x004023e8                TC4_Handler
                0x004023e8                TC1_Handler
                0x004023e8                HSMCI_Handler
                0x004023e8                UART1_Handler
                0x004023e8                TC3_Handler
                0x004023e8                Dummy_Handler
                0x004023e8                TWIHS1_Handler
                0x004023e8                XDMAC_Handler
                0x004023e8                UART4_Handler
                0x004023e8                PWM1_Handler
                0x004023e8                USART1_Handler
                0x004023e8                TC11_Handler
                0x004023e8                SSC_Handler
                0x004023e8                ACC_Handler
                0x004023e8                PMC_Handler
                0x004023e8                GMAC_Handler
                0x004023e8                MemManage_Handler
                0x004023e8                SUPC_Handler
                0x004023e8                SVC_Handler
                0x004023e8                TC8_Handler
                0x004023e8                EFC_Handler
                0x004023e8                USART2_Handler
                0x004023e8                SDRAMC_Handler
                0x004023e8                SPI1_Handler
                0x004023e8                MCAN0_Handler
                0x004023e8                TC10_Handler
                0x004023e8                TWIHS2_Handler
                0x004023e8                UART0_Handler
                0x004023e8                BusFault_Handler
                0x004023e8                RSTC_Handler
                0x004023e8                TC0_Handler
                0x004023e8                TC5_Handler
                0x004023e8                AES_Handler
                0x004023e8                ICM_Handler
                0x004023e8                TWIHS0_Handler
                0x004023e8                SPI0_Handler
 .text.SystemCoreClockUpdate
                0x004023f0      0x168 src/ASF/sam/utils/cmsis/same70/source/templates/system_same70.o
                0x004023f0                SystemCoreClockUpdate
 .text.system_init_flash
                0x00402558       0x94 src/ASF/sam/utils/cmsis/same70/source/templates/system_same70.o
                0x00402558                system_init_flash
 .text._sbrk    0x004025ec       0x58 src/ASF/sam/utils/syscalls/gcc/syscalls.o
                0x004025ec                _sbrk
 .text._close   0x00402644       0x18 src/ASF/sam/utils/syscalls/gcc/syscalls.o
                0x00402644                _close
 .text._fstat   0x0040265c       0x20 src/ASF/sam/utils/syscalls/gcc/syscalls.o
                0x0040265c                _fstat
 .text._isatty  0x0040267c       0x18 src/ASF/sam/utils/syscalls/gcc/syscalls.o
                0x0040267c                _isatty
 .text._lseek   0x00402694       0x1c src/ASF/sam/utils/syscalls/gcc/syscalls.o
                0x00402694                _lseek
 .text.PCA9952_write_reg
                0x004026b0       0x70 src/pca9952.o
                0x004026b0                PCA9952_write_reg
 .text.PCA9952_read_reg
                0x00402720       0x94 src/pca9952.o
                0x00402720                PCA9952_read_reg
 .text.PCA9952_init
                0x004027b4      0x140 src/pca9952.o
                0x004027b4                PCA9952_init
 .text.PCA9952_channel
                0x004028f4      0x128 src/pca9952.o
                0x004028f4                PCA9952_channel
 .text.led_shelf
                0x00402a1c      0x134 src/pca9952.o
                0x00402a1c                led_shelf
 .text.ioport_set_pin_dir
                0x00402b50       0x88 src/serial_id_ds2411.o
 .text.ioport_set_pin_level
                0x00402bd8       0x6c src/serial_id_ds2411.o
 .text.ioport_get_pin_level
                0x00402c44       0x50 src/serial_id_ds2411.o
 .text.udelay   0x00402c94       0xf0 src/serial_id_ds2411.o
                0x00402c94                udelay
 .text.io_pin   0x00402d84       0x50 src/serial_id_ds2411.o
                0x00402d84                io_pin
 .text.drive_DQ_low
                0x00402dd4       0x3c src/serial_id_ds2411.o
                0x00402dd4                drive_DQ_low
 .text.release_the_bus
                0x00402e10       0x30 src/serial_id_ds2411.o
                0x00402e10                release_the_bus
 .text.gpio_input
                0x00402e40       0x30 src/serial_id_ds2411.o
                0x00402e40                gpio_input
 .text.sample_line
                0x00402e70       0x34 src/serial_id_ds2411.o
                0x00402e70                sample_line
 .text.SetSpeed
                0x00402ea4       0xbc src/serial_id_ds2411.o
                0x00402ea4                SetSpeed
 .text.OWTouchReset
                0x00402f60       0x8c src/serial_id_ds2411.o
                0x00402f60                OWTouchReset
 .text.drive_DQ_low_and_release_the_bus
                0x00402fec       0x58 src/serial_id_ds2411.o
                0x00402fec                drive_DQ_low_and_release_the_bus
 .text.OWWriteBit
                0x00403044       0x6c src/serial_id_ds2411.o
                0x00403044                OWWriteBit
 .text.OWReadBit
                0x004030b0       0x50 src/serial_id_ds2411.o
                0x004030b0                OWReadBit
 .text.OWWriteByte
                0x00403100       0x40 src/serial_id_ds2411.o
                0x00403100                OWWriteByte
 .text.OWReadByte
                0x00403140       0x4c src/serial_id_ds2411.o
                0x00403140                OWReadByte
 .text.crc8_add
                0x0040318c       0x58 src/serial_id_ds2411.o
                0x0040318c                crc8_add
 .text.NVIC_EnableIRQ
                0x004031e4       0x30 src/usart_rs485_example_canopus.o
 .text.NVIC_DisableIRQ
                0x00403214       0x34 src/usart_rs485_example_canopus.o
 .text.NVIC_ClearPendingIRQ
                0x00403248       0x34 src/usart_rs485_example_canopus.o
 .text.NVIC_SetPriority
                0x0040327c       0x54 src/usart_rs485_example_canopus.o
 .text.SysTick_Config
                0x004032d0       0x48 src/usart_rs485_example_canopus.o
 .text.afec_ch_sanity_check
                0x00403318       0x18 src/usart_rs485_example_canopus.o
 .text.afec_set_trigger
                0x00403330       0x44 src/usart_rs485_example_canopus.o
 .text.afec_start_software_conversion
                0x00403374       0x18 src/usart_rs485_example_canopus.o
 .text.afec_channel_enable
                0x0040338c       0x48 src/usart_rs485_example_canopus.o
 .text.afec_channel_disable
                0x004033d4       0x48 src/usart_rs485_example_canopus.o
 .text.afec_get_latest_value
                0x0040341c       0x1c src/usart_rs485_example_canopus.o
 .text.osc_get_rate
                0x00403438       0x78 src/usart_rs485_example_canopus.o
 .text.sysclk_get_main_hz
                0x004034b0       0x20 src/usart_rs485_example_canopus.o
 .text.sysclk_get_cpu_hz
                0x004034d0       0x14 src/usart_rs485_example_canopus.o
 .text.sysclk_get_peripheral_hz
                0x004034e4       0x14 src/usart_rs485_example_canopus.o
 .text.sysclk_enable_peripheral_clock
                0x004034f8       0x18 src/usart_rs485_example_canopus.o
 .text.ioport_set_pin_dir
                0x00403510       0x88 src/usart_rs485_example_canopus.o
 .text.ioport_set_pin_level
                0x00403598       0x6c src/usart_rs485_example_canopus.o
 .text.ioport_get_pin_level
                0x00403604       0x50 src/usart_rs485_example_canopus.o
 .text.ioport_toggle_pin_level
                0x00403654       0x6c src/usart_rs485_example_canopus.o
 .text.usart_serial_init
                0x004036c0      0x160 src/usart_rs485_example_canopus.o
 .text.usart_serial_putchar
                0x00403820      0x10c src/usart_rs485_example_canopus.o
 .text.usart_serial_getchar
                0x0040392c      0x104 src/usart_rs485_example_canopus.o
 .text.stdio_serial_init
                0x00403a30       0x68 src/usart_rs485_example_canopus.o
 .text.mdelay   0x00403a98       0x2c src/usart_rs485_example_canopus.o
                0x00403a98                mdelay
 .text.toggle   0x00403ac4       0x24 src/usart_rs485_example_canopus.o
                0x00403ac4                toggle
 .text.scan_keypad
                0x00403ae8      0x198 src/usart_rs485_example_canopus.o
                0x00403ae8                scan_keypad
 .text.SysTick_Handler
                0x00403c80       0xf0 src/usart_rs485_example_canopus.o
                0x00403c80                SysTick_Handler
 .text.USART0_Handler
                0x00403d70       0x90 src/usart_rs485_example_canopus.o
                0x00403d70                USART0_Handler
 .text.configure_usart
                0x00403e00       0x80 src/usart_rs485_example_canopus.o
 .text.configure_systick
                0x00403e80       0x44 src/usart_rs485_example_canopus.o
 .text.configure_console
                0x00403ec4       0x38 src/usart_rs485_example_canopus.o
 .text.func_transmit
                0x00403efc       0x64 src/usart_rs485_example_canopus.o
                0x00403efc                func_transmit
 .text.twi_init
                0x00403f60       0x44 src/usart_rs485_example_canopus.o
 .text.afec0_data_ready
                0x00403fa4       0x28 src/usart_rs485_example_canopus.o
 .text.afec1_data_ready
                0x00403fcc       0x28 src/usart_rs485_example_canopus.o
 .text.init_adc
                0x00403ff4       0xd0 src/usart_rs485_example_canopus.o
                0x00403ff4                init_adc
 .text.PWM0_Handler
                0x004040c4       0x9c src/usart_rs485_example_canopus.o
                0x004040c4                PWM0_Handler
 .text.init_pwm
                0x00404160      0x108 src/usart_rs485_example_canopus.o
                0x00404160                init_pwm
 .text.main     0x00404268      0xdf4 src/usart_rs485_example_canopus.o
                0x00404268                main
 .text.__libc_init_array
                0x0040505c       0x50 c:/program files (x86)/atmel/studio/7.0/toolchain/arm/arm-gnu-toolchain/bin/../lib/gcc/arm-none-eabi/4.9.3/../../../../arm-none-eabi/lib/cortex-m7\libc.a(lib_a-init.o)
                0x0040505c                __libc_init_array
 .text.memset   0x004050ac       0xa0 c:/program files (x86)/atmel/studio/7.0/toolchain/arm/arm-gnu-toolchain/bin/../lib/gcc/arm-none-eabi/4.9.3/../../../../arm-none-eabi/lib/cortex-m7\libc.a(lib_a-memset.o)
                0x004050ac                memset
 .text._puts_r  0x0040514c       0x60 c:/program files (x86)/atmel/studio/7.0/toolchain/arm/arm-gnu-toolchain/bin/../lib/gcc/arm-none-eabi/4.9.3/../../../../arm-none-eabi/lib/cortex-m7\libc.a(lib_a-puts.o)
                0x0040514c                _puts_r
 .text.puts     0x004051ac       0x10 c:/program files (x86)/atmel/studio/7.0/toolchain/arm/arm-gnu-toolchain/bin/../lib/gcc/arm-none-eabi/4.9.3/../../../../arm-none-eabi/lib/cortex-m7\libc.a(lib_a-puts.o)
                0x004051ac                puts
 .text.setbuf   0x004051bc       0x10 c:/program files (x86)/atmel/studio/7.0/toolchain/arm/arm-gnu-toolchain/bin/../lib/gcc/arm-none-eabi/4.9.3/../../../../arm-none-eabi/lib/cortex-m7\libc.a(lib_a-setbuf.o)
                0x004051bc                setbuf
 .text.setvbuf  0x004051cc       0xfc c:/program files (x86)/atmel/studio/7.0/toolchain/arm/arm-gnu-toolchain/bin/../lib/gcc/arm-none-eabi/4.9.3/../../../../arm-none-eabi/lib/cortex-m7\libc.a(lib_a-setvbuf.o)
                0x004051cc                setvbuf
 .text.sprintf  0x004052c8       0x4c c:/program files (x86)/atmel/studio/7.0/toolchain/arm/arm-gnu-toolchain/bin/../lib/gcc/arm-none-eabi/4.9.3/../../../../arm-none-eabi/lib/cortex-m7\libc.a(lib_a-sprintf.o)
                0x004052c8                sprintf
 .text.strlen   0x00405314       0x5c c:/program files (x86)/atmel/studio/7.0/toolchain/arm/arm-gnu-toolchain/bin/../lib/gcc/arm-none-eabi/4.9.3/../../../../arm-none-eabi/lib/cortex-m7\libc.a(lib_a-strlen.o)
                0x00405314                strlen
 .text._svfprintf_r
                0x00405370     0x1510 c:/program files (x86)/atmel/studio/7.0/toolchain/arm/arm-gnu-toolchain/bin/../lib/gcc/arm-none-eabi/4.9.3/../../../../arm-none-eabi/lib/cortex-m7\libc.a(lib_a-svfprintf.o)
                0x00405370                _svfprintf_r
 .text.__swbuf_r
                0x00406880       0xa8 c:/program files (x86)/atmel/studio/7.0/toolchain/arm/arm-gnu-toolchain/bin/../lib/gcc/arm-none-eabi/4.9.3/../../../../arm-none-eabi/lib/cortex-m7\libc.a(lib_a-wbuf.o)
                0x00406880                __swbuf_r
 .text.__swsetup_r
                0x00406928       0xc4 c:/program files (x86)/atmel/studio/7.0/toolchain/arm/arm-gnu-toolchain/bin/../lib/gcc/arm-none-eabi/4.9.3/../../../../arm-none-eabi/lib/cortex-m7\libc.a(lib_a-wsetup.o)
                0x00406928                __swsetup_r
 .text.startup.register_fini
                0x004069ec       0x14 c:/program files (x86)/atmel/studio/7.0/toolchain/arm/arm-gnu-toolchain/bin/../lib/gcc/arm-none-eabi/4.9.3/../../../../arm-none-eabi/lib/cortex-m7\libc.a(lib_a-__call_atexit.o)
 .text.atexit   0x00406a00        0xc c:/program files (x86)/atmel/studio/7.0/toolchain/arm/arm-gnu-toolchain/bin/../lib/gcc/arm-none-eabi/4.9.3/../../../../arm-none-eabi/lib/cortex-m7\libc.a(lib_a-atexit.o)
                0x00406a00                atexit
 .text.quorem   0x00406a0c      0x140 c:/program files (x86)/atmel/studio/7.0/toolchain/arm/arm-gnu-toolchain/bin/../lib/gcc/arm-none-eabi/4.9.3/../../../../arm-none-eabi/lib/cortex-m7\libc.a(lib_a-dtoa.o)
 *fill*         0x00406b4c        0x4 
 .text._dtoa_r  0x00406b50      0xee8 c:/program files (x86)/atmel/studio/7.0/toolchain/arm/arm-gnu-toolchain/bin/../lib/gcc/arm-none-eabi/4.9.3/../../../../arm-none-eabi/lib/cortex-m7\libc.a(lib_a-dtoa.o)
                0x00406b50                _dtoa_r
 .text.__sflush_r
                0x00407a38      0x148 c:/program files (x86)/atmel/studio/7.0/toolchain/arm/arm-gnu-toolchain/bin/../lib/gcc/arm-none-eabi/4.9.3/../../../../arm-none-eabi/lib/cortex-m7\libc.a(lib_a-fflush.o)
                0x00407a38                __sflush_r
 .text._fflush_r
                0x00407b80       0x2c c:/program files (x86)/atmel/studio/7.0/toolchain/arm/arm-gnu-toolchain/bin/../lib/gcc/arm-none-eabi/4.9.3/../../../../arm-none-eabi/lib/cortex-m7\libc.a(lib_a-fflush.o)
                0x00407b80                _fflush_r
 .text._cleanup_r
                0x00407bac        0xc c:/program files (x86)/atmel/studio/7.0/toolchain/arm/arm-gnu-toolchain/bin/../lib/gcc/arm-none-eabi/4.9.3/../../../../arm-none-eabi/lib/cortex-m7\libc.a(lib_a-findfp.o)
                0x00407bac                _cleanup_r
 .text.__sinit.part.1
                0x00407bb8       0xfc c:/program files (x86)/atmel/studio/7.0/toolchain/arm/arm-gnu-toolchain/bin/../lib/gcc/arm-none-eabi/4.9.3/../../../../arm-none-eabi/lib/cortex-m7\libc.a(lib_a-findfp.o)
 .text.__sinit  0x00407cb4        0xc c:/program files (x86)/atmel/studio/7.0/toolchain/arm/arm-gnu-toolchain/bin/../lib/gcc/arm-none-eabi/4.9.3/../../../../arm-none-eabi/lib/cortex-m7\libc.a(lib_a-findfp.o)
                0x00407cb4                __sinit
 .text.__sfp_lock_acquire
                0x00407cc0        0x4 c:/program files (x86)/atmel/studio/7.0/toolchain/arm/arm-gnu-toolchain/bin/../lib/gcc/arm-none-eabi/4.9.3/../../../../arm-none-eabi/lib/cortex-m7\libc.a(lib_a-findfp.o)
                0x00407cc0                __sfp_lock_acquire
 .text.__sfp_lock_release
                0x00407cc4        0x4 c:/program files (x86)/atmel/studio/7.0/toolchain/arm/arm-gnu-toolchain/bin/../lib/gcc/arm-none-eabi/4.9.3/../../../../arm-none-eabi/lib/cortex-m7\libc.a(lib_a-findfp.o)
                0x00407cc4                __sfp_lock_release
 .text.__libc_fini_array
                0x00407cc8       0x2c c:/program files (x86)/atmel/studio/7.0/toolchain/arm/arm-gnu-toolchain/bin/../lib/gcc/arm-none-eabi/4.9.3/../../../../arm-none-eabi/lib/cortex-m7\libc.a(lib_a-fini.o)
                0x00407cc8                __libc_fini_array
 .text._malloc_trim_r
                0x00407cf4       0x9c c:/program files (x86)/atmel/studio/7.0/toolchain/arm/arm-gnu-toolchain/bin/../lib/gcc/arm-none-eabi/4.9.3/../../../../arm-none-eabi/lib/cortex-m7\libc.a(lib_a-freer.o)
                0x00407cf4                _malloc_trim_r
 .text._free_r  0x00407d90      0x1b0 c:/program files (x86)/atmel/studio/7.0/toolchain/arm/arm-gnu-toolchain/bin/../lib/gcc/arm-none-eabi/4.9.3/../../../../arm-none-eabi/lib/cortex-m7\libc.a(lib_a-freer.o)
                0x00407d90                _free_r
 .text.__sfvwrite_r
                0x00407f40      0x324 c:/program files (x86)/atmel/studio/7.0/toolchain/arm/arm-gnu-toolchain/bin/../lib/gcc/arm-none-eabi/4.9.3/../../../../arm-none-eabi/lib/cortex-m7\libc.a(lib_a-fvwrite.o)
                0x00407f40                __sfvwrite_r
 .text._fwalk_reent
                0x00408264       0x50 c:/program files (x86)/atmel/studio/7.0/toolchain/arm/arm-gnu-toolchain/bin/../lib/gcc/arm-none-eabi/4.9.3/../../../../arm-none-eabi/lib/cortex-m7\libc.a(lib_a-fwalk.o)
                0x00408264                _fwalk_reent
 .text._localeconv_r
                0x004082b4        0x8 c:/program files (x86)/atmel/studio/7.0/toolchain/arm/arm-gnu-toolchain/bin/../lib/gcc/arm-none-eabi/4.9.3/../../../../arm-none-eabi/lib/cortex-m7\libc.a(lib_a-locale.o)
                0x004082b4                _localeconv_r
 .text.__smakebuf_r
                0x004082bc       0xe4 c:/program files (x86)/atmel/studio/7.0/toolchain/arm/arm-gnu-toolchain/bin/../lib/gcc/arm-none-eabi/4.9.3/../../../../arm-none-eabi/lib/cortex-m7\libc.a(lib_a-makebuf.o)
                0x004082bc                __smakebuf_r
 .text.malloc   0x004083a0       0x10 c:/program files (x86)/atmel/studio/7.0/toolchain/arm/arm-gnu-toolchain/bin/../lib/gcc/arm-none-eabi/4.9.3/../../../../arm-none-eabi/lib/cortex-m7\libc.a(lib_a-malloc.o)
                0x004083a0                malloc
 .text._malloc_r
                0x004083b0      0x558 c:/program files (x86)/atmel/studio/7.0/toolchain/arm/arm-gnu-toolchain/bin/../lib/gcc/arm-none-eabi/4.9.3/../../../../arm-none-eabi/lib/cortex-m7\libc.a(lib_a-mallocr.o)
                0x004083b0                _malloc_r
 .text.memchr   0x00408908       0x90 c:/program files (x86)/atmel/studio/7.0/toolchain/arm/arm-gnu-toolchain/bin/../lib/gcc/arm-none-eabi/4.9.3/../../../../arm-none-eabi/lib/cortex-m7\libc.a(lib_a-memchr.o)
                0x00408908                memchr
 .text          0x00408998      0x134 c:/program files (x86)/atmel/studio/7.0/toolchain/arm/arm-gnu-toolchain/bin/../lib/gcc/arm-none-eabi/4.9.3/../../../../arm-none-eabi/lib/cortex-m7\libc.a(lib_a-memcpy.o)
                0x00408998                memcpy
 .text.memmove  0x00408acc       0xc4 c:/program files (x86)/atmel/studio/7.0/toolchain/arm/arm-gnu-toolchain/bin/../lib/gcc/arm-none-eabi/4.9.3/../../../../arm-none-eabi/lib/cortex-m7\libc.a(lib_a-memmove.o)
                0x00408acc                memmove
 .text.__malloc_lock
                0x00408b90        0x4 c:/program files (x86)/atmel/studio/7.0/toolchain/arm/arm-gnu-toolchain/bin/../lib/gcc/arm-none-eabi/4.9.3/../../../../arm-none-eabi/lib/cortex-m7\libc.a(lib_a-mlock.o)
                0x00408b90                __malloc_lock
 .text.__malloc_unlock
                0x00408b94        0x4 c:/program files (x86)/atmel/studio/7.0/toolchain/arm/arm-gnu-toolchain/bin/../lib/gcc/arm-none-eabi/4.9.3/../../../../arm-none-eabi/lib/cortex-m7\libc.a(lib_a-mlock.o)
                0x00408b94                __malloc_unlock
 .text._Balloc  0x00408b98       0x50 c:/program files (x86)/atmel/studio/7.0/toolchain/arm/arm-gnu-toolchain/bin/../lib/gcc/arm-none-eabi/4.9.3/../../../../arm-none-eabi/lib/cortex-m7\libc.a(lib_a-mprec.o)
                0x00408b98                _Balloc
 .text._Bfree   0x00408be8       0x14 c:/program files (x86)/atmel/studio/7.0/toolchain/arm/arm-gnu-toolchain/bin/../lib/gcc/arm-none-eabi/4.9.3/../../../../arm-none-eabi/lib/cortex-m7\libc.a(lib_a-mprec.o)
                0x00408be8                _Bfree
 .text.__multadd
                0x00408bfc       0x84 c:/program files (x86)/atmel/studio/7.0/toolchain/arm/arm-gnu-toolchain/bin/../lib/gcc/arm-none-eabi/4.9.3/../../../../arm-none-eabi/lib/cortex-m7\libc.a(lib_a-mprec.o)
                0x00408bfc                __multadd
 .text.__hi0bits
                0x00408c80       0x44 c:/program files (x86)/atmel/studio/7.0/toolchain/arm/arm-gnu-toolchain/bin/../lib/gcc/arm-none-eabi/4.9.3/../../../../arm-none-eabi/lib/cortex-m7\libc.a(lib_a-mprec.o)
                0x00408c80                __hi0bits
 .text.__lo0bits
                0x00408cc4       0x64 c:/program files (x86)/atmel/studio/7.0/toolchain/arm/arm-gnu-toolchain/bin/../lib/gcc/arm-none-eabi/4.9.3/../../../../arm-none-eabi/lib/cortex-m7\libc.a(lib_a-mprec.o)
                0x00408cc4                __lo0bits
 .text.__i2b    0x00408d28       0x14 c:/program files (x86)/atmel/studio/7.0/toolchain/arm/arm-gnu-toolchain/bin/../lib/gcc/arm-none-eabi/4.9.3/../../../../arm-none-eabi/lib/cortex-m7\libc.a(lib_a-mprec.o)
                0x00408d28                __i2b
 .text.__multiply
                0x00408d3c      0x144 c:/program files (x86)/atmel/studio/7.0/toolchain/arm/arm-gnu-toolchain/bin/../lib/gcc/arm-none-eabi/4.9.3/../../../../arm-none-eabi/lib/cortex-m7\libc.a(lib_a-mprec.o)
                0x00408d3c                __multiply
 .text.__pow5mult
                0x00408e80       0xa0 c:/program files (x86)/atmel/studio/7.0/toolchain/arm/arm-gnu-toolchain/bin/../lib/gcc/arm-none-eabi/4.9.3/../../../../arm-none-eabi/lib/cortex-m7\libc.a(lib_a-mprec.o)
                0x00408e80                __pow5mult
 .text.__lshift
                0x00408f20       0xb4 c:/program files (x86)/atmel/studio/7.0/toolchain/arm/arm-gnu-toolchain/bin/../lib/gcc/arm-none-eabi/4.9.3/../../../../arm-none-eabi/lib/cortex-m7\libc.a(lib_a-mprec.o)
                0x00408f20                __lshift
 .text.__mcmp   0x00408fd4       0x48 c:/program files (x86)/atmel/studio/7.0/toolchain/arm/arm-gnu-toolchain/bin/../lib/gcc/arm-none-eabi/4.9.3/../../../../arm-none-eabi/lib/cortex-m7\libc.a(lib_a-mprec.o)
                0x00408fd4                __mcmp
 .text.__mdiff  0x0040901c       0xe4 c:/program files (x86)/atmel/studio/7.0/toolchain/arm/arm-gnu-toolchain/bin/../lib/gcc/arm-none-eabi/4.9.3/../../../../arm-none-eabi/lib/cortex-m7\libc.a(lib_a-mprec.o)
                0x0040901c                __mdiff
 .text.__d2b    0x00409100       0xb0 c:/program files (x86)/atmel/studio/7.0/toolchain/arm/arm-gnu-toolchain/bin/../lib/gcc/arm-none-eabi/4.9.3/../../../../arm-none-eabi/lib/cortex-m7\libc.a(lib_a-mprec.o)
                0x00409100                __d2b
 .text._realloc_r
                0x004091b0      0x3f0 c:/program files (x86)/atmel/studio/7.0/toolchain/arm/arm-gnu-toolchain/bin/../lib/gcc/arm-none-eabi/4.9.3/../../../../arm-none-eabi/lib/cortex-m7\libc.a(lib_a-reallocr.o)
                0x004091b0                _realloc_r
 .text.__fpclassifyd
                0x004095a0       0x44 c:/program files (x86)/atmel/studio/7.0/toolchain/arm/arm-gnu-toolchain/bin/../lib/gcc/arm-none-eabi/4.9.3/../../../../arm-none-eabi/lib/cortex-m7\libc.a(lib_a-s_fpclassify.o)
                0x004095a0                __fpclassifyd
 .text._sbrk_r  0x004095e4       0x24 c:/program files (x86)/atmel/studio/7.0/toolchain/arm/arm-gnu-toolchain/bin/../lib/gcc/arm-none-eabi/4.9.3/../../../../arm-none-eabi/lib/cortex-m7\libc.a(lib_a-sbrkr.o)
                0x004095e4                _sbrk_r
 .text.__sread  0x00409608       0x24 c:/program files (x86)/atmel/studio/7.0/toolchain/arm/arm-gnu-toolchain/bin/../lib/gcc/arm-none-eabi/4.9.3/../../../../arm-none-eabi/lib/cortex-m7\libc.a(lib_a-stdio.o)
                0x00409608                __sread
 .text.__swrite
                0x0040962c       0x38 c:/program files (x86)/atmel/studio/7.0/toolchain/arm/arm-gnu-toolchain/bin/../lib/gcc/arm-none-eabi/4.9.3/../../../../arm-none-eabi/lib/cortex-m7\libc.a(lib_a-stdio.o)
                0x0040962c                __swrite
 .text.__sseek  0x00409664       0x24 c:/program files (x86)/atmel/studio/7.0/toolchain/arm/arm-gnu-toolchain/bin/../lib/gcc/arm-none-eabi/4.9.3/../../../../arm-none-eabi/lib/cortex-m7\libc.a(lib_a-stdio.o)
                0x00409664                __sseek
 .text.__sclose
                0x00409688        0x8 c:/program files (x86)/atmel/studio/7.0/toolchain/arm/arm-gnu-toolchain/bin/../lib/gcc/arm-none-eabi/4.9.3/../../../../arm-none-eabi/lib/cortex-m7\libc.a(lib_a-stdio.o)
                0x00409688                __sclose
 .text.__ssprint_r
                0x00409690      0x110 c:/program files (x86)/atmel/studio/7.0/toolchain/arm/arm-gnu-toolchain/bin/../lib/gcc/arm-none-eabi/4.9.3/../../../../arm-none-eabi/lib/cortex-m7\libc.a(lib_a-svfiprintf.o)
                0x00409690                __ssprint_r
 .text._write_r
                0x004097a0       0x28 c:/program files (x86)/atmel/studio/7.0/toolchain/arm/arm-gnu-toolchain/bin/../lib/gcc/arm-none-eabi/4.9.3/../../../../arm-none-eabi/lib/cortex-m7\libc.a(lib_a-writer.o)
                0x004097a0                _write_r
 .text.__register_exitproc
                0x004097c8       0xa8 c:/program files (x86)/atmel/studio/7.0/toolchain/arm/arm-gnu-toolchain/bin/../lib/gcc/arm-none-eabi/4.9.3/../../../../arm-none-eabi/lib/cortex-m7\libc.a(lib_a-__atexit.o)
                0x004097c8                __register_exitproc
 .text._calloc_r
                0x00409870       0x60 c:/program files (x86)/atmel/studio/7.0/toolchain/arm/arm-gnu-toolchain/bin/../lib/gcc/arm-none-eabi/4.9.3/../../../../arm-none-eabi/lib/cortex-m7\libc.a(lib_a-callocr.o)
                0x00409870                _calloc_r
 .text._close_r
                0x004098d0       0x24 c:/program files (x86)/atmel/studio/7.0/toolchain/arm/arm-gnu-toolchain/bin/../lib/gcc/arm-none-eabi/4.9.3/../../../../arm-none-eabi/lib/cortex-m7\libc.a(lib_a-closer.o)
                0x004098d0                _close_r
 .text._fclose_r
                0x004098f4       0x84 c:/program files (x86)/atmel/studio/7.0/toolchain/arm/arm-gnu-toolchain/bin/../lib/gcc/arm-none-eabi/4.9.3/../../../../arm-none-eabi/lib/cortex-m7\libc.a(lib_a-fclose.o)
                0x004098f4                _fclose_r
 .text._fstat_r
                0x00409978       0x28 c:/program files (x86)/atmel/studio/7.0/toolchain/arm/arm-gnu-toolchain/bin/../lib/gcc/arm-none-eabi/4.9.3/../../../../arm-none-eabi/lib/cortex-m7\libc.a(lib_a-fstatr.o)
                0x00409978                _fstat_r
 .text._isatty_r
                0x004099a0       0x24 c:/program files (x86)/atmel/studio/7.0/toolchain/arm/arm-gnu-toolchain/bin/../lib/gcc/arm-none-eabi/4.9.3/../../../../arm-none-eabi/lib/cortex-m7\libc.a(lib_a-isattyr.o)
                0x004099a0                _isatty_r
 .text._lseek_r
                0x004099c4       0x28 c:/program files (x86)/atmel/studio/7.0/toolchain/arm/arm-gnu-toolchain/bin/../lib/gcc/arm-none-eabi/4.9.3/../../../../arm-none-eabi/lib/cortex-m7\libc.a(lib_a-lseekr.o)
                0x004099c4                _lseek_r
 .text._read_r  0x004099ec       0x28 c:/program files (x86)/atmel/studio/7.0/toolchain/arm/arm-gnu-toolchain/bin/../lib/gcc/arm-none-eabi/4.9.3/../../../../arm-none-eabi/lib/cortex-m7\libc.a(lib_a-readr.o)
                0x004099ec                _read_r
 .text          0x00409a14      0x370 c:/program files (x86)/atmel/studio/7.0/toolchain/arm/arm-gnu-toolchain/bin/../lib/gcc/arm-none-eabi/4.9.3/cortex-m7\libgcc.a(_arm_addsubdf3.o)
                0x00409a14                __aeabi_drsub
                0x00409a1c                __aeabi_dsub
                0x00409a1c                __subdf3
                0x00409a20                __aeabi_dadd
                0x00409a20                __adddf3
                0x00409c98                __floatunsidf
                0x00409c98                __aeabi_ui2d
                0x00409cb8                __floatsidf
                0x00409cb8                __aeabi_i2d
                0x00409cdc                __aeabi_f2d
                0x00409cdc                __extendsfdf2
                0x00409d18                __floatundidf
                0x00409d18                __aeabi_ul2d
                0x00409d28                __floatdidf
                0x00409d28                __aeabi_l2d
 .text          0x00409d84      0x424 c:/program files (x86)/atmel/studio/7.0/toolchain/arm/arm-gnu-toolchain/bin/../lib/gcc/arm-none-eabi/4.9.3/cortex-m7\libgcc.a(_arm_muldivdf3.o)
                0x00409d84                __aeabi_dmul
                0x00409d84                __muldf3
                0x00409fd8                __divdf3
                0x00409fd8                __aeabi_ddiv
 .text          0x0040a1a8      0x110 c:/program files (x86)/atmel/studio/7.0/toolchain/arm/arm-gnu-toolchain/bin/../lib/gcc/arm-none-eabi/4.9.3/cortex-m7\libgcc.a(_arm_cmpdf2.o)
                0x0040a1a8                __gtdf2
                0x0040a1a8                __gedf2
                0x0040a1b0                __ltdf2
                0x0040a1b0                __ledf2
                0x0040a1b8                __nedf2
                0x0040a1b8                __eqdf2
                0x0040a1b8                __cmpdf2
                0x0040a234                __aeabi_cdrcmple
                0x0040a244                __aeabi_cdcmpeq
                0x0040a244                __aeabi_cdcmple
                0x0040a254                __aeabi_dcmpeq
                0x0040a268                __aeabi_dcmplt
                0x0040a27c                __aeabi_dcmple
                0x0040a290                __aeabi_dcmpge
                0x0040a2a4                __aeabi_dcmpgt
 .text          0x0040a2b8       0x50 c:/program files (x86)/atmel/studio/7.0/toolchain/arm/arm-gnu-toolchain/bin/../lib/gcc/arm-none-eabi/4.9.3/cortex-m7\libgcc.a(_arm_fixdfsi.o)
                0x0040a2b8                __aeabi_d2iz
                0x0040a2b8                __fixdfsi
 .text          0x0040a308       0x30 c:/program files (x86)/atmel/studio/7.0/toolchain/arm/arm-gnu-toolchain/bin/../lib/gcc/arm-none-eabi/4.9.3/cortex-m7\libgcc.a(_aeabi_uldivmod.o)
                0x0040a308                __aeabi_uldivmod
 .text          0x0040a338       0x60 c:/program files (x86)/atmel/studio/7.0/toolchain/arm/arm-gnu-toolchain/bin/../lib/gcc/arm-none-eabi/4.9.3/cortex-m7\libgcc.a(bpabi.o)
                0x0040a338                __gnu_ldivmod_helper
                0x0040a368                __gnu_uldivmod_helper
 .text          0x0040a398        0x4 c:/program files (x86)/atmel/studio/7.0/toolchain/arm/arm-gnu-toolchain/bin/../lib/gcc/arm-none-eabi/4.9.3/cortex-m7\libgcc.a(_dvmd_tls.o)
                0x0040a398                __aeabi_idiv0
                0x0040a398                __aeabi_ldiv0
 .text          0x0040a39c      0x284 c:/program files (x86)/atmel/studio/7.0/toolchain/arm/arm-gnu-toolchain/bin/../lib/gcc/arm-none-eabi/4.9.3/cortex-m7\libgcc.a(_divdi3.o)
                0x0040a39c                __divdi3
 .text          0x0040a620      0x248 c:/program files (x86)/atmel/studio/7.0/toolchain/arm/arm-gnu-toolchain/bin/../lib/gcc/arm-none-eabi/4.9.3/cortex-m7\libgcc.a(_udivdi3.o)
                0x0040a620                __udivdi3
 *(.glue_7t)
 .glue_7t       0x00000000        0x0 linker stubs
 *(.glue_7)
 .glue_7        0x00000000        0x0 linker stubs
 *(.rodata .rodata* .gnu.linkonce.r.*)
 .rodata        0x0040a868       0x2c src/ASF/sam/drivers/pwm/pwm.o
 .rodata        0x0040a894       0x2f src/pca9952.o
 *fill*         0x0040a8c3        0x1 
 .rodata        0x0040a8c4      0x293 src/usart_rs485_example_canopus.o
 *fill*         0x0040ab57        0x1 
 .rodata.str1.4
                0x0040ab58        0x2 c:/program files (x86)/atmel/studio/7.0/toolchain/arm/arm-gnu-toolchain/bin/../lib/gcc/arm-none-eabi/4.9.3/../../../../arm-none-eabi/lib/cortex-m7\libc.a(lib_a-impure.o)
 *fill*         0x0040ab5a        0x2 
 .rodata._global_impure_ptr
                0x0040ab5c        0x4 c:/program files (x86)/atmel/studio/7.0/toolchain/arm/arm-gnu-toolchain/bin/../lib/gcc/arm-none-eabi/4.9.3/../../../../arm-none-eabi/lib/cortex-m7\libc.a(lib_a-impure.o)
                0x0040ab5c                _global_impure_ptr
 .rodata.str1.4
                0x0040ab60        0x2 c:/program files (x86)/atmel/studio/7.0/toolchain/arm/arm-gnu-toolchain/bin/../lib/gcc/arm-none-eabi/4.9.3/../../../../arm-none-eabi/lib/cortex-m7\libc.a(lib_a-puts.o)
 *fill*         0x0040ab62        0x2 
 .rodata.zeroes.6911
                0x0040ab64       0x10 c:/program files (x86)/atmel/studio/7.0/toolchain/arm/arm-gnu-toolchain/bin/../lib/gcc/arm-none-eabi/4.9.3/../../../../arm-none-eabi/lib/cortex-m7\libc.a(lib_a-svfprintf.o)
 .rodata.blanks.6910
                0x0040ab74       0x10 c:/program files (x86)/atmel/studio/7.0/toolchain/arm/arm-gnu-toolchain/bin/../lib/gcc/arm-none-eabi/4.9.3/../../../../arm-none-eabi/lib/cortex-m7\libc.a(lib_a-svfprintf.o)
 .rodata.str1.4
                0x0040ab84       0x42 c:/program files (x86)/atmel/studio/7.0/toolchain/arm/arm-gnu-toolchain/bin/../lib/gcc/arm-none-eabi/4.9.3/../../../../arm-none-eabi/lib/cortex-m7\libc.a(lib_a-svfprintf.o)
 *fill*         0x0040abc6        0x2 
 .rodata.str1.4
                0x0040abc8       0x10 c:/program files (x86)/atmel/studio/7.0/toolchain/arm/arm-gnu-toolchain/bin/../lib/gcc/arm-none-eabi/4.9.3/../../../../arm-none-eabi/lib/cortex-m7\libc.a(lib_a-dtoa.o)
                                 0x12 (size before relaxing)
 .rodata.str1.4
                0x0040abd8        0xc c:/program files (x86)/atmel/studio/7.0/toolchain/arm/arm-gnu-toolchain/bin/../lib/gcc/arm-none-eabi/4.9.3/../../../../arm-none-eabi/lib/cortex-m7\libc.a(lib_a-locale.o)
                                 0x12 (size before relaxing)
 *fill*         0x0040abe4        0x4 
 .rodata.__mprec_tens
                0x0040abe8       0xc8 c:/program files (x86)/atmel/studio/7.0/toolchain/arm/arm-gnu-toolchain/bin/../lib/gcc/arm-none-eabi/4.9.3/../../../../arm-none-eabi/lib/cortex-m7\libc.a(lib_a-mprec.o)
                0x0040abe8                __mprec_tens
 .rodata.p05.5302
                0x0040acb0        0xc c:/program files (x86)/atmel/studio/7.0/toolchain/arm/arm-gnu-toolchain/bin/../lib/gcc/arm-none-eabi/4.9.3/../../../../arm-none-eabi/lib/cortex-m7\libc.a(lib_a-mprec.o)
 *fill*         0x0040acbc        0x4 
 .rodata.__mprec_bigtens
                0x0040acc0       0x28 c:/program files (x86)/atmel/studio/7.0/toolchain/arm/arm-gnu-toolchain/bin/../lib/gcc/arm-none-eabi/4.9.3/../../../../arm-none-eabi/lib/cortex-m7\libc.a(lib_a-mprec.o)
                0x0040acc0                __mprec_bigtens
 *(.ARM.extab* .gnu.linkonce.armextab.*)
                0x0040ace8                . = ALIGN (0x4)
 *(.init)
 .init          0x0040ace8        0x4 c:/program files (x86)/atmel/studio/7.0/toolchain/arm/arm-gnu-toolchain/bin/../lib/gcc/arm-none-eabi/4.9.3/cortex-m7/crti.o
                0x0040ace8                _init
 .init          0x0040acec        0x8 c:/program files (x86)/atmel/studio/7.0/toolchain/arm/arm-gnu-toolchain/bin/../lib/gcc/arm-none-eabi/4.9.3/cortex-m7/crtn.o
                0x0040acf4                . = ALIGN (0x4)
                0x0040acf4                __preinit_array_start = .
 *(.preinit_array)
                0x0040acf4                __preinit_array_end = .
                0x0040acf4                . = ALIGN (0x4)
                0x0040acf4                __init_array_start = .
 *(SORT(.init_array.*))
 .init_array.00000
                0x0040acf4        0x4 c:/program files (x86)/atmel/studio/7.0/toolchain/arm/arm-gnu-toolchain/bin/../lib/gcc/arm-none-eabi/4.9.3/../../../../arm-none-eabi/lib/cortex-m7\libc.a(lib_a-__call_atexit.o)
 *(.init_array)
 .init_array    0x0040acf8        0x4 c:/program files (x86)/atmel/studio/7.0/toolchain/arm/arm-gnu-toolchain/bin/../lib/gcc/arm-none-eabi/4.9.3/cortex-m7/crtbegin.o
                0x0040acfc                __init_array_end = .
                0x0040acfc                . = ALIGN (0x4)
 *crtbegin.o(.ctors)
 *(EXCLUDE_FILE(*crtend.o) .ctors)
 *(SORT(.ctors.*))
 *crtend.o(.ctors)
                0x0040acfc                . = ALIGN (0x4)
 *(.fini)
 .fini          0x0040acfc        0x4 c:/program files (x86)/atmel/studio/7.0/toolchain/arm/arm-gnu-toolchain/bin/../lib/gcc/arm-none-eabi/4.9.3/cortex-m7/crti.o
                0x0040acfc                _fini
 .fini          0x0040ad00        0x8 c:/program files (x86)/atmel/studio/7.0/toolchain/arm/arm-gnu-toolchain/bin/../lib/gcc/arm-none-eabi/4.9.3/cortex-m7/crtn.o
                0x0040ad08                . = ALIGN (0x4)
                0x0040ad08                __fini_array_start = .
 *(.fini_array)
 .fini_array    0x0040ad08        0x4 c:/program files (x86)/atmel/studio/7.0/toolchain/arm/arm-gnu-toolchain/bin/../lib/gcc/arm-none-eabi/4.9.3/cortex-m7/crtbegin.o
 *(SORT(.fini_array.*))
                0x0040ad0c                __fini_array_end = .
 *crtbegin.o(.dtors)
 *(EXCLUDE_FILE(*crtend.o) .dtors)
 *(SORT(.dtors.*))
 *crtend.o(.dtors)
                0x0040ad0c                . = ALIGN (0x4)
                0x0040ad0c                _efixed = .
                0x0040ad0c                PROVIDE (__exidx_start, .)

.vfp11_veneer   0x0040ad0c        0x0
 .vfp11_veneer  0x00000000        0x0 linker stubs

.v4_bx          0x0040ad0c        0x0
 .v4_bx         0x00000000        0x0 linker stubs

.iplt           0x0040ad0c        0x0
 .iplt          0x00000000        0x0 c:/program files (x86)/atmel/studio/7.0/toolchain/arm/arm-gnu-toolchain/bin/../lib/gcc/arm-none-eabi/4.9.3/cortex-m7/crtbegin.o

.ARM.exidx      0x0040ad0c        0x8
 *(.ARM.exidx* .gnu.linkonce.armexidx.*)
 .ARM.exidx     0x0040ad0c        0x8 c:/program files (x86)/atmel/studio/7.0/toolchain/arm/arm-gnu-toolchain/bin/../lib/gcc/arm-none-eabi/4.9.3/cortex-m7\libgcc.a(_divdi3.o)
 .ARM.exidx     0x0040ad14        0x0 c:/program files (x86)/atmel/studio/7.0/toolchain/arm/arm-gnu-toolchain/bin/../lib/gcc/arm-none-eabi/4.9.3/cortex-m7\libgcc.a(_udivdi3.o)
                                  0x8 (size before relaxing)
                0x0040ad14                PROVIDE (__exidx_end, .)

.eh_frame       0x0040ad14        0x0
 .eh_frame      0x0040ad14        0x0 c:/program files (x86)/atmel/studio/7.0/toolchain/arm/arm-gnu-toolchain/bin/../lib/gcc/arm-none-eabi/4.9.3/cortex-m7/crtbegin.o

.rel.dyn        0x0040ad14        0x0
 .rel.iplt      0x00000000        0x0 c:/program files (x86)/atmel/studio/7.0/toolchain/arm/arm-gnu-toolchain/bin/../lib/gcc/arm-none-eabi/4.9.3/cortex-m7/crtbegin.o

.jcr            0x0040ad14        0x0
 .jcr           0x0040ad14        0x0 c:/program files (x86)/atmel/studio/7.0/toolchain/arm/arm-gnu-toolchain/bin/../lib/gcc/arm-none-eabi/4.9.3/cortex-m7/crtbegin.o

.igot.plt       0x0040ad14        0x0
 .igot.plt      0x00000000        0x0 c:/program files (x86)/atmel/studio/7.0/toolchain/arm/arm-gnu-toolchain/bin/../lib/gcc/arm-none-eabi/4.9.3/cortex-m7/crtbegin.o
                0x0040ad14                . = ALIGN (0x4)
                0x0040ad14                _etext = .

.relocate       0x20400000      0x904 load address 0x0040ad14
                0x20400000                . = ALIGN (0x4)
                0x20400000                _srelocate = .
 *(.ramfunc .ramfunc.*)
 *(.data .data.*)
 .data.g_interrupt_enabled
                0x20400000        0x1 src/ASF/common/utils/interrupt/interrupt_sam_nvic.o
                0x20400000                g_interrupt_enabled
 *fill*         0x20400001        0x3 
 .data.SystemCoreClock
                0x20400004        0x4 src/ASF/sam/utils/cmsis/same70/source/templates/system_same70.o
                0x20400004                SystemCoreClock
 .data.p_revdata
                0x20400008        0x4 src/usart_rs485_example_canopus.o
                0x20400008                p_revdata
 .data.CMD_READY
                0x2040000c        0x7 src/usart_rs485_example_canopus.o
                0x2040000c                CMD_READY
 *fill*         0x20400013        0x1 
 .data.CMD_CLEAN
                0x20400014        0x7 src/usart_rs485_example_canopus.o
                0x20400014                CMD_CLEAN
 *fill*         0x2040001b        0x1 
 .data.CMD_CLEANING
                0x2040001c        0x7 src/usart_rs485_example_canopus.o
                0x2040001c                CMD_CLEANING
 *fill*         0x20400023        0x1 
 .data.CMD_DIRTY
                0x20400024        0x7 src/usart_rs485_example_canopus.o
                0x20400024                CMD_DIRTY
 *fill*         0x2040002b        0x1 
 .data.CMD_ERROR
                0x2040002c        0x7 src/usart_rs485_example_canopus.o
                0x2040002c                CMD_ERROR
 *fill*         0x20400033        0x1 
 .data.CMD_SHELF1
                0x20400034        0x7 src/usart_rs485_example_canopus.o
                0x20400034                CMD_SHELF1
 *fill*         0x2040003b        0x1 
 .data.CMD_SHELF2
                0x2040003c        0x7 src/usart_rs485_example_canopus.o
                0x2040003c                CMD_SHELF2
 *fill*         0x20400043        0x1 
 .data.CMD_SHELF3
                0x20400044        0x7 src/usart_rs485_example_canopus.o
                0x20400044                CMD_SHELF3
 *fill*         0x2040004b        0x1 
 .data.CMD_SHELF4
                0x2040004c        0x7 src/usart_rs485_example_canopus.o
                0x2040004c                CMD_SHELF4
 *fill*         0x20400053        0x1 
 .data.CMD_CLEAR
                0x20400054        0x7 src/usart_rs485_example_canopus.o
                0x20400054                CMD_CLEAR
 *fill*         0x2040005b        0x1 
 .data.cmdPtrArray
                0x2040005c       0x28 src/usart_rs485_example_canopus.o
                0x2040005c                cmdPtrArray
 .data.fade_in.10113
                0x20400084        0x1 src/usart_rs485_example_canopus.o
 *fill*         0x20400085        0x3 
 .data.ul_duty.10112
                0x20400088        0x4 src/usart_rs485_example_canopus.o
 *fill*         0x2040008c        0x4 
 .data.impure_data
                0x20400090      0x428 c:/program files (x86)/atmel/studio/7.0/toolchain/arm/arm-gnu-toolchain/bin/../lib/gcc/arm-none-eabi/4.9.3/../../../../arm-none-eabi/lib/cortex-m7\libc.a(lib_a-impure.o)
 .data._impure_ptr
                0x204004b8        0x4 c:/program files (x86)/atmel/studio/7.0/toolchain/arm/arm-gnu-toolchain/bin/../lib/gcc/arm-none-eabi/4.9.3/../../../../arm-none-eabi/lib/cortex-m7\libc.a(lib_a-impure.o)
                0x204004b8                _impure_ptr
 .data.lconv    0x204004bc       0x38 c:/program files (x86)/atmel/studio/7.0/toolchain/arm/arm-gnu-toolchain/bin/../lib/gcc/arm-none-eabi/4.9.3/../../../../arm-none-eabi/lib/cortex-m7\libc.a(lib_a-locale.o)
 .data.__malloc_av_
                0x204004f4      0x408 c:/program files (x86)/atmel/studio/7.0/toolchain/arm/arm-gnu-toolchain/bin/../lib/gcc/arm-none-eabi/4.9.3/../../../../arm-none-eabi/lib/cortex-m7\libc.a(lib_a-mallocr.o)
                0x204004f4                __malloc_av_
 .data.__malloc_trim_threshold
                0x204008fc        0x4 c:/program files (x86)/atmel/studio/7.0/toolchain/arm/arm-gnu-toolchain/bin/../lib/gcc/arm-none-eabi/4.9.3/../../../../arm-none-eabi/lib/cortex-m7\libc.a(lib_a-mallocr.o)
                0x204008fc                __malloc_trim_threshold
 .data.__malloc_sbrk_base
                0x20400900        0x4 c:/program files (x86)/atmel/studio/7.0/toolchain/arm/arm-gnu-toolchain/bin/../lib/gcc/arm-none-eabi/4.9.3/../../../../arm-none-eabi/lib/cortex-m7\libc.a(lib_a-mallocr.o)
                0x20400900                __malloc_sbrk_base
                0x20400904                . = ALIGN (0x4)
                0x20400904                _erelocate = .

.bss            0x20400904      0x9fc load address 0x0040b618
                0x20400904                . = ALIGN (0x4)
                0x20400904                _sbss = .
                0x20400904                _szero = .
 *(.bss .bss.*)
 .bss           0x20400904       0x1c c:/program files (x86)/atmel/studio/7.0/toolchain/arm/arm-gnu-toolchain/bin/../lib/gcc/arm-none-eabi/4.9.3/cortex-m7/crtbegin.o
 .bss.gs_interrupt_sources
                0x20400920       0x70 src/ASF/sam/drivers/pio/pio_handler.o
 .bss.ul_reg_val.8138
                0x20400990        0x4 src/ASF/sam/drivers/usart/usart.o
 .bss.heap.5212
                0x20400994        0x4 src/ASF/sam/utils/syscalls/gcc/syscalls.o
 .bss.g_state   0x20400998        0x1 src/usart_rs485_example_canopus.o
                0x20400998                g_state
 *fill*         0x20400999        0x3 
 .bss.g_ulcount
                0x2040099c        0x4 src/usart_rs485_example_canopus.o
                0x2040099c                g_ulcount
 .bss.ul_ms_ticks
                0x204009a0        0x4 src/usart_rs485_example_canopus.o
                0x204009a0                ul_ms_ticks
 .bss.is_conversion_done
                0x204009a4        0x1 src/usart_rs485_example_canopus.o
                0x204009a4                is_conversion_done
 *fill*         0x204009a5        0x3 
 .bss.g_ul_value
                0x204009a8       0x10 src/usart_rs485_example_canopus.o
                0x204009a8                g_ul_value
 .bss.g_ul_last_value
                0x204009b8       0x10 src/usart_rs485_example_canopus.o
                0x204009b8                g_ul_last_value
 .bss.ul_count.10111
                0x204009c8        0x4 src/usart_rs485_example_canopus.o
 .bss.__malloc_max_total_mem
                0x204009cc        0x4 c:/program files (x86)/atmel/studio/7.0/toolchain/arm/arm-gnu-toolchain/bin/../lib/gcc/arm-none-eabi/4.9.3/../../../../arm-none-eabi/lib/cortex-m7\libc.a(lib_a-mallocr.o)
                0x204009cc                __malloc_max_total_mem
 .bss.__malloc_max_sbrked_mem
                0x204009d0        0x4 c:/program files (x86)/atmel/studio/7.0/toolchain/arm/arm-gnu-toolchain/bin/../lib/gcc/arm-none-eabi/4.9.3/../../../../arm-none-eabi/lib/cortex-m7\libc.a(lib_a-mallocr.o)
                0x204009d0                __malloc_max_sbrked_mem
 .bss.__malloc_top_pad
                0x204009d4        0x4 c:/program files (x86)/atmel/studio/7.0/toolchain/arm/arm-gnu-toolchain/bin/../lib/gcc/arm-none-eabi/4.9.3/../../../../arm-none-eabi/lib/cortex-m7\libc.a(lib_a-mallocr.o)
                0x204009d4                __malloc_top_pad
 .bss.__malloc_current_mallinfo
                0x204009d8       0x28 c:/program files (x86)/atmel/studio/7.0/toolchain/arm/arm-gnu-toolchain/bin/../lib/gcc/arm-none-eabi/4.9.3/../../../../arm-none-eabi/lib/cortex-m7\libc.a(lib_a-mallocr.o)
                0x204009d8                __malloc_current_mallinfo
 *(COMMON)
 COMMON         0x20400a00        0x6 src/ASF/common/services/sleepmgr/sam/sleepmgr.o
                0x20400a00                sleepmgr_locks
 *fill*         0x20400a06        0x2 
 COMMON         0x20400a08        0x4 src/ASF/common/utils/stdio/read.o
                0x20400a08                ptr_get
 COMMON         0x20400a0c        0x8 src/ASF/common/utils/stdio/write.o
                0x20400a0c                ptr_put
                0x20400a10                stdio_base
 COMMON         0x20400a14       0x80 src/ASF/sam/drivers/afec/afec.o
                0x20400a14                afec_callback_pointer
 COMMON         0x20400a94       0x28 src/serial_id_ds2411.o
                0x20400a94                D
                0x20400a98                A
                0x20400a9c                B
                0x20400aa0                J
                0x20400aa4                C
                0x20400aa8                G
                0x20400aac                H
                0x20400ab0                E
                0x20400ab4                I
                0x20400ab8                F
 COMMON         0x20400abc      0x840 src/usart_rs485_example_canopus.o
                0x20400abc                g_afec1_sample_data
                0x20400ac0                g_pwm_channel_led
                0x20400afc                g_ul_tick_count
                0x20400b00                controls
                0x20400b0c                adc_current_conversion
                0x20400b10                ul_vol
                0x20400b14                g_uc_receive_buffer
                0x204012e4                status
                0x204012f8                g_afec0_sample_data
 COMMON         0x204012fc        0x4 c:/program files (x86)/atmel/studio/7.0/toolchain/arm/arm-gnu-toolchain/bin/../lib/gcc/arm-none-eabi/4.9.3/../../../../arm-none-eabi/lib/cortex-m7\libc.a(lib_a-reent.o)
                0x204012fc                errno
                0x20401300                . = ALIGN (0x4)
                0x20401300                _ebss = .
                0x20401300                _ezero = .

.stack          0x20401300     0x2000 load address 0x0040c014
                0x20401300                . = ALIGN (0x8)
                0x20401300                _sstack = .
                0x20403300                . = (. + STACK_SIZE)
 *fill*         0x20401300     0x2000 
                0x20403300                . = ALIGN (0x8)
                0x20403300                _estack = .

.heap           0x20403300      0x200 load address 0x0040e014
                0x20403300                . = ALIGN (0x8)
                0x20403300                _sheap = .
                0x20403500                . = (. + HEAP_SIZE)
 *fill*         0x20403300      0x200 
                0x20403500                . = ALIGN (0x8)
                0x20403500                _eheap = .
                0x20403500                . = ALIGN (0x4)
                0x20403500                _end = .
                0x2045ffff                _ram_end_ = ((ORIGIN (ram) + 0x60000) - 0x1)
OUTPUT(ecgen2.elf elf32-littlearm)

.ARM.attributes
                0x00000000       0x33
 .ARM.attributes
                0x00000000       0x23 c:/program files (x86)/atmel/studio/7.0/toolchain/arm/arm-gnu-toolchain/bin/../lib/gcc/arm-none-eabi/4.9.3/cortex-m7/crti.o
 .ARM.attributes
                0x00000023       0x33 c:/program files (x86)/atmel/studio/7.0/toolchain/arm/arm-gnu-toolchain/bin/../lib/gcc/arm-none-eabi/4.9.3/cortex-m7/crtbegin.o
 .ARM.attributes
                0x00000056       0x37 src/ASF/common/services/clock/same70/sysclk.o
 .ARM.attributes
                0x0000008d       0x37 src/ASF/common/services/sleepmgr/sam/sleepmgr.o
 .ARM.attributes
                0x000000c4       0x37 src/ASF/common/utils/interrupt/interrupt_sam_nvic.o
 .ARM.attributes
                0x000000fb       0x37 src/ASF/common/utils/stdio/read.o
 .ARM.attributes
                0x00000132       0x37 src/ASF/common/utils/stdio/write.o
 .ARM.attributes
                0x00000169       0x37 src/ASF/sam/boards/same70_xplained/init.o
 .ARM.attributes
                0x000001a0       0x37 src/ASF/sam/drivers/afec/afec.o
 .ARM.attributes
                0x000001d7       0x37 src/ASF/sam/drivers/pio/pio.o
 .ARM.attributes
                0x0000020e       0x37 src/ASF/sam/drivers/pio/pio_handler.o
 .ARM.attributes
                0x00000245       0x37 src/ASF/sam/drivers/pmc/pmc.o
 .ARM.attributes
                0x0000027c       0x37 src/ASF/sam/drivers/pwm/pwm.o
 .ARM.attributes
                0x000002b3       0x37 src/ASF/sam/drivers/twihs/twihs.o
 .ARM.attributes
                0x000002ea       0x37 src/ASF/sam/drivers/uart/uart.o
 .ARM.attributes
                0x00000321       0x37 src/ASF/sam/drivers/usart/usart.o
 .ARM.attributes
                0x00000358       0x37 src/ASF/sam/utils/cmsis/same70/source/templates/gcc/startup_same70.o
 .ARM.attributes
                0x0000038f       0x37 src/ASF/sam/utils/cmsis/same70/source/templates/system_same70.o
 .ARM.attributes
                0x000003c6       0x37 src/ASF/sam/utils/syscalls/gcc/syscalls.o
 .ARM.attributes
                0x000003fd       0x37 src/pca9952.o
 .ARM.attributes
                0x00000434       0x37 src/serial_id_ds2411.o
 .ARM.attributes
                0x0000046b       0x37 src/usart_rs485_example_canopus.o
 .ARM.attributes
                0x000004a2       0x33 c:/program files (x86)/atmel/studio/7.0/toolchain/arm/arm-gnu-toolchain/bin/../lib/gcc/arm-none-eabi/4.9.3/../../../../arm-none-eabi/lib/cortex-m7\libc.a(lib_a-impure.o)
 .ARM.attributes
                0x000004d5       0x33 c:/program files (x86)/atmel/studio/7.0/toolchain/arm/arm-gnu-toolchain/bin/../lib/gcc/arm-none-eabi/4.9.3/../../../../arm-none-eabi/lib/cortex-m7\libc.a(lib_a-init.o)
 .ARM.attributes
                0x00000508       0x33 c:/program files (x86)/atmel/studio/7.0/toolchain/arm/arm-gnu-toolchain/bin/../lib/gcc/arm-none-eabi/4.9.3/../../../../arm-none-eabi/lib/cortex-m7\libc.a(lib_a-memset.o)
 .ARM.attributes
                0x0000053b       0x33 c:/program files (x86)/atmel/studio/7.0/toolchain/arm/arm-gnu-toolchain/bin/../lib/gcc/arm-none-eabi/4.9.3/../../../../arm-none-eabi/lib/cortex-m7\libc.a(lib_a-puts.o)
 .ARM.attributes
                0x0000056e       0x33 c:/program files (x86)/atmel/studio/7.0/toolchain/arm/arm-gnu-toolchain/bin/../lib/gcc/arm-none-eabi/4.9.3/../../../../arm-none-eabi/lib/cortex-m7\libc.a(lib_a-setbuf.o)
 .ARM.attributes
                0x000005a1       0x33 c:/program files (x86)/atmel/studio/7.0/toolchain/arm/arm-gnu-toolchain/bin/../lib/gcc/arm-none-eabi/4.9.3/../../../../arm-none-eabi/lib/cortex-m7\libc.a(lib_a-setvbuf.o)
 .ARM.attributes
                0x000005d4       0x33 c:/program files (x86)/atmel/studio/7.0/toolchain/arm/arm-gnu-toolchain/bin/../lib/gcc/arm-none-eabi/4.9.3/../../../../arm-none-eabi/lib/cortex-m7\libc.a(lib_a-sprintf.o)
 .ARM.attributes
                0x00000607       0x33 c:/program files (x86)/atmel/studio/7.0/toolchain/arm/arm-gnu-toolchain/bin/../lib/gcc/arm-none-eabi/4.9.3/../../../../arm-none-eabi/lib/cortex-m7\libc.a(lib_a-strlen.o)
 .ARM.attributes
                0x0000063a       0x33 c:/program files (x86)/atmel/studio/7.0/toolchain/arm/arm-gnu-toolchain/bin/../lib/gcc/arm-none-eabi/4.9.3/../../../../arm-none-eabi/lib/cortex-m7\libc.a(lib_a-svfprintf.o)
 .ARM.attributes
                0x0000066d       0x33 c:/program files (x86)/atmel/studio/7.0/toolchain/arm/arm-gnu-toolchain/bin/../lib/gcc/arm-none-eabi/4.9.3/../../../../arm-none-eabi/lib/cortex-m7\libc.a(lib_a-wbuf.o)
 .ARM.attributes
                0x000006a0       0x33 c:/program files (x86)/atmel/studio/7.0/toolchain/arm/arm-gnu-toolchain/bin/../lib/gcc/arm-none-eabi/4.9.3/../../../../arm-none-eabi/lib/cortex-m7\libc.a(lib_a-wsetup.o)
 .ARM.attributes
                0x000006d3       0x33 c:/program files (x86)/atmel/studio/7.0/toolchain/arm/arm-gnu-toolchain/bin/../lib/gcc/arm-none-eabi/4.9.3/../../../../arm-none-eabi/lib/cortex-m7\libc.a(lib_a-__call_atexit.o)
 .ARM.attributes
                0x00000706       0x33 c:/program files (x86)/atmel/studio/7.0/toolchain/arm/arm-gnu-toolchain/bin/../lib/gcc/arm-none-eabi/4.9.3/../../../../arm-none-eabi/lib/cortex-m7\libc.a(lib_a-atexit.o)
 .ARM.attributes
                0x00000739       0x33 c:/program files (x86)/atmel/studio/7.0/toolchain/arm/arm-gnu-toolchain/bin/../lib/gcc/arm-none-eabi/4.9.3/../../../../arm-none-eabi/lib/cortex-m7\libc.a(lib_a-dtoa.o)
 .ARM.attributes
                0x0000076c       0x33 c:/program files (x86)/atmel/studio/7.0/toolchain/arm/arm-gnu-toolchain/bin/../lib/gcc/arm-none-eabi/4.9.3/../../../../arm-none-eabi/lib/cortex-m7\libc.a(lib_a-fflush.o)
 .ARM.attributes
                0x0000079f       0x33 c:/program files (x86)/atmel/studio/7.0/toolchain/arm/arm-gnu-toolchain/bin/../lib/gcc/arm-none-eabi/4.9.3/../../../../arm-none-eabi/lib/cortex-m7\libc.a(lib_a-findfp.o)
 .ARM.attributes
                0x000007d2       0x33 c:/program files (x86)/atmel/studio/7.0/toolchain/arm/arm-gnu-toolchain/bin/../lib/gcc/arm-none-eabi/4.9.3/../../../../arm-none-eabi/lib/cortex-m7\libc.a(lib_a-fini.o)
 .ARM.attributes
                0x00000805       0x33 c:/program files (x86)/atmel/studio/7.0/toolchain/arm/arm-gnu-toolchain/bin/../lib/gcc/arm-none-eabi/4.9.3/../../../../arm-none-eabi/lib/cortex-m7\libc.a(lib_a-freer.o)
 .ARM.attributes
                0x00000838       0x33 c:/program files (x86)/atmel/studio/7.0/toolchain/arm/arm-gnu-toolchain/bin/../lib/gcc/arm-none-eabi/4.9.3/../../../../arm-none-eabi/lib/cortex-m7\libc.a(lib_a-fvwrite.o)
 .ARM.attributes
                0x0000086b       0x33 c:/program files (x86)/atmel/studio/7.0/toolchain/arm/arm-gnu-toolchain/bin/../lib/gcc/arm-none-eabi/4.9.3/../../../../arm-none-eabi/lib/cortex-m7\libc.a(lib_a-fwalk.o)
 .ARM.attributes
                0x0000089e       0x33 c:/program files (x86)/atmel/studio/7.0/toolchain/arm/arm-gnu-toolchain/bin/../lib/gcc/arm-none-eabi/4.9.3/../../../../arm-none-eabi/lib/cortex-m7\libc.a(lib_a-locale.o)
 .ARM.attributes
                0x000008d1       0x33 c:/program files (x86)/atmel/studio/7.0/toolchain/arm/arm-gnu-toolchain/bin/../lib/gcc/arm-none-eabi/4.9.3/../../../../arm-none-eabi/lib/cortex-m7\libc.a(lib_a-makebuf.o)
 .ARM.attributes
                0x00000904       0x33 c:/program files (x86)/atmel/studio/7.0/toolchain/arm/arm-gnu-toolchain/bin/../lib/gcc/arm-none-eabi/4.9.3/../../../../arm-none-eabi/lib/cortex-m7\libc.a(lib_a-malloc.o)
 .ARM.attributes
                0x00000937       0x33 c:/program files (x86)/atmel/studio/7.0/toolchain/arm/arm-gnu-toolchain/bin/../lib/gcc/arm-none-eabi/4.9.3/../../../../arm-none-eabi/lib/cortex-m7\libc.a(lib_a-mallocr.o)
 .ARM.attributes
                0x0000096a       0x33 c:/program files (x86)/atmel/studio/7.0/toolchain/arm/arm-gnu-toolchain/bin/../lib/gcc/arm-none-eabi/4.9.3/../../../../arm-none-eabi/lib/cortex-m7\libc.a(lib_a-memchr.o)
 .ARM.attributes
                0x0000099d       0x21 c:/program files (x86)/atmel/studio/7.0/toolchain/arm/arm-gnu-toolchain/bin/../lib/gcc/arm-none-eabi/4.9.3/../../../../arm-none-eabi/lib/cortex-m7\libc.a(lib_a-memcpy.o)
 .ARM.attributes
                0x000009be       0x33 c:/program files (x86)/atmel/studio/7.0/toolchain/arm/arm-gnu-toolchain/bin/../lib/gcc/arm-none-eabi/4.9.3/../../../../arm-none-eabi/lib/cortex-m7\libc.a(lib_a-memmove.o)
 .ARM.attributes
                0x000009f1       0x33 c:/program files (x86)/atmel/studio/7.0/toolchain/arm/arm-gnu-toolchain/bin/../lib/gcc/arm-none-eabi/4.9.3/../../../../arm-none-eabi/lib/cortex-m7\libc.a(lib_a-mlock.o)
 .ARM.attributes
                0x00000a24       0x33 c:/program files (x86)/atmel/studio/7.0/toolchain/arm/arm-gnu-toolchain/bin/../lib/gcc/arm-none-eabi/4.9.3/../../../../arm-none-eabi/lib/cortex-m7\libc.a(lib_a-mprec.o)
 .ARM.attributes
                0x00000a57       0x33 c:/program files (x86)/atmel/studio/7.0/toolchain/arm/arm-gnu-toolchain/bin/../lib/gcc/arm-none-eabi/4.9.3/../../../../arm-none-eabi/lib/cortex-m7\libc.a(lib_a-reallocr.o)
 .ARM.attributes
                0x00000a8a       0x33 c:/program files (x86)/atmel/studio/7.0/toolchain/arm/arm-gnu-toolchain/bin/../lib/gcc/arm-none-eabi/4.9.3/../../../../arm-none-eabi/lib/cortex-m7\libc.a(lib_a-s_fpclassify.o)
 .ARM.attributes
                0x00000abd       0x33 c:/program files (x86)/atmel/studio/7.0/toolchain/arm/arm-gnu-toolchain/bin/../lib/gcc/arm-none-eabi/4.9.3/../../../../arm-none-eabi/lib/cortex-m7\libc.a(lib_a-sbrkr.o)
 .ARM.attributes
                0x00000af0       0x33 c:/program files (x86)/atmel/studio/7.0/toolchain/arm/arm-gnu-toolchain/bin/../lib/gcc/arm-none-eabi/4.9.3/../../../../arm-none-eabi/lib/cortex-m7\libc.a(lib_a-stdio.o)
 .ARM.attributes
                0x00000b23       0x33 c:/program files (x86)/atmel/studio/7.0/toolchain/arm/arm-gnu-toolchain/bin/../lib/gcc/arm-none-eabi/4.9.3/../../../../arm-none-eabi/lib/cortex-m7\libc.a(lib_a-svfiprintf.o)
 .ARM.attributes
                0x00000b56       0x33 c:/program files (x86)/atmel/studio/7.0/toolchain/arm/arm-gnu-toolchain/bin/../lib/gcc/arm-none-eabi/4.9.3/../../../../arm-none-eabi/lib/cortex-m7\libc.a(lib_a-writer.o)
 .ARM.attributes
                0x00000b89       0x33 c:/program files (x86)/atmel/studio/7.0/toolchain/arm/arm-gnu-toolchain/bin/../lib/gcc/arm-none-eabi/4.9.3/../../../../arm-none-eabi/lib/cortex-m7\libc.a(lib_a-__atexit.o)
 .ARM.attributes
                0x00000bbc       0x33 c:/program files (x86)/atmel/studio/7.0/toolchain/arm/arm-gnu-toolchain/bin/../lib/gcc/arm-none-eabi/4.9.3/../../../../arm-none-eabi/lib/cortex-m7\libc.a(lib_a-callocr.o)
 .ARM.attributes
                0x00000bef       0x33 c:/program files (x86)/atmel/studio/7.0/toolchain/arm/arm-gnu-toolchain/bin/../lib/gcc/arm-none-eabi/4.9.3/../../../../arm-none-eabi/lib/cortex-m7\libc.a(lib_a-closer.o)
 .ARM.attributes
                0x00000c22       0x33 c:/program files (x86)/atmel/studio/7.0/toolchain/arm/arm-gnu-toolchain/bin/../lib/gcc/arm-none-eabi/4.9.3/../../../../arm-none-eabi/lib/cortex-m7\libc.a(lib_a-fclose.o)
 .ARM.attributes
                0x00000c55       0x33 c:/program files (x86)/atmel/studio/7.0/toolchain/arm/arm-gnu-toolchain/bin/../lib/gcc/arm-none-eabi/4.9.3/../../../../arm-none-eabi/lib/cortex-m7\libc.a(lib_a-fstatr.o)
 .ARM.attributes
                0x00000c88       0x33 c:/program files (x86)/atmel/studio/7.0/toolchain/arm/arm-gnu-toolchain/bin/../lib/gcc/arm-none-eabi/4.9.3/../../../../arm-none-eabi/lib/cortex-m7\libc.a(lib_a-isattyr.o)
 .ARM.attributes
                0x00000cbb       0x33 c:/program files (x86)/atmel/studio/7.0/toolchain/arm/arm-gnu-toolchain/bin/../lib/gcc/arm-none-eabi/4.9.3/../../../../arm-none-eabi/lib/cortex-m7\libc.a(lib_a-lseekr.o)
 .ARM.attributes
                0x00000cee       0x33 c:/program files (x86)/atmel/studio/7.0/toolchain/arm/arm-gnu-toolchain/bin/../lib/gcc/arm-none-eabi/4.9.3/../../../../arm-none-eabi/lib/cortex-m7\libc.a(lib_a-readr.o)
 .ARM.attributes
                0x00000d21       0x33 c:/program files (x86)/atmel/studio/7.0/toolchain/arm/arm-gnu-toolchain/bin/../lib/gcc/arm-none-eabi/4.9.3/../../../../arm-none-eabi/lib/cortex-m7\libc.a(lib_a-reent.o)
 .ARM.attributes
                0x00000d54       0x23 c:/program files (x86)/atmel/studio/7.0/toolchain/arm/arm-gnu-toolchain/bin/../lib/gcc/arm-none-eabi/4.9.3/cortex-m7\libgcc.a(_arm_addsubdf3.o)
 .ARM.attributes
                0x00000d77       0x23 c:/program files (x86)/atmel/studio/7.0/toolchain/arm/arm-gnu-toolchain/bin/../lib/gcc/arm-none-eabi/4.9.3/cortex-m7\libgcc.a(_arm_muldivdf3.o)
 .ARM.attributes
                0x00000d9a       0x23 c:/program files (x86)/atmel/studio/7.0/toolchain/arm/arm-gnu-toolchain/bin/../lib/gcc/arm-none-eabi/4.9.3/cortex-m7\libgcc.a(_arm_cmpdf2.o)
 .ARM.attributes
                0x00000dbd       0x23 c:/program files (x86)/atmel/studio/7.0/toolchain/arm/arm-gnu-toolchain/bin/../lib/gcc/arm-none-eabi/4.9.3/cortex-m7\libgcc.a(_arm_fixdfsi.o)
 .ARM.attributes
                0x00000de0       0x23 c:/program files (x86)/atmel/studio/7.0/toolchain/arm/arm-gnu-toolchain/bin/../lib/gcc/arm-none-eabi/4.9.3/cortex-m7\libgcc.a(_aeabi_uldivmod.o)
 .ARM.attributes
                0x00000e03       0x33 c:/program files (x86)/atmel/studio/7.0/toolchain/arm/arm-gnu-toolchain/bin/../lib/gcc/arm-none-eabi/4.9.3/cortex-m7\libgcc.a(bpabi.o)
 .ARM.attributes
                0x00000e36       0x23 c:/program files (x86)/atmel/studio/7.0/toolchain/arm/arm-gnu-toolchain/bin/../lib/gcc/arm-none-eabi/4.9.3/cortex-m7\libgcc.a(_dvmd_tls.o)
 .ARM.attributes
                0x00000e59       0x33 c:/program files (x86)/atmel/studio/7.0/toolchain/arm/arm-gnu-toolchain/bin/../lib/gcc/arm-none-eabi/4.9.3/cortex-m7\libgcc.a(_divdi3.o)
 .ARM.attributes
                0x00000e8c       0x33 c:/program files (x86)/atmel/studio/7.0/toolchain/arm/arm-gnu-toolchain/bin/../lib/gcc/arm-none-eabi/4.9.3/cortex-m7\libgcc.a(_udivdi3.o)
 .ARM.attributes
                0x00000ebf       0x23 c:/program files (x86)/atmel/studio/7.0/toolchain/arm/arm-gnu-toolchain/bin/../lib/gcc/arm-none-eabi/4.9.3/cortex-m7/crtn.o

.comment        0x00000000       0x5b
 .comment       0x00000000       0x5b src/ASF/common/services/clock/same70/sysclk.o
                                 0x5c (size before relaxing)
 .comment       0x00000000       0x5c src/ASF/common/services/sleepmgr/sam/sleepmgr.o
 .comment       0x00000000       0x5c src/ASF/common/utils/interrupt/interrupt_sam_nvic.o
 .comment       0x00000000       0x5c src/ASF/common/utils/stdio/read.o
 .comment       0x00000000       0x5c src/ASF/common/utils/stdio/write.o
 .comment       0x00000000       0x5c src/ASF/sam/boards/same70_xplained/init.o
 .comment       0x00000000       0x5c src/ASF/sam/drivers/afec/afec.o
 .comment       0x00000000       0x5c src/ASF/sam/drivers/pio/pio.o
 .comment       0x00000000       0x5c src/ASF/sam/drivers/pio/pio_handler.o
 .comment       0x00000000       0x5c src/ASF/sam/drivers/pmc/pmc.o
 .comment       0x00000000       0x5c src/ASF/sam/drivers/pwm/pwm.o
 .comment       0x00000000       0x5c src/ASF/sam/drivers/twihs/twihs.o
 .comment       0x00000000       0x5c src/ASF/sam/drivers/uart/uart.o
 .comment       0x00000000       0x5c src/ASF/sam/drivers/usart/usart.o
 .comment       0x00000000       0x5c src/ASF/sam/utils/cmsis/same70/source/templates/gcc/startup_same70.o
 .comment       0x00000000       0x5c src/ASF/sam/utils/cmsis/same70/source/templates/system_same70.o
 .comment       0x00000000       0x5c src/ASF/sam/utils/syscalls/gcc/syscalls.o
 .comment       0x00000000       0x5c src/pca9952.o
 .comment       0x00000000       0x5c src/serial_id_ds2411.o
 .comment       0x00000000       0x5c src/usart_rs485_example_canopus.o

.debug_info     0x00000000    0x11e9d
 .debug_info    0x00000000      0x755 src/ASF/common/services/clock/same70/sysclk.o
 .debug_info    0x00000755      0x172 src/ASF/common/services/sleepmgr/sam/sleepmgr.o
 .debug_info    0x000008c7      0x1e9 src/ASF/common/utils/interrupt/interrupt_sam_nvic.o
 .debug_info    0x00000ab0      0x1ae src/ASF/common/utils/stdio/read.o
 .debug_info    0x00000c5e      0x1bc src/ASF/common/utils/stdio/write.o
 .debug_info    0x00000e1a      0xf1c src/ASF/sam/boards/same70_xplained/init.o
 .debug_info    0x00001d36     0x1885 src/ASF/sam/drivers/afec/afec.o
 .debug_info    0x000035bb     0x16d7 src/ASF/sam/drivers/pio/pio.o
 .debug_info    0x00004c92     0x107a src/ASF/sam/drivers/pio/pio_handler.o
 .debug_info    0x00005d0c     0x1475 src/ASF/sam/drivers/pmc/pmc.o
 .debug_info    0x00007181     0x17dd src/ASF/sam/drivers/pwm/pwm.o
 .debug_info    0x0000895e      0xae7 src/ASF/sam/drivers/twihs/twihs.o
 .debug_info    0x00009445      0x745 src/ASF/sam/drivers/uart/uart.o
 .debug_info    0x00009b8a     0x16d8 src/ASF/sam/drivers/usart/usart.o
 .debug_info    0x0000b262      0xa12 src/ASF/sam/utils/cmsis/same70/source/templates/gcc/startup_same70.o
 .debug_info    0x0000bc74      0x570 src/ASF/sam/utils/cmsis/same70/source/templates/system_same70.o
 .debug_info    0x0000c1e4      0x434 src/ASF/sam/utils/syscalls/gcc/syscalls.o
 .debug_info    0x0000c618      0x56c src/pca9952.o
 .debug_info    0x0000cb84     0x1594 src/serial_id_ds2411.o
 .debug_info    0x0000e118     0x3d85 src/usart_rs485_example_canopus.o

.debug_abbrev   0x00000000     0x24a7
 .debug_abbrev  0x00000000      0x1c3 src/ASF/common/services/clock/same70/sysclk.o
 .debug_abbrev  0x000001c3       0xa9 src/ASF/common/services/sleepmgr/sam/sleepmgr.o
 .debug_abbrev  0x0000026c       0xef src/ASF/common/utils/interrupt/interrupt_sam_nvic.o
 .debug_abbrev  0x0000035b       0xdd src/ASF/common/utils/stdio/read.o
 .debug_abbrev  0x00000438       0xe6 src/ASF/common/utils/stdio/write.o
 .debug_abbrev  0x0000051e      0x294 src/ASF/sam/boards/same70_xplained/init.o
 .debug_abbrev  0x000007b2      0x376 src/ASF/sam/drivers/afec/afec.o
 .debug_abbrev  0x00000b28      0x1c6 src/ASF/sam/drivers/pio/pio.o
 .debug_abbrev  0x00000cee      0x202 src/ASF/sam/drivers/pio/pio_handler.o
 .debug_abbrev  0x00000ef0      0x229 src/ASF/sam/drivers/pmc/pmc.o
 .debug_abbrev  0x00001119      0x1de src/ASF/sam/drivers/pwm/pwm.o
 .debug_abbrev  0x000012f7      0x1fa src/ASF/sam/drivers/twihs/twihs.o
 .debug_abbrev  0x000014f1      0x169 src/ASF/sam/drivers/uart/uart.o
 .debug_abbrev  0x0000165a      0x1da src/ASF/sam/drivers/usart/usart.o
 .debug_abbrev  0x00001834      0x136 src/ASF/sam/utils/cmsis/same70/source/templates/gcc/startup_same70.o
 .debug_abbrev  0x0000196a       0xf5 src/ASF/sam/utils/cmsis/same70/source/templates/system_same70.o
 .debug_abbrev  0x00001a5f      0x11d src/ASF/sam/utils/syscalls/gcc/syscalls.o
 .debug_abbrev  0x00001b7c      0x11a src/pca9952.o
 .debug_abbrev  0x00001c96      0x33f src/serial_id_ds2411.o
 .debug_abbrev  0x00001fd5      0x4d2 src/usart_rs485_example_canopus.o

.debug_loc      0x00000000     0xa086
 .debug_loc     0x00000000      0x4a0 src/ASF/common/services/clock/same70/sysclk.o
 .debug_loc     0x000004a0       0xa0 src/ASF/common/utils/interrupt/interrupt_sam_nvic.o
 .debug_loc     0x00000540       0x50 src/ASF/common/utils/stdio/read.o
 .debug_loc     0x00000590       0x50 src/ASF/common/utils/stdio/write.o
 .debug_loc     0x000005e0      0x32c src/ASF/sam/boards/same70_xplained/init.o
 .debug_loc     0x0000090c      0xbd8 src/ASF/sam/drivers/afec/afec.o
 .debug_loc     0x000014e4     0x17ec src/ASF/sam/drivers/pio/pio.o
 .debug_loc     0x00002cd0      0x38c src/ASF/sam/drivers/pio/pio_handler.o
 .debug_loc     0x0000305c     0x1714 src/ASF/sam/drivers/pmc/pmc.o
 .debug_loc     0x00004770      0xeb2 src/ASF/sam/drivers/pwm/pwm.o
 .debug_loc     0x00005622      0x978 src/ASF/sam/drivers/twihs/twihs.o
 .debug_loc     0x00005f9a      0x8a0 src/ASF/sam/drivers/uart/uart.o
 .debug_loc     0x0000683a     0x1e4c src/ASF/sam/drivers/usart/usart.o
 .debug_loc     0x00008686       0x64 src/ASF/sam/utils/cmsis/same70/source/templates/gcc/startup_same70.o
 .debug_loc     0x000086ea       0xe4 src/ASF/sam/utils/cmsis/same70/source/templates/system_same70.o
 .debug_loc     0x000087ce      0x300 src/ASF/sam/utils/syscalls/gcc/syscalls.o
 .debug_loc     0x00008ace      0x192 src/pca9952.o
 .debug_loc     0x00008c60      0x694 src/serial_id_ds2411.o
 .debug_loc     0x000092f4      0xd92 src/usart_rs485_example_canopus.o

.debug_aranges  0x00000000     0x10e0
 .debug_aranges
                0x00000000       0x98 src/ASF/common/services/clock/same70/sysclk.o
 .debug_aranges
                0x00000098       0x18 src/ASF/common/services/sleepmgr/sam/sleepmgr.o
 .debug_aranges
                0x000000b0       0x28 src/ASF/common/utils/interrupt/interrupt_sam_nvic.o
 .debug_aranges
                0x000000d8       0x20 src/ASF/common/utils/stdio/read.o
 .debug_aranges
                0x000000f8       0x20 src/ASF/common/utils/stdio/write.o
 .debug_aranges
                0x00000118       0x68 src/ASF/sam/boards/same70_xplained/init.o
 .debug_aranges
                0x00000180      0x140 src/ASF/sam/drivers/afec/afec.o
 .debug_aranges
                0x000002c0      0x238 src/ASF/sam/drivers/pio/pio.o
 .debug_aranges
                0x000004f8       0x80 src/ASF/sam/drivers/pio/pio_handler.o
 .debug_aranges
                0x00000578      0x250 src/ASF/sam/drivers/pmc/pmc.o
 .debug_aranges
                0x000007c8      0x160 src/ASF/sam/drivers/pwm/pwm.o
 .debug_aranges
                0x00000928       0xf0 src/ASF/sam/drivers/twihs/twihs.o
 .debug_aranges
                0x00000a18       0xd8 src/ASF/sam/drivers/uart/uart.o
 .debug_aranges
                0x00000af0      0x2c8 src/ASF/sam/drivers/usart/usart.o
 .debug_aranges
                0x00000db8       0x28 src/ASF/sam/utils/cmsis/same70/source/templates/gcc/startup_same70.o
 .debug_aranges
                0x00000de0       0x30 src/ASF/sam/utils/cmsis/same70/source/templates/system_same70.o
 .debug_aranges
                0x00000e10       0x60 src/ASF/sam/utils/syscalls/gcc/syscalls.o
 .debug_aranges
                0x00000e70       0x40 src/pca9952.o
 .debug_aranges
                0x00000eb0       0xb8 src/serial_id_ds2411.o
 .debug_aranges
                0x00000f68      0x178 src/usart_rs485_example_canopus.o

.debug_ranges   0x00000000      0xf98
 .debug_ranges  0x00000000       0x88 src/ASF/common/services/clock/same70/sysclk.o
 .debug_ranges  0x00000088       0x18 src/ASF/common/utils/interrupt/interrupt_sam_nvic.o
 .debug_ranges  0x000000a0       0x10 src/ASF/common/utils/stdio/read.o
 .debug_ranges  0x000000b0       0x10 src/ASF/common/utils/stdio/write.o
 .debug_ranges  0x000000c0       0x58 src/ASF/sam/boards/same70_xplained/init.o
 .debug_ranges  0x00000118      0x130 src/ASF/sam/drivers/afec/afec.o
 .debug_ranges  0x00000248      0x228 src/ASF/sam/drivers/pio/pio.o
 .debug_ranges  0x00000470       0x70 src/ASF/sam/drivers/pio/pio_handler.o
 .debug_ranges  0x000004e0      0x240 src/ASF/sam/drivers/pmc/pmc.o
 .debug_ranges  0x00000720      0x150 src/ASF/sam/drivers/pwm/pwm.o
 .debug_ranges  0x00000870       0xe0 src/ASF/sam/drivers/twihs/twihs.o
 .debug_ranges  0x00000950       0xc8 src/ASF/sam/drivers/uart/uart.o
 .debug_ranges  0x00000a18      0x2b8 src/ASF/sam/drivers/usart/usart.o
 .debug_ranges  0x00000cd0       0x18 src/ASF/sam/utils/cmsis/same70/source/templates/gcc/startup_same70.o
 .debug_ranges  0x00000ce8       0x20 src/ASF/sam/utils/cmsis/same70/source/templates/system_same70.o
 .debug_ranges  0x00000d08       0x50 src/ASF/sam/utils/syscalls/gcc/syscalls.o
 .debug_ranges  0x00000d58       0x30 src/pca9952.o
 .debug_ranges  0x00000d88       0xa8 src/serial_id_ds2411.o
 .debug_ranges  0x00000e30      0x168 src/usart_rs485_example_canopus.o

.debug_macro    0x00000000    0x1fd73
 .debug_macro   0x00000000      0x64a src/ASF/common/services/clock/same70/sysclk.o
 .debug_macro   0x0000064a      0x8a4 src/ASF/common/services/clock/same70/sysclk.o
 .debug_macro   0x00000eee      0x636 src/ASF/common/services/clock/same70/sysclk.o
 .debug_macro   0x00001524       0x3a src/ASF/common/services/clock/same70/sysclk.o
 .debug_macro   0x0000155e      0x166 src/ASF/common/services/clock/same70/sysclk.o
 .debug_macro   0x000016c4       0x76 src/ASF/common/services/clock/same70/sysclk.o
 .debug_macro   0x0000173a       0x16 src/ASF/common/services/clock/same70/sysclk.o
 .debug_macro   0x00001750      0x6e4 src/ASF/common/services/clock/same70/sysclk.o
 .debug_macro   0x00001e34       0x22 src/ASF/common/services/clock/same70/sysclk.o
 .debug_macro   0x00001e56       0x44 src/ASF/common/services/clock/same70/sysclk.o
 .debug_macro   0x00001e9a       0x58 src/ASF/common/services/clock/same70/sysclk.o
 .debug_macro   0x00001ef2       0x22 src/ASF/common/services/clock/same70/sysclk.o
 .debug_macro   0x00001f14      0x1df src/ASF/common/services/clock/same70/sysclk.o
 .debug_macro   0x000020f3       0x4a src/ASF/common/services/clock/same70/sysclk.o
 .debug_macro   0x0000213d       0x3b src/ASF/common/services/clock/same70/sysclk.o
 .debug_macro   0x00002178       0x2d src/ASF/common/services/clock/same70/sysclk.o
 .debug_macro   0x000021a5       0x26 src/ASF/common/services/clock/same70/sysclk.o
 .debug_macro   0x000021cb      0xf9a src/ASF/common/services/clock/same70/sysclk.o
 .debug_macro   0x00003165      0x175 src/ASF/common/services/clock/same70/sysclk.o